Component: ARM Compiler 5.06 update 5 (build 528) Tool: armlink [4d35e2]

==============================================================================

Section Cross References

    stm32f10x_adc.o(i.ADC_DeInit) refers to stm32f10x_rcc.o(i.RCC_APB2PeriphResetCmd) for RCC_APB2PeriphResetCmd
    stm32f10x_bkp.o(i.BKP_DeInit) refers to stm32f10x_rcc.o(i.RCC_BackupResetCmd) for RCC_BackupResetCmd
    stm32f10x_can.o(i.CAN_DeInit) refers to stm32f10x_rcc.o(i.RCC_APB1PeriphResetCmd) for RCC_APB1PeriphResetCmd
    stm32f10x_can.o(i.CAN_GetITStatus) refers to stm32f10x_can.o(i.CheckITStatus) for CheckITStatus
    stm32f10x_cec.o(i.CEC_DeInit) refers to stm32f10x_rcc.o(i.RCC_APB1PeriphResetCmd) for RCC_APB1PeriphResetCmd
    stm32f10x_dac.o(i.DAC_DeInit) refers to stm32f10x_rcc.o(i.RCC_APB1PeriphResetCmd) for RCC_APB1PeriphResetCmd
    stm32f10x_flash.o(i.FLASH_EnableWriteProtection) refers to stm32f10x_flash.o(i.FLASH_WaitForLastOperation) for FLASH_WaitForLastOperation
    stm32f10x_flash.o(i.FLASH_EraseAllBank1Pages) refers to stm32f10x_flash.o(i.FLASH_WaitForLastBank1Operation) for FLASH_WaitForLastBank1Operation
    stm32f10x_flash.o(i.FLASH_EraseAllPages) refers to stm32f10x_flash.o(i.FLASH_WaitForLastOperation) for FLASH_WaitForLastOperation
    stm32f10x_flash.o(i.FLASH_EraseOptionBytes) refers to stm32f10x_flash.o(i.FLASH_GetReadOutProtectionStatus) for FLASH_GetReadOutProtectionStatus
    stm32f10x_flash.o(i.FLASH_EraseOptionBytes) refers to stm32f10x_flash.o(i.FLASH_WaitForLastOperation) for FLASH_WaitForLastOperation
    stm32f10x_flash.o(i.FLASH_ErasePage) refers to stm32f10x_flash.o(i.FLASH_WaitForLastOperation) for FLASH_WaitForLastOperation
    stm32f10x_flash.o(i.FLASH_ProgramHalfWord) refers to stm32f10x_flash.o(i.FLASH_WaitForLastOperation) for FLASH_WaitForLastOperation
    stm32f10x_flash.o(i.FLASH_ProgramOptionByteData) refers to stm32f10x_flash.o(i.FLASH_WaitForLastOperation) for FLASH_WaitForLastOperation
    stm32f10x_flash.o(i.FLASH_ProgramWord) refers to stm32f10x_flash.o(i.FLASH_WaitForLastOperation) for FLASH_WaitForLastOperation
    stm32f10x_flash.o(i.FLASH_ReadOutProtection) refers to stm32f10x_flash.o(i.FLASH_WaitForLastOperation) for FLASH_WaitForLastOperation
    stm32f10x_flash.o(i.FLASH_UserOptionByteConfig) refers to stm32f10x_flash.o(i.FLASH_WaitForLastOperation) for FLASH_WaitForLastOperation
    stm32f10x_flash.o(i.FLASH_WaitForLastBank1Operation) refers to stm32f10x_flash.o(i.FLASH_GetBank1Status) for FLASH_GetBank1Status
    stm32f10x_flash.o(i.FLASH_WaitForLastOperation) refers to stm32f10x_flash.o(i.FLASH_GetBank1Status) for FLASH_GetBank1Status
    stm32f10x_gpio.o(i.GPIO_AFIODeInit) refers to stm32f10x_rcc.o(i.RCC_APB2PeriphResetCmd) for RCC_APB2PeriphResetCmd
    stm32f10x_gpio.o(i.GPIO_DeInit) refers to stm32f10x_rcc.o(i.RCC_APB2PeriphResetCmd) for RCC_APB2PeriphResetCmd
    stm32f10x_i2c.o(i.I2C_DeInit) refers to stm32f10x_rcc.o(i.RCC_APB1PeriphResetCmd) for RCC_APB1PeriphResetCmd
    stm32f10x_i2c.o(i.I2C_Init) refers to stm32f10x_rcc.o(i.RCC_GetClocksFreq) for RCC_GetClocksFreq
    stm32f10x_pwr.o(i.PWR_DeInit) refers to stm32f10x_rcc.o(i.RCC_APB1PeriphResetCmd) for RCC_APB1PeriphResetCmd
    stm32f10x_rcc.o(i.RCC_GetClocksFreq) refers to stm32f10x_rcc.o(.data) for APBAHBPrescTable
    stm32f10x_rcc.o(i.RCC_WaitForHSEStartUp) refers to stm32f10x_rcc.o(i.RCC_GetFlagStatus) for RCC_GetFlagStatus
    stm32f10x_rtc.o(i.RTC_SetAlarm) refers to stm32f10x_rtc.o(i.RTC_EnterConfigMode) for RTC_EnterConfigMode
    stm32f10x_rtc.o(i.RTC_SetAlarm) refers to stm32f10x_rtc.o(i.RTC_ExitConfigMode) for RTC_ExitConfigMode
    stm32f10x_rtc.o(i.RTC_SetCounter) refers to stm32f10x_rtc.o(i.RTC_EnterConfigMode) for RTC_EnterConfigMode
    stm32f10x_rtc.o(i.RTC_SetCounter) refers to stm32f10x_rtc.o(i.RTC_ExitConfigMode) for RTC_ExitConfigMode
    stm32f10x_rtc.o(i.RTC_SetPrescaler) refers to stm32f10x_rtc.o(i.RTC_EnterConfigMode) for RTC_EnterConfigMode
    stm32f10x_rtc.o(i.RTC_SetPrescaler) refers to stm32f10x_rtc.o(i.RTC_ExitConfigMode) for RTC_ExitConfigMode
    stm32f10x_spi.o(i.I2S_Init) refers to stm32f10x_rcc.o(i.RCC_GetClocksFreq) for RCC_GetClocksFreq
    stm32f10x_spi.o(i.SPI_I2S_DeInit) refers to stm32f10x_rcc.o(i.RCC_APB2PeriphResetCmd) for RCC_APB2PeriphResetCmd
    stm32f10x_spi.o(i.SPI_I2S_DeInit) refers to stm32f10x_rcc.o(i.RCC_APB1PeriphResetCmd) for RCC_APB1PeriphResetCmd
    stm32f10x_tim.o(i.TIM_DeInit) refers to stm32f10x_rcc.o(i.RCC_APB2PeriphResetCmd) for RCC_APB2PeriphResetCmd
    stm32f10x_tim.o(i.TIM_DeInit) refers to stm32f10x_rcc.o(i.RCC_APB1PeriphResetCmd) for RCC_APB1PeriphResetCmd
    stm32f10x_tim.o(i.TIM_ETRClockMode1Config) refers to stm32f10x_tim.o(i.TIM_ETRConfig) for TIM_ETRConfig
    stm32f10x_tim.o(i.TIM_ETRClockMode2Config) refers to stm32f10x_tim.o(i.TIM_ETRConfig) for TIM_ETRConfig
    stm32f10x_tim.o(i.TIM_ICInit) refers to stm32f10x_tim.o(i.TI1_Config) for TI1_Config
[...]
    Removing stm32f10x_usart.o(i.USART_WakeUpConfig), (18 bytes).
    Removing stm32f10x_wwdg.o(i.WWDG_ClearFlag), (12 bytes).
    Removing stm32f10x_wwdg.o(i.WWDG_DeInit), (22 bytes).
    Removing stm32f10x_wwdg.o(i.WWDG_Enable), (16 bytes).
    Removing stm32f10x_wwdg.o(i.WWDG_EnableIT), (12 bytes).
    Removing stm32f10x_wwdg.o(i.WWDG_GetFlagStatus), (12 bytes).
    Removing stm32f10x_wwdg.o(i.WWDG_SetCounter), (16 bytes).
    Removing stm32f10x_wwdg.o(i.WWDG_SetPrescaler), (24 bytes).
    Removing stm32f10x_wwdg.o(i.WWDG_SetWindowValue), (40 bytes).
    Removing core_cm3.o(.emb_text), (32 bytes).
    Removing system_stm32f10x.o(i.SystemCoreClockUpdate), (164 bytes).
    Removing system_stm32f10x.o(.data), (20 bytes).
    Removing diskio.o(i.disk_ioctl), (80 bytes).
    Removing diskio.o(i.get_fattime), (8 bytes).
    Removing ff.o(i.f_stat), (70 bytes).
    Removing oled.o(i.OLED_Clear), (42 bytes).
    Removing oled.o(i.OLED_I2C_Init), (80 bytes).
    Removing oled.o(i.OLED_I2C_SendByte), (92 bytes).
    Removing oled.o(i.OLED_I2C_Start), (52 bytes).
    Removing oled.o(i.OLED_I2C_Stop), (40 bytes).
    Removing oled.o(i.OLED_Init), (174 bytes).
    Removing oled.o(i.OLED_Pow), (20 bytes).
    Removing oled.o(i.OLED_SetCursor), (34 bytes).
    Removing oled.o(i.OLED_ShowBinNum), (62 bytes).
    Removing oled.o(i.OLED_ShowChar), (116 bytes).
    Removing oled.o(i.OLED_ShowHexNum), (84 bytes).
    Removing oled.o(i.OLED_ShowNum), (68 bytes).
    Removing oled.o(i.OLED_ShowSignedNum), (102 bytes).
    Removing oled.o(i.OLED_ShowString), (40 bytes).
    Removing oled.o(i.OLED_WriteCommand), (32 bytes).
    Removing oled.o(i.OLED_WriteData), (32 bytes).
    Removing oled.o(.constdata), (1520 bytes).
    Removing serial.o(i.Serial_SendArray), (22 bytes).
    Removing serial.o(i.Serial_SendHex32), (34 bytes).
    Removing serial.o(i.Serial_getData), (12 bytes).
    Removing serial.o(i.Serial_getFlag), (28 bytes).
    Removing hw226.o(i.Delay_ms), (28 bytes).
    Removing hw226.o(i.Read_Big_Endian16), (14 bytes).
    Removing hw226.o(i.Read_Big_Endian32), (30 bytes).
    Removing hw226.o(i.SD_Init_Check), (104 bytes).
    Removing hw226.o(i.SD_Test), (104 bytes).
    Removing hw226.o(i.SD_WaitReady), (40 bytes).
    Removing wav.o(i.FAT32_ReadFile), (212 bytes).
    Removing wav.o(i.FAT32_ReadFileData), (76 bytes).
    Removing wav.o(i.Play_WAV), (528 bytes).
    Removing wav.o(i.WAV_Test), (356 bytes).
    Removing audio_pwm.o(i.Audio_PWM_SetSample), (22 bytes).
    Removing audio_timer.o(i.Audio_PWM_PA0_Close), (64 bytes).
    Removing main.o(.data), (1 bytes).

472 unused section(s) (total 21613 bytes) removed from the image.

==============================================================================

Image Symbol Table

    Local Symbols

    Symbol Name                              Value     Ov Type        Size  Object(Section)

    ../clib/angel/boardlib.s                 0x00000000   Number         0  boardinit1.o ABSOLUTE
    ../clib/angel/boardlib.s                 0x00000000   Number         0  boardinit2.o ABSOLUTE
    ../clib/angel/boardlib.s                 0x00000000   Number         0  boardshut.o ABSOLUTE
    ../clib/angel/boardlib.s                 0x00000000   Number         0  boardinit3.o ABSOLUTE
    ../clib/angel/handlers.s                 0x00000000   Number         0  __scatter_copy.o ABSOLUTE
    ../clib/angel/handlers.s                 0x00000000   Number         0  __scatter_zi.o ABSOLUTE
    ../clib/angel/kernel.s                   0x00000000   Number         0  rtexit2.o ABSOLUTE
    ../clib/angel/kernel.s                   0x00000000   Number         0  __rtentry.o ABSOLUTE
    ../clib/angel/kernel.s                   0x00000000   Number         0  __rtentry4.o ABSOLUTE
    ../clib/angel/kernel.s                   0x00000000   Number         0  __rtentry2.o ABSOLUTE
    ../clib/angel/kernel.s                   0x00000000   Number         0  rtexit.o ABSOLUTE
    ../clib/angel/rt.s                       0x00000000   Number         0  rt_raise.o ABSOLUTE
    ../clib/angel/scatter.s                  0x00000000   Number         0  __scatter.o ABSOLUTE
    ../clib/angel/startup.s                  0x00000000   Number         0  __main.o ABSOLUTE
    ../clib/angel/sys.s                      0x00000000   Number         0  libspace.o ABSOLUTE
    ../clib/angel/sys.s                      0x00000000   Number         0  sys_stackheap_outer.o ABSOLUTE
    ../clib/angel/sys.s                      0x00000000   Number         0  indicate_semi.o ABSOLUTE
    ../clib/angel/sys.s                      0x00000000   Number         0  use_no_semi.o ABSOLUTE
    ../clib/angel/sysapp.c                   0x00000000   Number         0  sys_wrch.o ABSOLUTE
    ../clib/angel/sysapp.c                   0x00000000   Number         0  sys_exit.o ABSOLUTE
    ../clib/angel/sysapp.c                   0x00000000   Number         0  sys_command.o ABSOLUTE
    ../clib/armsys.c                         0x00000000   Number         0  _get_argv_nomalloc.o ABSOLUTE
    ../clib/armsys.c                         0x00000000   Number         0  no_argv.o ABSOLUTE
    ../clib/armsys.c                         0x00000000   Number         0  argv_veneer.o ABSOLUTE
    ../clib/armsys.c                         0x00000000   Number         0  argv_veneer.o ABSOLUTE
    ../clib/heapalloc.c                      0x00000000   Number         0  hrguard.o ABSOLUTE
    ../clib/heapaux.c                        0x00000000   Number         0  heapauxi.o ABSOLUTE
    ../clib/libinit.s                        0x00000000   Number         0  libinit2.o ABSOLUTE
    ../clib/libinit.s                        0x00000000   Number         0  libinit.o ABSOLUTE
    ../clib/libinit.s                        0x00000000   Number         0  libshutdown2.o ABSOLUTE
    ../clib/libinit.s                        0x00000000   Number         0  libshutdown.o ABSOLUTE
    ../clib/memcpset.s                       0x00000000   Number         0  rt_memclr.o ABSOLUTE
    ../clib/memcpset.s                       0x00000000   Number         0  rt_memclr_w.o ABSOLUTE
    ../clib/memcpset.s                       0x00000000   Number         0  rt_memcpy_w.o ABSOLUTE
    ../clib/memcpset.s                       0x00000000   Number         0  rt_memcpy_v6.o ABSOLUTE
    ../clib/memcpset.s                       0x00000000   Number         0  aeabi_memset.o ABSOLUTE
    ../clib/signal.c                         0x00000000   Number         0  defsig_abrt_inner.o ABSOLUTE
    ../clib/signal.c                         0x00000000   Number         0  defsig_general.o ABSOLUTE
    ../clib/signal.c                         0x00000000   Number         0  defsig_exit.o ABSOLUTE
    ../clib/signal.c                         0x00000000   Number         0  defsig_rtmem_outer.o ABSOLUTE
    ../clib/signal.c                         0x00000000   Number         0  defsig_rtmem_formal.o ABSOLUTE
    ../clib/signal.c                         0x00000000   Number         0  defsig_fpe_inner.o ABSOLUTE
    ../clib/signal.c                         0x00000000   Number         0  defsig_rtred_inner.o ABSOLUTE
    ../clib/signal.c                         0x00000000   Number         0  defsig_stak_inner.o ABSOLUTE
    ../clib/signal.c                         0x00000000   Number         0  defsig_pvfn_inner.o ABSOLUTE
    ../clib/signal.c                         0x00000000   Number         0  defsig_cppl_inner.o ABSOLUTE
    ../clib/signal.c                         0x00000000   Number         0  defsig_segv_inner.o ABSOLUTE
    ../clib/signal.c                         0x00000000   Number         0  defsig_other.o ABSOLUTE
    ../clib/signal.c                         0x00000000   Number         0  __raise.o ABSOLUTE
    ../clib/signal.c                         0x00000000   Number         0  defsig_rtmem_inner.o ABSOLUTE
    ../clib/signal.s                         0x00000000   Number         0  defsig.o ABSOLUTE
    ../clib/stdlib.c                         0x00000000   Number         0  exit.o ABSOLUTE
    ../clib/string.c                         0x00000000   Number         0  memcmp.o ABSOLUTE
    ../clib/string.c                         0x00000000   Number         0  strcpy.o ABSOLUTE
    ../clib/string.c                         0x00000000   Number         0  strchr.o ABSOLUTE
    ../clib/string.c                         0x00000000   Number         0  strcat.o ABSOLUTE
    ../fplib/fpinit.s                        0x00000000   Number         0  fpinit.o ABSOLUTE
    App\Aduio_Player.c                       0x00000000   Number         0  aduio_player.o ABSOLUTE
    FatFs\diskio.c                           0x00000000   Number         0  diskio.o ABSOLUTE
    FatFs\ff.c                               0x00000000   Number         0  ff.o ABSOLUTE
    FatFs\ffsystem.c                         0x00000000   Number         0  ffsystem.o ABSOLUTE
    FatFs\ffunicode.c                        0x00000000   Number         0  ffunicode.o ABSOLUTE
    Hardware\Audio_PWM.c                     0x00000000   Number         0  audio_pwm.o ABSOLUTE
    Hardware\Audio_Timer.c                   0x00000000   Number         0  audio_timer.o ABSOLUTE
    Hardware\HW226.c                         0x00000000   Number         0  hw226.o ABSOLUTE
    Hardware\Key.c                           0x00000000   Number         0  key.o ABSOLUTE
    Hardware\MyDMA.c                         0x00000000   Number         0  mydma.o ABSOLUTE
    Hardware\OLED.c                          0x00000000   Number         0  oled.o ABSOLUTE
    Hardware\SPI_hardware.c                  0x00000000   Number         0  spi_hardware.o ABSOLUTE
    Hardware\Serial.c                        0x00000000   Number         0  serial.o ABSOLUTE
    Hardware\Wav.c                           0x00000000   Number         0  wav.o ABSOLUTE
    Library\misc.c                           0x00000000   Number         0  misc.o ABSOLUTE
    Library\stm32f10x_adc.c                  0x00000000   Number         0  stm32f10x_adc.o ABSOLUTE
    Library\stm32f10x_bkp.c                  0x00000000   Number         0  stm32f10x_bkp.o ABSOLUTE
    Library\stm32f10x_can.c                  0x00000000   Number         0  stm32f10x_can.o ABSOLUTE
    Library\stm32f10x_cec.c                  0x00000000   Number         0  stm32f10x_cec.o ABSOLUTE
    Library\stm32f10x_crc.c                  0x00000000   Number         0  stm32f10x_crc.o ABSOLUTE
    Library\stm32f10x_dac.c                  0x00000000   Number         0  stm32f10x_dac.o ABSOLUTE
    Library\stm32f10x_dbgmcu.c               0x00000000   Number         0  stm32f10x_dbgmcu.o ABSOLUTE
    Library\stm32f10x_dma.c                  0x00000000   Number         0  stm32f10x_dma.o ABSOLUTE
    Library\stm32f10x_exti.c                 0x00000000   Number         0  stm32f10x_exti.o ABSOLUTE
    Library\stm32f10x_flash.c                0x00000000   Number         0  stm32f10x_flash.o ABSOLUTE
    Library\stm32f10x_fsmc.c                 0x00000000   Number         0  stm32f10x_fsmc.o ABSOLUTE
    Library\stm32f10x_gpio.c                 0x00000000   Number         0  stm32f10x_gpio.o ABSOLUTE
    Library\stm32f10x_i2c.c                  0x00000000   Number         0  stm32f10x_i2c.o ABSOLUTE
    Library\stm32f10x_iwdg.c                 0x00000000   Number         0  stm32f10x_iwdg.o ABSOLUTE
    Library\stm32f10x_pwr.c                  0x00000000   Number         0  stm32f10x_pwr.o ABSOLUTE
    Library\stm32f10x_rcc.c                  0x00000000   Number         0  stm32f10x_rcc.o ABSOLUTE
    Library\stm32f10x_rtc.c                  0x00000000   Number         0  stm32f10x_rtc.o ABSOLUTE
    Library\stm32f10x_sdio.c                 0x00000000   Number         0  stm32f10x_sdio.o ABSOLUTE
    Library\stm32f10x_spi.c                  0x00000000   Number         0  stm32f10x_spi.o ABSOLUTE
    Library\stm32f10x_tim.c                  0x00000000   Number         0  stm32f10x_tim.o ABSOLUTE
    Library\stm32f10x_usart.c                0x00000000   Number         0  stm32f10x_usart.o ABSOLUTE
    Library\stm32f10x_wwdg.c                 0x00000000   Number         0  stm32f10x_wwdg.o ABSOLUTE
    User\main.c                              0x00000000   Number         0  main.o ABSOLUTE
    User\stm32f10x_it.c                      0x00000000   Number         0  stm32f10x_it.o ABSOLUTE
    dc.s                                     0x00000000   Number         0  dc.o ABSOLUTE
    start\\core_cm3.c                        0x00000000   Number         0  core_cm3.o ABSOLUTE
    start\core_cm3.c                         0x00000000   Number         0  core_cm3.o ABSOLUTE
    start\startup_stm32f10x_md.s             0x00000000   Number         0  startup_stm32f10x_md.o ABSOLUTE
    start\system_stm32f10x.c                 0x00000000   Number         0  system_stm32f10x.o ABSOLUTE
    RESET                                    0x08000000   Section      236  startup_stm32f10x_md.o(RESET)
    !!!main                                  0x080000ec   Section        8  __main.o(!!!main)
    !!!scatter                               0x080000f4   Section       52  __scatter.o(!!!scatter)
    !!handler_copy                           0x08000128   Section       26  __scatter_copy.o(!!handler_copy)
    !!handler_zi                             0x08000144   Section       28  __scatter_zi.o(!!handler_zi)
    .ARM.Collect$$libinit$$00000000          0x08000160   Section        2  libinit.o(.ARM.Collect$$libinit$$00000000)
    .ARM.Collect$$libinit$$00000002          0x08000162   Section        0  libinit2.o(.ARM.Collect$$libinit$$00000002)
    .ARM.Collect$$libinit$$00000004          0x08000162   Section        0  libinit2.o(.ARM.Collect$$libinit$$00000004)
    .ARM.Collect$$libinit$$0000000A          0x08000162   Section        0  libinit2.o(.ARM.Collect$$libinit$$0000000A)
    .ARM.Collect$$libinit$$0000000C          0x08000162   Section        0  libinit2.o(.ARM.Collect$$libinit$$0000000C)
    .ARM.Collect$$libinit$$0000000E          0x08000162   Section        0  libinit2.o(.ARM.Collect$$libinit$$0000000E)
    .ARM.Collect$$libinit$$00000011          0x08000162   Section        0  libinit2.o(.ARM.Collect$$libinit$$00000011)
    .ARM.Collect$$libinit$$00000013          0x08000162   Section        0  libinit2.o(.ARM.Collect$$libinit$$00000013)
    .ARM.Collect$$libinit$$00000015          0x08000162   Section        0  libinit2.o(.ARM.Collect$$libinit$$00000015)
    .ARM.Collect$$libinit$$00000017          0x08000162   Section        0  libinit2.o(.ARM.Collect$$libinit$$00000017)
    .ARM.Collect$$libinit$$00000019          0x08000162   Section        0  libinit2.o(.ARM.Collect$$libinit$$00000019)
    .ARM.Collect$$libinit$$0000001B          0x08000162   Section        0  libinit2.o(.ARM.Collect$$libinit$$0000001B)
    .ARM.Collect$$libinit$$0000001D          0x08000162   Section        0  libinit2.o(.ARM.Collect$$libinit$$0000001D)
    .ARM.Collect$$libinit$$0000001F          0x08000162   Section        0  libinit2.o(.ARM.Collect$$libinit$$0000001F)
    .ARM.Collect$$libinit$$00000021          0x08000162   Section        0  libinit2.o(.ARM.Collect$$libinit$$00000021)
    .ARM.Collect$$libinit$$00000023          0x08000162   Section        0  libinit2.o(.ARM.Collect$$libinit$$00000023)
    .ARM.Collect$$libinit$$00000025          0x08000162   Section        0  libinit2.o(.ARM.Collect$$libinit$$00000025)
    .ARM.Collect$$libinit$$0000002C          0x08000162   Section        0  libinit2.o(.ARM.Collect$$libinit$$0000002C)
    .ARM.Collect$$libinit$$0000002E          0x08000162   Section        0  libinit2.o(.ARM.Collect$$libinit$$0000002E)
    .ARM.Collect$$libinit$$00000030          0x08000162   Section        0  libinit2.o(.ARM.Collect$$libinit$$00000030)
    .ARM.Collect$$libinit$$00000032          0x08000162   Section        0  libinit2.o(.ARM.Collect$$libinit$$00000032)
    .ARM.Collect$$libinit$$00000033          0x08000162   Section        2  libinit2.o(.ARM.Collect$$libinit$$00000033)
    .ARM.Collect$$libshutdown$$00000000      0x08000164   Section        2  libshutdown.o(.ARM.Collect$$libshutdown$$00000000)
    .ARM.Collect$$libshutdown$$00000002      0x08000166   Section        0  libshutdown2.o(.ARM.Collect$$libshutdown$$00000002)
    .ARM.Collect$$libshutdown$$00000004      0x08000166   Section        0  libshutdown2.o(.ARM.Collect$$libshutdown$$00000004)
    .ARM.Collect$$libshutdown$$00000007      0x08000166   Section        0  libshutdown2.o(.ARM.Collect$$libshutdown$$00000007)
    .ARM.Collect$$libshutdown$$0000000A      0x08000166   Section        0  libshutdown2.o(.ARM.Collect$$libshutdown$$0000000A)
    .ARM.Collect$$libshutdown$$0000000C      0x08000166   Section        0  libshutdown2.o(.ARM.Collect$$libshutdown$$0000000C)
    .ARM.Collect$$libshutdown$$0000000F      0x08000166   Section        0  libshutdown2.o(.ARM.Collect$$libshutdown$$0000000F)
    .ARM.Collect$$libshutdown$$00000010      0x08000166   Section        2  libshutdown2.o(.ARM.Collect$$libshutdown$$00000010)
    .ARM.Collect$$rtentry$$00000000          0x08000168   Section        0  __rtentry.o(.ARM.Collect$$rtentry$$00000000)
    .ARM.Collect$$rtentry$$00000002          0x08000168   Section        0  __rtentry2.o(.ARM.Collect$$rtentry$$00000002)
    .ARM.Collect$$rtentry$$00000004          0x08000168   Section        6  __rtentry4.o(.ARM.Collect$$rtentry$$00000004)
    .ARM.Collect$$rtentry$$00000009          0x0800016e   Section        0  __rtentry2.o(.ARM.Collect$$rtentry$$00000009)
    .ARM.Collect$$rtentry$$0000000A          0x0800016e   Section        4  __rtentry2.o(.ARM.Collect$$rtentry$$0000000A)
    .ARM.Collect$$rtentry$$0000000C          0x08000172   Section        0  __rtentry2.o(.ARM.Collect$$rtentry$$0000000C)
    .ARM.Collect$$rtentry$$0000000D          0x08000172   Section        8  __rtentry2.o(.ARM.Collect$$rtentry$$0000000D)
    .ARM.Collect$$rtexit$$00000000           0x0800017a   Section        2  rtexit.o(.ARM.Collect$$rtexit$$00000000)
    .ARM.Collect$$rtexit$$00000002           0x0800017c   Section        0  rtexit2.o(.ARM.Collect$$rtexit$$00000002)
    .ARM.Collect$$rtexit$$00000003           0x0800017c   Section        4  rtexit2.o(.ARM.Collect$$rtexit$$00000003)
    .ARM.Collect$$rtexit$$00000004           0x08000180   Section        6  rtexit2.o(.ARM.Collect$$rtexit$$00000004)
    .text                                    0x08000188   Section       64  startup_stm32f10x_md.o(.text)
    .text                                    0x080001c8   Section        0  strchr.o(.text)
    .text                                    0x080001dc   Section        0  memcmp.o(.text)
    .text                                    0x08000234   Section        0  strcpy.o(.text)
    .text                                    0x0800027c   Section        0  strcat.o(.text)
    .text                                    0x08000294   Section      138  rt_memcpy_v6.o(.text)
    .text                                    0x0800031e   Section       16  aeabi_memset.o(.text)
    .text                                    0x0800032e   Section        0  heapauxi.o(.text)
    .text                                    0x08000334   Section      100  rt_memcpy_w.o(.text)
    .text                                    0x08000398   Section       68  rt_memclr.o(.text)
    .text                                    0x080003dc   Section       78  rt_memclr_w.o(.text)
    .text                                    0x0800042a   Section       74  sys_stackheap_outer.o(.text)
    .text                                    0x08000474   Section        0  exit.o(.text)
    .text                                    0x08000488   Section        8  libspace.o(.text)
    .text                                    0x08000490   Section        0  sys_exit.o(.text)
    .text                                    0x0800049c   Section        2  use_no_semi.o(.text)
    .text                                    0x0800049e   Section        0  indicate_semi.o(.text)
    i.Audio_Start                            0x080004a0   Section        0  aduio_player.o(i.Audio_Start)
    i.Audio_Stop                             0x080004f8   Section        0  aduio_player.o(i.Audio_Stop)
    i.BusFault_Handler                       0x08000584   Section        0  stm32f10x_it.o(i.BusFault_Handler)
    i.DMA1_Channel3_IRQHandler               0x08000588   Section        0  mydma.o(i.DMA1_Channel3_IRQHandler)
    i.DMA_ClearITPendingBit                  0x080005e0   Section        0  stm32f10x_dma.o(i.DMA_ClearITPendingBit)
    i.DMA_Cmd                                0x080005fc   Section        0  stm32f10x_dma.o(i.DMA_Cmd)
    i.DMA_GetITStatus                        0x08000614   Section        0  stm32f10x_dma.o(i.DMA_GetITStatus)
    i.DMA_ITConfig                           0x08000640   Section        0  stm32f10x_dma.o(i.DMA_ITConfig)
    i.DMA_Init                               0x08000652   Section        0  stm32f10x_dma.o(i.DMA_Init)
    i.DebugMon_Handler                       0x0800068e   Section        0  stm32f10x_it.o(i.DebugMon_Handler)
    i.EXTI1_IRQHandler                       0x08000690   Section        0  key.o(i.EXTI1_IRQHandler)
    i.EXTI_ClearITPendingBit                 0x080006ac   Section        0  stm32f10x_exti.o(i.EXTI_ClearITPendingBit)
    i.EXTI_GetITStatus                       0x080006b8   Section        0  stm32f10x_exti.o(i.EXTI_GetITStatus)
    i.EXTI_Init                              0x080006e0   Section        0  stm32f10x_exti.o(i.EXTI_Init)
    i.End_FAT                                0x08000774   Section        0  wav.o(i.End_FAT)
    i.FAT32_SeekAll                          0x08000784   Section        0  wav.o(i.FAT32_SeekAll)
    i.GPIO_EXTILineConfig                    0x08000790   Section        0  stm32f10x_gpio.o(i.GPIO_EXTILineConfig)
    i.GPIO_Init                              0x080007d0   Section        0  stm32f10x_gpio.o(i.GPIO_Init)
    i.GPIO_WriteBit                          0x080008e6   Section        0  stm32f10x_gpio.o(i.GPIO_WriteBit)
    i.HardFault_Handler                      0x080008f0   Section        0  stm32f10x_it.o(i.HardFault_Handler)
    i.Init_Audio_PWM                         0x080008f4   Section        0  audio_pwm.o(i.Init_Audio_PWM)
    i.Init_Audio_Timer                       0x08000998   Section        0  audio_timer.o(i.Init_Audio_Timer)
    i.Init_WAV                               0x08000a00   Section        0  wav.o(i.Init_WAV)
    i.Init_WAV_Head                          0x08000a40   Section        0  wav.o(i.Init_WAV_Head)
    i.Key_Init                               0x08000a4c   Section        0  key.o(i.Key_Init)
    i.MemManage_Handler                      0x08000acc   Section        0  stm32f10x_it.o(i.MemManage_Handler)
    i.MyDMA_Init                             0x08000ad0   Section        0  mydma.o(i.MyDMA_Init)
    i.MyDMA_Init1                            0x08000b4c   Section        0  mydma.o(i.MyDMA_Init1)
    i.MySpi_W_cs                             0x08000b7c   Section        0  spi_hardware.o(i.MySpi_W_cs)
    i.NMI_Handler                            0x08000b90   Section        0  stm32f10x_it.o(i.NMI_Handler)
    i.NVIC_Init                              0x08000b94   Section        0  misc.o(i.NVIC_Init)
    i.NVIC_PriorityGroupConfig               0x08000c04   Section        0  misc.o(i.NVIC_PriorityGroupConfig)
    i.PendSV_Handler                         0x08000c18   Section        0  stm32f10x_it.o(i.PendSV_Handler)
    i.RCC_AHBPeriphClockCmd                  0x08000c1c   Section        0  stm32f10x_rcc.o(i.RCC_AHBPeriphClockCmd)
    i.RCC_APB1PeriphClockCmd                 0x08000c3c   Section        0  stm32f10x_rcc.o(i.RCC_APB1PeriphClockCmd)
    i.RCC_APB2PeriphClockCmd                 0x08000c5c   Section        0  stm32f10x_rcc.o(i.RCC_APB2PeriphClockCmd)
    i.RCC_GetClocksFreq                      0x08000c7c   Section        0  stm32f10x_rcc.o(i.RCC_GetClocksFreq)
    i.Read_Little_Endian16                   0x08000d50   Section        0  hw226.o(i.Read_Little_Endian16)
    i.Read_Little_Endian32                   0x08000d5e   Section        0  hw226.o(i.Read_Little_Endian32)
    i.SD_Data_Init                           0x08000d7c   Section        0  wav.o(i.SD_Data_Init)
    i.SD_Init                                0x08000e14   Section        0  hw226.o(i.SD_Init)
    i.SD_ReadBlock                           0x08000ea0   Section        0  hw226.o(i.SD_ReadBlock)
    i.SD_ReadSector                          0x08000f20   Section        0  hw226.o(i.SD_ReadSector)
    i.SD_SendCmd                             0x08000f30   Section        0  hw226.o(i.SD_SendCmd)
    i.SD_SendDummyClock                      0x08000f94   Section        0  hw226.o(i.SD_SendDummyClock)
    i.SPI_Cmd                                0x08000fac   Section        0  stm32f10x_spi.o(i.SPI_Cmd)
    i.SPI_Hardware_Init                      0x08000fc4   Section        0  spi_hardware.o(i.SPI_Hardware_Init)
    i.SPI_Hardware_Start                     0x08001074   Section        0  spi_hardware.o(i.SPI_Hardware_Start)
    i.SPI_Hardware_Stop                      0x0800107e   Section        0  spi_hardware.o(i.SPI_Hardware_Stop)
    i.SPI_Hardware_swap                      0x08001088   Section        0  spi_hardware.o(i.SPI_Hardware_swap)
    i.SPI_I2S_GetFlagStatus                  0x080010c0   Section        0  stm32f10x_spi.o(i.SPI_I2S_GetFlagStatus)
    i.SPI_I2S_ReceiveData                    0x080010d2   Section        0  stm32f10x_spi.o(i.SPI_I2S_ReceiveData)
    i.SPI_I2S_SendData                       0x080010d8   Section        0  stm32f10x_spi.o(i.SPI_I2S_SendData)
    i.SPI_Init                               0x080010dc   Section        0  stm32f10x_spi.o(i.SPI_Init)
    i.SVC_Handler                            0x08001118   Section        0  stm32f10x_it.o(i.SVC_Handler)
    i.Serial_Init                            0x0800111c   Section        0  serial.o(i.Serial_Init)
    i.Serial_SendByte                        0x080011cc   Section        0  serial.o(i.Serial_SendByte)
    i.Serial_SendHex                         0x080011ec   Section        0  serial.o(i.Serial_SendHex)
    i.Serial_SendString                      0x0800122c   Section        0  serial.o(i.Serial_SendString)
    i.SetSysClock                            0x08001242   Section        0  system_stm32f10x.o(i.SetSysClock)
    SetSysClock                              0x08001243   Thumb Code     8  system_stm32f10x.o(i.SetSysClock)
    i.SetSysClockTo72                        0x0800124c   Section        0  system_stm32f10x.o(i.SetSysClockTo72)
    SetSysClockTo72                          0x0800124d   Thumb Code   214  system_stm32f10x.o(i.SetSysClockTo72)
    i.Start_FAT                              0x0800132c   Section        0  wav.o(i.Start_FAT)
    i.SysTick_Handler                        0x080013d8   Section        0  stm32f10x_it.o(i.SysTick_Handler)
    i.SystemInit                             0x080013dc   Section        0  system_stm32f10x.o(i.SystemInit)
    i.TIM_ARRPreloadConfig                   0x0800143c   Section        0  stm32f10x_tim.o(i.TIM_ARRPreloadConfig)
    i.TIM_CCxCmd                             0x08001454   Section        0  stm32f10x_tim.o(i.TIM_CCxCmd)
    i.TIM_ClearITPendingBit                  0x08001472   Section        0  stm32f10x_tim.o(i.TIM_ClearITPendingBit)
    i.TIM_Cmd                                0x08001478   Section        0  stm32f10x_tim.o(i.TIM_Cmd)
    i.TIM_DMACmd                             0x08001490   Section        0  stm32f10x_tim.o(i.TIM_DMACmd)
    i.TIM_GenerateEvent                      0x080014a2   Section        0  stm32f10x_tim.o(i.TIM_GenerateEvent)
    i.TIM_InternalClockConfig                0x080014a6   Section        0  stm32f10x_tim.o(i.TIM_InternalClockConfig)
    i.TIM_OC1Init                            0x080014b4   Section        0  stm32f10x_tim.o(i.TIM_OC1Init)
    i.TIM_OC1PreloadConfig                   0x0800154c   Section        0  stm32f10x_tim.o(i.TIM_OC1PreloadConfig)
    i.TIM_TimeBaseInit                       0x08001560   Section        0  stm32f10x_tim.o(i.TIM_TimeBaseInit)
    i.USART1_IRQHandler                      0x08001604   Section        0  serial.o(i.USART1_IRQHandler)
    i.USART_ClearITPendingBit                0x0800163c   Section        0  stm32f10x_usart.o(i.USART_ClearITPendingBit)
    i.USART_Cmd                              0x0800165a   Section        0  stm32f10x_usart.o(i.USART_Cmd)
    i.USART_GetFlagStatus                    0x08001672   Section        0  stm32f10x_usart.o(i.USART_GetFlagStatus)
    i.USART_GetITStatus                      0x0800168c   Section        0  stm32f10x_usart.o(i.USART_GetITStatus)
    i.USART_ITConfig                         0x080016e0   Section        0  stm32f10x_usart.o(i.USART_ITConfig)
    i.USART_Init                             0x0800172c   Section        0  stm32f10x_usart.o(i.USART_Init)
    i.USART_ReceiveData                      0x08001804   Section        0  stm32f10x_usart.o(i.USART_ReceiveData)
    i.USART_SendData                         0x0800180e   Section        0  stm32f10x_usart.o(i.USART_SendData)
    i.UsageFault_Handler                     0x08001816   Section        0  stm32f10x_it.o(i.UsageFault_Handler)
    i.WAV_Sample                             0x0800181c   Section        0  wav.o(i.WAV_Sample)
    i.Wav_BuildPath                          0x08001964   Section        0  wav.o(i.Wav_BuildPath)
    Wav_BuildPath                            0x08001965   Thumb Code    74  wav.o(i.Wav_BuildPath)
    i.Wav_FindFiles                          0x080019bc   Section        0  wav.o(i.Wav_FindFiles)
    Wav_FindFiles                            0x080019bd   Thumb Code   214  wav.o(i.Wav_FindFiles)
    i.Wav_IsFileName                         0x08001ae8   Section        0  wav.o(i.Wav_IsFileName)
    Wav_IsFileName                           0x08001ae9   Thumb Code    70  wav.o(i.Wav_IsFileName)
    i.Wav_LoadHeaders                        0x08001b30   Section        0  wav.o(i.Wav_LoadHeaders)
    Wav_LoadHeaders                          0x08001b31   Thumb Code   434  wav.o(i.Wav_LoadHeaders)
    i.Wav_StoreFileName                      0x08001d34   Section        0  wav.o(i.Wav_StoreFileName)
    Wav_StoreFileName                        0x08001d35   Thumb Code    86  wav.o(i.Wav_StoreFileName)
    i.Wav_ToUpper                            0x08001d8a   Section        0  wav.o(i.Wav_ToUpper)
    Wav_ToUpper                              0x08001d8b   Thumb Code    22  wav.o(i.Wav_ToUpper)
    i.check_fs                               0x08001da0   Section        0  ff.o(i.check_fs)
    check_fs                                 0x08001da1   Thumb Code   210  ff.o(i.check_fs)
    i.clst2sect                              0x08001e80   Section        0  ff.o(i.clst2sect)
    clst2sect                                0x08001e81   Thumb Code    26  ff.o(i.clst2sect)
    i.create_name                            0x08001e9c   Section        0  ff.o(i.create_name)
    create_name                              0x08001e9d   Thumb Code   252  ff.o(i.create_name)
    i.dbc_1st                                0x08001fa8   Section        0  ff.o(i.dbc_1st)
    dbc_1st                                  0x08001fa9   Thumb Code    46  ff.o(i.dbc_1st)
    i.dbc_2nd                                0x08001fdc   Section        0  ff.o(i.dbc_2nd)
    dbc_2nd                                  0x08001fdd   Thumb Code    66  ff.o(i.dbc_2nd)
    i.dir_find                               0x08002024   Section        0  ff.o(i.dir_find)
    dir_find                                 0x08002025   Thumb Code   108  ff.o(i.dir_find)
    i.dir_next                               0x08002090   Section        0  ff.o(i.dir_next)
    dir_next                                 0x08002091   Thumb Code   158  ff.o(i.dir_next)
    i.dir_read                               0x0800212e   Section        0  ff.o(i.dir_read)
    dir_read                                 0x0800212f   Thumb Code   116  ff.o(i.dir_read)
    i.dir_sdi                                0x080021a2   Section        0  ff.o(i.dir_sdi)
    dir_sdi                                  0x080021a3   Thumb Code   154  ff.o(i.dir_sdi)
    i.disk_initialize                        0x0800223c   Section        0  diskio.o(i.disk_initialize)
    i.disk_read                              0x08002264   Section        0  diskio.o(i.disk_read)
    i.disk_status                            0x080022b8   Section        0  diskio.o(i.disk_status)
    i.f_close                                0x080022cc   Section        0  ff.o(i.f_close)
    i.f_closedir                             0x080022e4   Section        0  ff.o(i.f_closedir)
    i.f_lseek                                0x080022fc   Section        0  ff.o(i.f_lseek)
    i.f_mount                                0x08002400   Section        0  ff.o(i.f_mount)
    i.f_open                                 0x08002460   Section        0  ff.o(i.f_open)
    i.f_opendir                              0x080024e2   Section        0  ff.o(i.f_opendir)
    i.f_read                                 0x0800254e   Section        0  ff.o(i.f_read)
    i.f_readdir                              0x0800269e   Section        0  ff.o(i.f_readdir)
    i.find_volume                            0x080026f8   Section        0  ff.o(i.find_volume)
    find_volume                              0x080026f9   Thumb Code   120  ff.o(i.find_volume)
    i.follow_path                            0x08002770   Section        0  ff.o(i.follow_path)
    follow_path                              0x08002771   Thumb Code   158  ff.o(i.follow_path)
    i.get_fat                                0x0800280e   Section        0  ff.o(i.get_fat)
    get_fat                                  0x0800280f   Thumb Code   224  ff.o(i.get_fat)
    i.get_fileinfo                           0x080028ee   Section        0  ff.o(i.get_fileinfo)
    get_fileinfo                             0x080028ef   Thumb Code   146  ff.o(i.get_fileinfo)
    i.get_ldnumber                           0x08002980   Section        0  ff.o(i.get_ldnumber)
    get_ldnumber                             0x08002981   Thumb Code    82  ff.o(i.get_ldnumber)
    i.ld_16                                  0x080029d2   Section        0  ff.o(i.ld_16)
    ld_16                                    0x080029d3   Thumb Code    12  ff.o(i.ld_16)
    i.ld_32                                  0x080029de   Section        0  ff.o(i.ld_32)
    ld_32                                    0x080029df   Thumb Code    24  ff.o(i.ld_32)
    i.ld_clust                               0x080029f6   Section        0  ff.o(i.ld_clust)
    ld_clust                                 0x080029f7   Thumb Code    38  ff.o(i.ld_clust)
    i.main                                   0x08002a1c   Section        0  main.o(i.main)
    i.mount_volume                           0x08002adc   Section        0  ff.o(i.mount_volume)
    mount_volume                             0x08002add   Thumb Code   516  ff.o(i.mount_volume)
    i.move_window                            0x08002cec   Section        0  ff.o(i.move_window)
    move_window                              0x08002ced   Thumb Code    42  ff.o(i.move_window)
    i.validate                               0x08002d16   Section        0  ff.o(i.validate)
    validate                                 0x08002d17   Thumb Code    60  ff.o(i.validate)
    .constdata                               0x08002d52   Section       10  ff.o(.constdata)
    DbcTbl                                   0x08002d52   Data          10  ff.o(.constdata)
    .data                                    0x20000000   Section       20  stm32f10x_rcc.o(.data)
    APBAHBPrescTable                         0x20000000   Data          16  stm32f10x_rcc.o(.data)
    ADCPrescTable                            0x20000010   Data           4  stm32f10x_rcc.o(.data)
    .data                                    0x20000014   Section        1  diskio.o(.data)
    Stat                                     0x20000014   Data           1  diskio.o(.data)
    .data                                    0x20000018   Section        6  ff.o(.data)
    FatFs                                    0x20000018   Data           4  ff.o(.data)
    Fsid                                     0x2000001c   Data           2  ff.o(.data)
    .data                                    0x2000001e   Section        2  serial.o(.data)
    .data                                    0x20000020   Section        8  wav.o(.data)
    res                                      0x20000020   Data           1  wav.o(.data)
    .data                                    0x20000028   Section        3  mydma.o(.data)
    .data                                    0x2000002b   Section        1  key.o(.data)
    .data                                    0x2000002c   Section        2  aduio_player.o(.data)
    .bss                                     0x20000030   Section     6536  wav.o(.bss)
    fs                                       0x20001570   Data         552  wav.o(.bss)
    file                                     0x20001798   Data         544  wav.o(.bss)
    .bss                                     0x200019b8   Section     4096  mydma.o(.bss)
    .bss                                     0x200029b8   Section       96  libspace.o(.bss)
    HEAP                                     0x20002a18   Section      512  startup_stm32f10x_md.o(HEAP)
    Heap_Mem                                 0x20002a18   Data         512  startup_stm32f10x_md.o(HEAP)
    STACK                                    0x20002c18   Section     1024  startup_stm32f10x_md.o(STACK)
    Stack_Mem                                0x20002c18   Data        1024  startup_stm32f10x_md.o(STACK)
    __initial_sp                             0x20003018   Data           0  startup_stm32f10x_md.o(STACK)

    Global Symbols

    Symbol Name                              Value     Ov Type        Size  Object(Section)

    BuildAttributes$$THM_ISAv4$P$D$K$B$S$PE$A:L22UL41UL21$X:L11$S22US41US21$IEEE1$IW$USESV6$~STKCKD$USESV7$~SHL$OSPACE$ROPI$EBA8$UX$STANDARDLIB$REQ8$PRES8$EABIv2 0x00000000   Number         0  anon$$obj.o ABSOLUTE
    __ARM_use_no_argv                        0x00000000   Number         0  main.o ABSOLUTE
    __ARM_exceptions_init                     - Undefined Weak Reference
    __alloca_initialize                       - Undefined Weak Reference
    __arm_preinit_                            - Undefined Weak Reference
    __cpp_initialize__aeabi_                  - Undefined Weak Reference
    __cxa_finalize                            - Undefined Weak Reference
    __rt_locale                               - Undefined Weak Reference
    __sigvec_lookup                           - Undefined Weak Reference
    _atexit_init                              - Undefined Weak Reference
    _call_atexit_fns                          - Undefined Weak Reference
    _clock_init                               - Undefined Weak Reference
    _fp_trap_init                             - Undefined Weak Reference
    _fp_trap_shutdown                         - Undefined Weak Reference
    _get_lc_collate                           - Undefined Weak Reference
    _get_lc_ctype                             - Undefined Weak Reference
    _get_lc_monetary                          - Undefined Weak Reference
    _get_lc_numeric                           - Undefined Weak Reference
    _get_lc_time                              - Undefined Weak Reference
    _getenv_init                              - Undefined Weak Reference
    _handle_redirection                       - Undefined Weak Reference
    _init_alloc                               - Undefined Weak Reference
    _init_user_alloc                          - Undefined Weak Reference
    _initio                                   - Undefined Weak Reference
    _rand_init                                - Undefined Weak Reference
    _signal_finish                            - Undefined Weak Reference
    _signal_init                              - Undefined Weak Reference
    _terminate_alloc                          - Undefined Weak Reference
    _terminate_user_alloc                     - Undefined Weak Reference
    _terminateio                              - Undefined Weak Reference
    __Vectors_Size                           0x000000ec   Number         0  startup_stm32f10x_md.o ABSOLUTE
    __Vectors                                0x08000000   Data           4  startup_stm32f10x_md.o(RESET)
    __Vectors_End                            0x080000ec   Data           0  startup_stm32f10x_md.o(RESET)
    __main                                   0x080000ed   Thumb Code     8  __main.o(!!!main)
    __scatterload                            0x080000f5   Thumb Code     0  __scatter.o(!!!scatter)
    __scatterload_rt2                        0x080000f5   Thumb Code    44  __scatter.o(!!!scatter)
    __scatterload_rt2_thumb_only             0x080000f5   Thumb Code     0  __scatter.o(!!!scatter)
    __scatterload_null                       0x08000103   Thumb Code     0  __scatter.o(!!!scatter)
    __scatterload_copy                       0x08000129   Thumb Code    26  __scatter_copy.o(!!handler_copy)
    __scatterload_zeroinit                   0x08000145   Thumb Code    28  __scatter_zi.o(!!handler_zi)
    __rt_lib_init                            0x08000161   Thumb Code     0  libinit.o(.ARM.Collect$$libinit$$00000000)
    __rt_lib_init_alloca_1                   0x08000163   Thumb Code     0  libinit2.o(.ARM.Collect$$libinit$$0000002E)
    __rt_lib_init_argv_1                     0x08000163   Thumb Code     0  libinit2.o(.ARM.Collect$$libinit$$0000002C)
    __rt_lib_init_atexit_1                   0x08000163   Thumb Code     0  libinit2.o(.ARM.Collect$$libinit$$0000001B)
    __rt_lib_init_clock_1                    0x08000163   Thumb Code     0  libinit2.o(.ARM.Collect$$libinit$$00000021)
    __rt_lib_init_cpp_1                      0x08000163   Thumb Code     0  libinit2.o(.ARM.Collect$$libinit$$00000032)
    __rt_lib_init_exceptions_1               0x08000163   Thumb Code     0  libinit2.o(.ARM.Collect$$libinit$$00000030)
    __rt_lib_init_fp_1                       0x08000163   Thumb Code     0  libinit2.o(.ARM.Collect$$libinit$$00000002)
    __rt_lib_init_fp_trap_1                  0x08000163   Thumb Code     0  libinit2.o(.ARM.Collect$$libinit$$0000001F)
    __rt_lib_init_getenv_1                   0x08000163   Thumb Code     0  libinit2.o(.ARM.Collect$$libinit$$00000023)
    __rt_lib_init_heap_1                     0x08000163   Thumb Code     0  libinit2.o(.ARM.Collect$$libinit$$0000000A)
    __rt_lib_init_lc_collate_1               0x08000163   Thumb Code     0  libinit2.o(.ARM.Collect$$libinit$$00000011)
    __rt_lib_init_lc_ctype_1                 0x08000163   Thumb Code     0  libinit2.o(.ARM.Collect$$libinit$$00000013)
    __rt_lib_init_lc_monetary_1              0x08000163   Thumb Code     0  libinit2.o(.ARM.Collect$$libinit$$00000015)
    __rt_lib_init_lc_numeric_1               0x08000163   Thumb Code     0  libinit2.o(.ARM.Collect$$libinit$$00000017)
    __rt_lib_init_lc_time_1                  0x08000163   Thumb Code     0  libinit2.o(.ARM.Collect$$libinit$$00000019)
    __rt_lib_init_preinit_1                  0x08000163   Thumb Code     0  libinit2.o(.ARM.Collect$$libinit$$00000004)
    __rt_lib_init_rand_1                     0x08000163   Thumb Code     0  libinit2.o(.ARM.Collect$$libinit$$0000000E)
    __rt_lib_init_return                     0x08000163   Thumb Code     0  libinit2.o(.ARM.Collect$$libinit$$00000033)
    __rt_lib_init_signal_1                   0x08000163   Thumb Code     0  libinit2.o(.ARM.Collect$$libinit$$0000001D)
    __rt_lib_init_stdio_1                    0x08000163   Thumb Code     0  libinit2.o(.ARM.Collect$$libinit$$00000025)
    __rt_lib_init_user_alloc_1               0x08000163   Thumb Code     0  libinit2.o(.ARM.Collect$$libinit$$0000000C)
    __rt_lib_shutdown                        0x08000165   Thumb Code     0  libshutdown.o(.ARM.Collect$$libshutdown$$00000000)
    __rt_lib_shutdown_cpp_1                  0x08000167   Thumb Code     0  libshutdown2.o(.ARM.Collect$$libshutdown$$00000002)
    __rt_lib_shutdown_fp_trap_1              0x08000167   Thumb Code     0  libshutdown2.o(.ARM.Collect$$libshutdown$$00000007)
    __rt_lib_shutdown_heap_1                 0x08000167   Thumb Code     0  libshutdown2.o(.ARM.Collect$$libshutdown$$0000000F)
    __rt_lib_shutdown_return                 0x08000167   Thumb Code     0  libshutdown2.o(.ARM.Collect$$libshutdown$$00000010)
    __rt_lib_shutdown_signal_1               0x08000167   Thumb Code     0  libshutdown2.o(.ARM.Collect$$libshutdown$$0000000A)
    __rt_lib_shutdown_stdio_1                0x08000167   Thumb Code     0  libshutdown2.o(.ARM.Collect$$libshutdown$$00000004)
    __rt_lib_shutdown_user_alloc_1           0x08000167   Thumb Code     0  libshutdown2.o(.ARM.Collect$$libshutdown$$0000000C)
    __rt_entry                               0x08000169   Thumb Code     0  __rtentry.o(.ARM.Collect$$rtentry$$00000000)
    __rt_entry_presh_1                       0x08000169   Thumb Code     0  __rtentry2.o(.ARM.Collect$$rtentry$$00000002)
    __rt_entry_sh                            0x08000169   Thumb Code     0  __rtentry4.o(.ARM.Collect$$rtentry$$00000004)
    __rt_entry_li                            0x0800016f   Thumb Code     0  __rtentry2.o(.ARM.Collect$$rtentry$$0000000A)
    __rt_entry_postsh_1                      0x0800016f   Thumb Code     0  __rtentry2.o(.ARM.Collect$$rtentry$$00000009)
    __rt_entry_main                          0x08000173   Thumb Code     0  __rtentry2.o(.ARM.Collect$$rtentry$$0000000D)
    __rt_entry_postli_1                      0x08000173   Thumb Code     0  __rtentry2.o(.ARM.Collect$$rtentry$$0000000C)
    __rt_exit                                0x0800017b   Thumb Code     0  rtexit.o(.ARM.Collect$$rtexit$$00000000)
    __rt_exit_ls                             0x0800017d   Thumb Code     0  rtexit2.o(.ARM.Collect$$rtexit$$00000003)
    __rt_exit_prels_1                        0x0800017d   Thumb Code     0  rtexit2.o(.ARM.Collect$$rtexit$$00000002)
    __rt_exit_exit                           0x08000181   Thumb Code     0  rtexit2.o(.ARM.Collect$$rtexit$$00000004)
    Reset_Handler                            0x08000189   Thumb Code     8  startup_stm32f10x_md.o(.text)
    ADC1_2_IRQHandler                        0x080001a3   Thumb Code     0  startup_stm32f10x_md.o(.text)
    CAN1_RX1_IRQHandler                      0x080001a3   Thumb Code     0  startup_stm32f10x_md.o(.text)
    CAN1_SCE_IRQHandler                      0x080001a3   Thumb Code     0  startup_stm32f10x_md.o(.text)
    DMA1_Channel1_IRQHandler                 0x080001a3   Thumb Code     0  startup_stm32f10x_md.o(.text)
    DMA1_Channel2_IRQHandler                 0x080001a3   Thumb Code     0  startup_stm32f10x_md.o(.text)
    DMA1_Channel4_IRQHandler                 0x080001a3   Thumb Code     0  startup_stm32f10x_md.o(.text)
    DMA1_Channel5_IRQHandler                 0x080001a3   Thumb Code     0  startup_stm32f10x_md.o(.text)
    DMA1_Channel6_IRQHandler                 0x080001a3   Thumb Code     0  startup_stm32f10x_md.o(.text)
    DMA1_Channel7_IRQHandler                 0x080001a3   Thumb Code     0  startup_stm32f10x_md.o(.text)
    EXTI0_IRQHandler                         0x080001a3   Thumb Code     0  startup_stm32f10x_md.o(.text)
    EXTI15_10_IRQHandler                     0x080001a3   Thumb Code     0  startup_stm32f10x_md.o(.text)
    EXTI2_IRQHandler                         0x080001a3   Thumb Code     0  startup_stm32f10x_md.o(.text)
    EXTI3_IRQHandler                         0x080001a3   Thumb Code     0  startup_stm32f10x_md.o(.text)
    EXTI4_IRQHandler                         0x080001a3   Thumb Code     0  startup_stm32f10x_md.o(.text)
    EXTI9_5_IRQHandler                       0x080001a3   Thumb Code     0  startup_stm32f10x_md.o(.text)
    FLASH_IRQHandler                         0x080001a3   Thumb Code     0  startup_stm32f10x_md.o(.text)
    I2C1_ER_IRQHandler                       0x080001a3   Thumb Code     0  startup_stm32f10x_md.o(.text)
    I2C1_EV_IRQHandler                       0x080001a3   Thumb Code     0  startup_stm32f10x_md.o(.text)
    I2C2_ER_IRQHandler                       0x080001a3   Thumb Code     0  startup_stm32f10x_md.o(.text)
    I2C2_EV_IRQHandler                       0x080001a3   Thumb Code     0  startup_stm32f10x_md.o(.text)
    PVD_IRQHandler                           0x080001a3   Thumb Code     0  startup_stm32f10x_md.o(.text)
    RCC_IRQHandler                           0x080001a3   Thumb Code     0  startup_stm32f10x_md.o(.text)
    RTCAlarm_IRQHandler                      0x080001a3   Thumb Code     0  startup_stm32f10x_md.o(.text)
    RTC_IRQHandler                           0x080001a3   Thumb Code     0  startup_stm32f10x_md.o(.text)
    SPI1_IRQHandler                          0x080001a3   Thumb Code     0  startup_stm32f10x_md.o(.text)
    SPI2_IRQHandler                          0x080001a3   Thumb Code     0  startup_stm32f10x_md.o(.text)
    TAMPER_IRQHandler                        0x080001a3   Thumb Code     0  startup_stm32f10x_md.o(.text)
    TIM1_BRK_IRQHandler                      0x080001a3   Thumb Code     0  startup_stm32f10x_md.o(.text)
    TIM1_CC_IRQHandler                       0x080001a3   Thumb Code     0  startup_stm32f10x_md.o(.text)
    TIM1_TRG_COM_IRQHandler                  0x080001a3   Thumb Code     0  startup_stm32f10x_md.o(.text)
    TIM1_UP_IRQHandler                       0x080001a3   Thumb Code     0  startup_stm32f10x_md.o(.text)
    TIM2_IRQHandler                          0x080001a3   Thumb Code     0  startup_stm32f10x_md.o(.text)
    TIM3_IRQHandler                          0x080001a3   Thumb Code     0  startup_stm32f10x_md.o(.text)
    TIM4_IRQHandler                          0x080001a3   Thumb Code     0  startup_stm32f10x_md.o(.text)
    USART2_IRQHandler                        0x080001a3   Thumb Code     0  startup_stm32f10x_md.o(.text)
    USART3_IRQHandler                        0x080001a3   Thumb Code     0  startup_stm32f10x_md.o(.text)
    USBWakeUp_IRQHandler                     0x080001a3   Thumb Code     0  startup_stm32f10x_md.o(.text)
    USB_HP_CAN1_TX_IRQHandler                0x080001a3   Thumb Code     0  startup_stm32f10x_md.o(.text)
    USB_LP_CAN1_RX0_IRQHandler               0x080001a3   Thumb Code     0  startup_stm32f10x_md.o(.text)
    WWDG_IRQHandler                          0x080001a3   Thumb Code     0  startup_stm32f10x_md.o(.text)
    __user_initial_stackheap                 0x080001a5   Thumb Code     0  startup_stm32f10x_md.o(.text)
    strchr                                   0x080001c9   Thumb Code    20  strchr.o(.text)
    memcmp                                   0x080001dd   Thumb Code    88  memcmp.o(.text)
    strcpy                                   0x08000235   Thumb Code    72  strcpy.o(.text)
    strcat                                   0x0800027d   Thumb Code    24  strcat.o(.text)
    __aeabi_memcpy                           0x08000295   Thumb Code     0  rt_memcpy_v6.o(.text)
    __rt_memcpy                              0x08000295   Thumb Code   138  rt_memcpy_v6.o(.text)
    _memcpy_lastbytes                        0x080002fb   Thumb Code     0  rt_memcpy_v6.o(.text)
    __aeabi_memset                           0x0800031f   Thumb Code    16  aeabi_memset.o(.text)
    __use_two_region_memory                  0x0800032f   Thumb Code     2  heapauxi.o(.text)
    __rt_heap_escrow$2region                 0x08000331   Thumb Code     2  heapauxi.o(.text)
    __rt_heap_expand$2region                 0x08000333   Thumb Code     2  heapauxi.o(.text)
    __aeabi_memcpy4                          0x08000335   Thumb Code     0  rt_memcpy_w.o(.text)
    __aeabi_memcpy8                          0x08000335   Thumb Code     0  rt_memcpy_w.o(.text)
    __rt_memcpy_w                            0x08000335   Thumb Code   100  rt_memcpy_w.o(.text)
    _memcpy_lastbytes_aligned                0x0800037d   Thumb Code     0  rt_memcpy_w.o(.text)
    __aeabi_memclr                           0x08000399   Thumb Code     0  rt_memclr.o(.text)
    __rt_memclr                              0x08000399   Thumb Code    68  rt_memclr.o(.text)
    _memset                                  0x0800039d   Thumb Code     0  rt_memclr.o(.text)
    __aeabi_memclr4                          0x080003dd   Thumb Code     0  rt_memclr_w.o(.text)
    __aeabi_memclr8                          0x080003dd   Thumb Code     0  rt_memclr_w.o(.text)
    __rt_memclr_w                            0x080003dd   Thumb Code    78  rt_memclr_w.o(.text)
    _memset_w                                0x080003e1   Thumb Code     0  rt_memclr_w.o(.text)
    __user_setup_stackheap                   0x0800042b   Thumb Code    74  sys_stackheap_outer.o(.text)
    exit                                     0x08000475   Thumb Code    18  exit.o(.text)
    __user_libspace                          0x08000489   Thumb Code     8  libspace.o(.text)
    __user_perproc_libspace                  0x08000489   Thumb Code     0  libspace.o(.text)
    __user_perthread_libspace                0x08000489   Thumb Code     0  libspace.o(.text)
    _sys_exit                                0x08000491   Thumb Code     8  sys_exit.o(.text)
    __I$use$semihosting                      0x0800049d   Thumb Code     0  use_no_semi.o(.text)
    __use_no_semihosting_swi                 0x0800049d   Thumb Code     2  use_no_semi.o(.text)
    __semihosting_library_function           0x0800049f   Thumb Code     0  indicate_semi.o(.text)
    Audio_Start                              0x080004a1   Thumb Code    70  aduio_player.o(i.Audio_Start)
    Audio_Stop                               0x080004f9   Thumb Code   116  aduio_player.o(i.Audio_Stop)
    BusFault_Handler                         0x08000585   Thumb Code     4  stm32f10x_it.o(i.BusFault_Handler)
    DMA1_Channel3_IRQHandler                 0x08000589   Thumb Code    76  mydma.o(i.DMA1_Channel3_IRQHandler)
    DMA_ClearITPendingBit                    0x080005e1   Thumb Code    18  stm32f10x_dma.o(i.DMA_ClearITPendingBit)
    DMA_Cmd                                  0x080005fd   Thumb Code    24  stm32f10x_dma.o(i.DMA_Cmd)
    DMA_GetITStatus                          0x08000615   Thumb Code    36  stm32f10x_dma.o(i.DMA_GetITStatus)
    DMA_ITConfig                             0x08000641   Thumb Code    18  stm32f10x_dma.o(i.DMA_ITConfig)
    DMA_Init                                 0x08000653   Thumb Code    60  stm32f10x_dma.o(i.DMA_Init)
    DebugMon_Handler                         0x0800068f   Thumb Code     2  stm32f10x_it.o(i.DebugMon_Handler)
    EXTI1_IRQHandler                         0x08000691   Thumb Code    24  key.o(i.EXTI1_IRQHandler)
    EXTI_ClearITPendingBit                   0x080006ad   Thumb Code     6  stm32f10x_exti.o(i.EXTI_ClearITPendingBit)
    EXTI_GetITStatus                         0x080006b9   Thumb Code    34  stm32f10x_exti.o(i.EXTI_GetITStatus)
    EXTI_Init                                0x080006e1   Thumb Code   142  stm32f10x_exti.o(i.EXTI_Init)
    End_FAT                                  0x08000775   Thumb Code    10  wav.o(i.End_FAT)
    FAT32_SeekAll                            0x08000785   Thumb Code    12  wav.o(i.FAT32_SeekAll)
    GPIO_EXTILineConfig                      0x08000791   Thumb Code    60  stm32f10x_gpio.o(i.GPIO_EXTILineConfig)
    GPIO_Init                                0x080007d1   Thumb Code   278  stm32f10x_gpio.o(i.GPIO_Init)
    GPIO_WriteBit                            0x080008e7   Thumb Code    10  stm32f10x_gpio.o(i.GPIO_WriteBit)
    HardFault_Handler                        0x080008f1   Thumb Code     4  stm32f10x_it.o(i.HardFault_Handler)
    Init_Audio_PWM                           0x080008f5   Thumb Code   158  audio_pwm.o(i.Init_Audio_PWM)
    Init_Audio_Timer                         0x08000999   Thumb Code   100  audio_timer.o(i.Init_Audio_Timer)
    Init_WAV                                 0x08000a01   Thumb Code    36  wav.o(i.Init_WAV)
    Init_WAV_Head                            0x08000a41   Thumb Code    12  wav.o(i.Init_WAV_Head)
    Key_Init                                 0x08000a4d   Thumb Code   124  key.o(i.Key_Init)
    MemManage_Handler                        0x08000acd   Thumb Code     4  stm32f10x_it.o(i.MemManage_Handler)
    MyDMA_Init                               0x08000ad1   Thumb Code   112  mydma.o(i.MyDMA_Init)
    MyDMA_Init1                              0x08000b4d   Thumb Code    32  mydma.o(i.MyDMA_Init1)
    MySpi_W_cs                               0x08000b7d   Thumb Code    16  spi_hardware.o(i.MySpi_W_cs)
    NMI_Handler                              0x08000b91   Thumb Code     2  stm32f10x_it.o(i.NMI_Handler)
    NVIC_Init                                0x08000b95   Thumb Code   100  misc.o(i.NVIC_Init)
    NVIC_PriorityGroupConfig                 0x08000c05   Thumb Code    10  misc.o(i.NVIC_PriorityGroupConfig)
    PendSV_Handler                           0x08000c19   Thumb Code     2  stm32f10x_it.o(i.PendSV_Handler)
    RCC_AHBPeriphClockCmd                    0x08000c1d   Thumb Code    26  stm32f10x_rcc.o(i.RCC_AHBPeriphClockCmd)
    RCC_APB1PeriphClockCmd                   0x08000c3d   Thumb Code    26  stm32f10x_rcc.o(i.RCC_APB1PeriphClockCmd)
    RCC_APB2PeriphClockCmd                   0x08000c5d   Thumb Code    26  stm32f10x_rcc.o(i.RCC_APB2PeriphClockCmd)
    RCC_GetClocksFreq                        0x08000c7d   Thumb Code   192  stm32f10x_rcc.o(i.RCC_GetClocksFreq)
    Read_Little_Endian16                     0x08000d51   Thumb Code    14  hw226.o(i.Read_Little_Endian16)
    Read_Little_Endian32                     0x08000d5f   Thumb Code    30  hw226.o(i.Read_Little_Endian32)
    SD_Data_Init                             0x08000d7d   Thumb Code   140  wav.o(i.SD_Data_Init)
    SD_Init                                  0x08000e15   Thumb Code   140  hw226.o(i.SD_Init)
    SD_ReadBlock                             0x08000ea1   Thumb Code   128  hw226.o(i.SD_ReadBlock)
    SD_ReadSector                            0x08000f21   Thumb Code    16  hw226.o(i.SD_ReadSector)
    SD_SendCmd                               0x08000f31   Thumb Code   100  hw226.o(i.SD_SendCmd)
    SD_SendDummyClock                        0x08000f95   Thumb Code    24  hw226.o(i.SD_SendDummyClock)
    SPI_Cmd                                  0x08000fad   Thumb Code    24  stm32f10x_spi.o(i.SPI_Cmd)
    SPI_Hardware_Init                        0x08000fc5   Thumb Code   166  spi_hardware.o(i.SPI_Hardware_Init)
    SPI_Hardware_Start                       0x08001075   Thumb Code    10  spi_hardware.o(i.SPI_Hardware_Start)
    SPI_Hardware_Stop                        0x0800107f   Thumb Code    10  spi_hardware.o(i.SPI_Hardware_Stop)
    SPI_Hardware_swap                        0x08001089   Thumb Code    50  spi_hardware.o(i.SPI_Hardware_swap)
    SPI_I2S_GetFlagStatus                    0x080010c1   Thumb Code    18  stm32f10x_spi.o(i.SPI_I2S_GetFlagStatus)
    SPI_I2S_ReceiveData                      0x080010d3   Thumb Code     6  stm32f10x_spi.o(i.SPI_I2S_ReceiveData)
    SPI_I2S_SendData                         0x080010d9   Thumb Code     4  stm32f10x_spi.o(i.SPI_I2S_SendData)
    SPI_Init                                 0x080010dd   Thumb Code    60  stm32f10x_spi.o(i.SPI_Init)
    SVC_Handler                              0x08001119   Thumb Code     2  stm32f10x_it.o(i.SVC_Handler)
    Serial_Init                              0x0800111d   Thumb Code   168  serial.o(i.Serial_Init)
    Serial_SendByte                          0x080011cd   Thumb Code    28  serial.o(i.Serial_SendByte)
    Serial_SendHex                           0x080011ed   Thumb Code    64  serial.o(i.Serial_SendHex)
    Serial_SendString                        0x0800122d   Thumb Code    22  serial.o(i.Serial_SendString)
    Start_FAT                                0x0800132d   Thumb Code   118  wav.o(i.Start_FAT)
    SysTick_Handler                          0x080013d9   Thumb Code     2  stm32f10x_it.o(i.SysTick_Handler)
    SystemInit                               0x080013dd   Thumb Code    78  system_stm32f10x.o(i.SystemInit)
    TIM_ARRPreloadConfig                     0x0800143d   Thumb Code    24  stm32f10x_tim.o(i.TIM_ARRPreloadConfig)
    TIM_CCxCmd                               0x08001455   Thumb Code    30  stm32f10x_tim.o(i.TIM_CCxCmd)
    TIM_ClearITPendingBit                    0x08001473   Thumb Code     6  stm32f10x_tim.o(i.TIM_ClearITPendingBit)
    TIM_Cmd                                  0x08001479   Thumb Code    24  stm32f10x_tim.o(i.TIM_Cmd)
    TIM_DMACmd                               0x08001491   Thumb Code    18  stm32f10x_tim.o(i.TIM_DMACmd)
    TIM_GenerateEvent                        0x080014a3   Thumb Code     4  stm32f10x_tim.o(i.TIM_GenerateEvent)
    TIM_InternalClockConfig                  0x080014a7   Thumb Code    12  stm32f10x_tim.o(i.TIM_InternalClockConfig)
    TIM_OC1Init                              0x080014b5   Thumb Code   132  stm32f10x_tim.o(i.TIM_OC1Init)
    TIM_OC1PreloadConfig                     0x0800154d   Thumb Code    18  stm32f10x_tim.o(i.TIM_OC1PreloadConfig)
    TIM_TimeBaseInit                         0x08001561   Thumb Code   122  stm32f10x_tim.o(i.TIM_TimeBaseInit)
    USART1_IRQHandler                        0x08001605   Thumb Code    44  serial.o(i.USART1_IRQHandler)
    USART_ClearITPendingBit                  0x0800163d   Thumb Code    30  stm32f10x_usart.o(i.USART_ClearITPendingBit)
    USART_Cmd                                0x0800165b   Thumb Code    24  stm32f10x_usart.o(i.USART_Cmd)
    USART_GetFlagStatus                      0x08001673   Thumb Code    26  stm32f10x_usart.o(i.USART_GetFlagStatus)
    USART_GetITStatus                        0x0800168d   Thumb Code    84  stm32f10x_usart.o(i.USART_GetITStatus)
    USART_ITConfig                           0x080016e1   Thumb Code    74  stm32f10x_usart.o(i.USART_ITConfig)
    USART_Init                               0x0800172d   Thumb Code   210  stm32f10x_usart.o(i.USART_Init)
    USART_ReceiveData                        0x08001805   Thumb Code    10  stm32f10x_usart.o(i.USART_ReceiveData)
    USART_SendData                           0x0800180f   Thumb Code     8  stm32f10x_usart.o(i.USART_SendData)
    UsageFault_Handler                       0x08001817   Thumb Code     4  stm32f10x_it.o(i.UsageFault_Handler)
    WAV_Sample                               0x0800181d   Thumb Code   308  wav.o(i.WAV_Sample)
    disk_initialize                          0x0800223d   Thumb Code    36  diskio.o(i.disk_initialize)
    disk_read                                0x08002265   Thumb Code    78  diskio.o(i.disk_read)
    disk_status                              0x080022b9   Thumb Code    14  diskio.o(i.disk_status)
    f_close                                  0x080022cd   Thumb Code    24  ff.o(i.f_close)
    f_closedir                               0x080022e5   Thumb Code    24  ff.o(i.f_closedir)
    f_lseek                                  0x080022fd   Thumb Code   260  ff.o(i.f_lseek)
    f_mount                                  0x08002401   Thumb Code    90  ff.o(i.f_mount)
    f_open                                   0x08002461   Thumb Code   130  ff.o(i.f_open)
    f_opendir                                0x080024e3   Thumb Code   108  ff.o(i.f_opendir)
    f_read                                   0x0800254f   Thumb Code   336  ff.o(i.f_read)
    f_readdir                                0x0800269f   Thumb Code    90  ff.o(i.f_readdir)
    main                                     0x08002a1d   Thumb Code   156  main.o(i.main)
    Region$$Table$$Base                      0x08002d5c   Number         0  anon$$obj.o(Region$$Table)
    Region$$Table$$Limit                     0x08002d7c   Number         0  anon$$obj.o(Region$$Table)
    Serial_data                              0x2000001e   Data           1  serial.o(.data)
    Serial_flag                              0x2000001f   Data           1  serial.o(.data)
    count                                    0x20000021   Data           1  wav.o(.data)
    br                                       0x20000024   Data           4  wav.o(.data)
    audio_half_request                       0x20000028   Data           1  mydma.o(.data)
    audio_full_request                       0x20000029   Data           1  mydma.o(.data)
    underrun                                 0x2000002a   Data           1  mydma.o(.data)
    key_count                                0x2000002b   Data           1  key.o(.data)
    audio_file_open                          0x2000002c   Data           1  aduio_player.o(.data)
    audio_playing                            0x2000002d   Data           1  aduio_player.o(.data)
    buf1                                     0x20000030   Data         512  wav.o(.bss)
    buf2                                     0x20000230   Data        4096  wav.o(.bss)
    sd_data                                  0x20001230   Data         384  wav.o(.bss)
    wav_info                                 0x200013b0   Data         448  wav.o(.bss)
    dma_buffer                               0x200019b8   Data        4096  mydma.o(.bss)
    __libspace_start                         0x200029b8   Data          96  libspace.o(.bss)
    __temporary_stack_top$libspace           0x20002a18   Data           0  libspace.o(.bss)



==============================================================================

Memory Map of the image

  Image Entry point : 0x080000ed

  Load Region LR_IROM1 (Base: 0x08000000, Size: 0x00002dac, Max: 0x00010000, ABSOLUTE)

    Execution Region ER_IROM1 (Exec base: 0x08000000, Load base: 0x08000000, Size: 0x00002d7c, Max: 0x00010000, ABSOLUTE)

    Exec Addr    Load Addr    Size         Type   Attr      Idx    E Section Name        Object

    0x08000000   0x08000000   0x000000ec   Data   RO         3138    RESET               startup_stm32f10x_md.o
    0x080000ec   0x080000ec   0x00000008   Code   RO         4097  * !!!main             c_w.l(__main.o)
    0x080000f4   0x080000f4   0x00000034   Code   RO         4260    !!!scatter          c_w.l(__scatter.o)
    0x08000128   0x08000128   0x0000001a   Code   RO         4262    !!handler_copy      c_w.l(__scatter_copy.o)
    0x08000142   0x08000142   0x00000002   PAD
    0x08000144   0x08000144   0x0000001c   Code   RO         4264    !!handler_zi        c_w.l(__scatter_zi.o)
    0x08000160   0x08000160   0x00000002   Code   RO         4130    .ARM.Collect$$libinit$$00000000  c_w.l(libinit.o)
    0x08000162   0x08000162   0x00000000   Code   RO         4137    .ARM.Collect$$libinit$$00000002  c_w.l(libinit2.o)
    0x08000162   0x08000162   0x00000000   Code   RO         4139    .ARM.Collect$$libinit$$00000004  c_w.l(libinit2.o)
    0x08000162   0x08000162   0x00000000   Code   RO         4142    .ARM.Collect$$libinit$$0000000A  c_w.l(libinit2.o)
    0x08000162   0x08000162   0x00000000   Code   RO         4144    .ARM.Collect$$libinit$$0000000C  c_w.l(libinit2.o)
    0x08000162   0x08000162   0x00000000   Code   RO         4146    .ARM.Collect$$libinit$$0000000E  c_w.l(libinit2.o)
    0x08000162   0x08000162   0x00000000   Code   RO         4149    .ARM.Collect$$libinit$$00000011  c_w.l(libinit2.o)
    0x08000162   0x08000162   0x00000000   Code   RO         4151    .ARM.Collect$$libinit$$00000013  c_w.l(libinit2.o)
    0x08000162   0x08000162   0x00000000   Code   RO         4153    .ARM.Collect$$libinit$$00000015  c_w.l(libinit2.o)
    0x08000162   0x08000162   0x00000000   Code   RO         4155    .ARM.Collect$$libinit$$00000017  c_w.l(libinit2.o)
    0x08000162   0x08000162   0x00000000   Code   RO         4157    .ARM.Collect$$libinit$$00000019  c_w.l(libinit2.o)
    0x08000162   0x08000162   0x00000000   Code   RO         4159    .ARM.Collect$$libinit$$0000001B  c_w.l(libinit2.o)
    0x08000162   0x08000162   0x00000000   Code   RO         4161    .ARM.Collect$$libinit$$0000001D  c_w.l(libinit2.o)
    0x08000162   0x08000162   0x00000000   Code   RO         4163    .ARM.Collect$$libinit$$0000001F  c_w.l(libinit2.o)
    0x08000162   0x08000162   0x00000000   Code   RO         4165    .ARM.Collect$$libinit$$00000021  c_w.l(libinit2.o)
    0x08000162   0x08000162   0x00000000   Code   RO         4167    .ARM.Collect$$libinit$$00000023  c_w.l(libinit2.o)
    0x08000162   0x08000162   0x00000000   Code   RO         4169    .ARM.Collect$$libinit$$00000025  c_w.l(libinit2.o)
    0x08000162   0x08000162   0x00000000   Code   RO         4173    .ARM.Collect$$libinit$$0000002C  c_w.l(libinit2.o)
    0x08000162   0x08000162   0x00000000   Code   RO         4175    .ARM.Collect$$libinit$$0000002E  c_w.l(libinit2.o)
    0x08000162   0x08000162   0x00000000   Code   RO         4177    .ARM.Collect$$libinit$$00000030  c_w.l(libinit2.o)
    0x08000162   0x08000162   0x00000000   Code   RO         4179    .ARM.Collect$$libinit$$00000032  c_w.l(libinit2.o)
    0x08000162   0x08000162   0x00000002   Code   RO         4180    .ARM.Collect$$libinit$$00000033  c_w.l(libinit2.o)
    0x08000164   0x08000164   0x00000002   Code   RO         4200    .ARM.Collect$$libshutdown$$00000000  c_w.l(libshutdown.o)
    0x08000166   0x08000166   0x00000000   Code   RO         4213    .ARM.Collect$$libshutdown$$00000002  c_w.l(libshutdown2.o)
    0x08000166   0x08000166   0x00000000   Code   RO         4215    .ARM.Collect$$libshutdown$$00000004  c_w.l(libshutdown2.o)
    0x08000166   0x08000166   0x00000000   Code   RO         4218    .ARM.Collect$$libshutdown$$00000007  c_w.l(libshutdown2.o)
    0x08000166   0x08000166   0x00000000   Code   RO         4221    .ARM.Collect$$libshutdown$$0000000A  c_w.l(libshutdown2.o)
    0x08000166   0x08000166   0x00000000   Code   RO         4223    .ARM.Collect$$libshutdown$$0000000C  c_w.l(libshutdown2.o)
    0x08000166   0x08000166   0x00000000   Code   RO         4226    .ARM.Collect$$libshutdown$$0000000F  c_w.l(libshutdown2.o)
    0x08000166   0x08000166   0x00000002   Code   RO         4227    .ARM.Collect$$libshutdown$$00000010  c_w.l(libshutdown2.o)
    0x08000168   0x08000168   0x00000000   Code   RO         4099    .ARM.Collect$$rtentry$$00000000  c_w.l(__rtentry.o)
    0x08000168   0x08000168   0x00000000   Code   RO         4105    .ARM.Collect$$rtentry$$00000002  c_w.l(__rtentry2.o)
    0x08000168   0x08000168   0x00000006   Code   RO         4117    .ARM.Collect$$rtentry$$00000004  c_w.l(__rtentry4.o)
    0x0800016e   0x0800016e   0x00000000   Code   RO         4107    .ARM.Collect$$rtentry$$00000009  c_w.l(__rtentry2.o)
    0x0800016e   0x0800016e   0x00000004   Code   RO         4108    .ARM.Collect$$rtentry$$0000000A  c_w.l(__rtentry2.o)
    0x08000172   0x08000172   0x00000000   Code   RO         4110    .ARM.Collect$$rtentry$$0000000C  c_w.l(__rtentry2.o)
    0x08000172   0x08000172   0x00000008   Code   RO         4111    .ARM.Collect$$rtentry$$0000000D  c_w.l(__rtentry2.o)
    0x0800017a   0x0800017a   0x00000002   Code   RO         4134    .ARM.Collect$$rtexit$$00000000  c_w.l(rtexit.o)
    0x0800017c   0x0800017c   0x00000000   Code   RO         4182    .ARM.Collect$$rtexit$$00000002  c_w.l(rtexit2.o)
    0x0800017c   0x0800017c   0x00000004   Code   RO         4183    .ARM.Collect$$rtexit$$00000003  c_w.l(rtexit2.o)
    0x08000180   0x08000180   0x00000006   Code   RO         4184    .ARM.Collect$$rtexit$$00000004  c_w.l(rtexit2.o)
    0x08000186   0x08000186   0x00000002   PAD
    0x08000188   0x08000188   0x00000040   Code   RO         3139    .text               startup_stm32f10x_md.o
    0x080001c8   0x080001c8   0x00000014   Code   RO         4083    .text               c_w.l(strchr.o)
    0x080001dc   0x080001dc   0x00000058   Code   RO         4085    .text               c_w.l(memcmp.o)
    0x08000234   0x08000234   0x00000048   Code   RO         4087    .text               c_w.l(strcpy.o)
    0x0800027c   0x0800027c   0x00000018   Code   RO         4089    .text               c_w.l(strcat.o)
    0x08000294   0x08000294   0x0000008a   Code   RO         4091    .text               c_w.l(rt_memcpy_v6.o)
    0x0800031e   0x0800031e   0x00000010   Code   RO         4093    .text               c_w.l(aeabi_memset.o)
    0x0800032e   0x0800032e   0x00000006   Code   RO         4095    .text               c_w.l(heapauxi.o)
    0x08000334   0x08000334   0x00000064   Code   RO         4100    .text               c_w.l(rt_memcpy_w.o)
    0x08000398   0x08000398   0x00000044   Code   RO         4102    .text               c_w.l(rt_memclr.o)
    0x080003dc   0x080003dc   0x0000004e   Code   RO         4119    .text               c_w.l(rt_memclr_w.o)
    0x0800042a   0x0800042a   0x0000004a   Code   RO         4121    .text               c_w.l(sys_stackheap_outer.o)
    0x08000474   0x08000474   0x00000012   Code   RO         4123    .text               c_w.l(exit.o)
    0x08000486   0x08000486   0x00000002   PAD
    0x08000488   0x08000488   0x00000008   Code   RO         4131    .text               c_w.l(libspace.o)
    0x08000490   0x08000490   0x0000000c   Code   RO         4192    .text               c_w.l(sys_exit.o)
    0x0800049c   0x0800049c   0x00000002   Code   RO         4203    .text               c_w.l(use_no_semi.o)
    0x0800049e   0x0800049e   0x00000000   Code   RO         4205    .text               c_w.l(indicate_semi.o)
    0x0800049e   0x0800049e   0x00000002   PAD
    0x080004a0   0x080004a0   0x00000058   Code   RO         3954    i.Audio_Start       aduio_player.o
    0x080004f8   0x080004f8   0x0000008c   Code   RO         3955    i.Audio_Stop        aduio_player.o
    0x08000584   0x08000584   0x00000004   Code   RO         4018    i.BusFault_Handler  stm32f10x_it.o
    0x08000588   0x08000588   0x00000058   Code   RO         3899    i.DMA1_Channel3_IRQHandler  mydma.o
    0x080005e0   0x080005e0   0x0000001c   Code   RO          839    i.DMA_ClearITPendingBit  stm32f10x_dma.o
    0x080005fc   0x080005fc   0x00000018   Code   RO          840    i.DMA_Cmd           stm32f10x_dma.o
    0x08000614   0x08000614   0x0000002c   Code   RO          844    i.DMA_GetITStatus   stm32f10x_dma.o
    0x08000640   0x08000640   0x00000012   Code   RO          845    i.DMA_ITConfig      stm32f10x_dma.o
    0x08000652   0x08000652   0x0000003c   Code   RO          846    i.DMA_Init          stm32f10x_dma.o
    0x0800068e   0x0800068e   0x00000002   Code   RO         4019    i.DebugMon_Handler  stm32f10x_it.o
    0x08000690   0x08000690   0x0000001c   Code   RO         3930    i.EXTI1_IRQHandler  key.o
    0x080006ac   0x080006ac   0x0000000c   Code   RO          914    i.EXTI_ClearITPendingBit  stm32f10x_exti.o
    0x080006b8   0x080006b8   0x00000028   Code   RO          918    i.EXTI_GetITStatus  stm32f10x_exti.o
    0x080006e0   0x080006e0   0x00000094   Code   RO          919    i.EXTI_Init         stm32f10x_exti.o
    0x08000774   0x08000774   0x00000010   Code   RO         3728    i.End_FAT           wav.o
    0x08000784   0x08000784   0x0000000c   Code   RO         3731    i.FAT32_SeekAll     wav.o
    0x08000790   0x08000790   0x00000040   Code   RO         1273    i.GPIO_EXTILineConfig  stm32f10x_gpio.o
    0x080007d0   0x080007d0   0x00000116   Code   RO         1276    i.GPIO_Init         stm32f10x_gpio.o
    0x080008e6   0x080008e6   0x0000000a   Code   RO         1287    i.GPIO_WriteBit     stm32f10x_gpio.o
    0x080008f0   0x080008f0   0x00000004   Code   RO         4020    i.HardFault_Handler  stm32f10x_it.o
    0x080008f4   0x080008f4   0x000000a4   Code   RO         3858    i.Init_Audio_PWM    audio_pwm.o
    0x08000998   0x08000998   0x00000068   Code   RO         3879    i.Init_Audio_Timer  audio_timer.o
    0x08000a00   0x08000a00   0x00000040   Code   RO         3732    i.Init_WAV          wav.o
    0x08000a40   0x08000a40   0x0000000c   Code   RO         3733    i.Init_WAV_Head     wav.o
    0x08000a4c   0x08000a4c   0x00000080   Code   RO         3931    i.Key_Init          key.o
    0x08000acc   0x08000acc   0x00000004   Code   RO         4021    i.MemManage_Handler  stm32f10x_it.o
    0x08000ad0   0x08000ad0   0x0000007c   Code   RO         3900    i.MyDMA_Init        mydma.o
    0x08000b4c   0x08000b4c   0x00000030   Code   RO         3901    i.MyDMA_Init1       mydma.o
    0x08000b7c   0x08000b7c   0x00000014   Code   RO         3598    i.MySpi_W_cs        spi_hardware.o
    0x08000b90   0x08000b90   0x00000002   Code   RO         4022    i.NMI_Handler       stm32f10x_it.o
    0x08000b92   0x08000b92   0x00000002   PAD
    0x08000b94   0x08000b94   0x00000070   Code   RO            1    i.NVIC_Init         misc.o
    0x08000c04   0x08000c04   0x00000014   Code   RO            2    i.NVIC_PriorityGroupConfig  misc.o
    0x08000c18   0x08000c18   0x00000002   Code   RO         4023    i.PendSV_Handler    stm32f10x_it.o
    0x08000c1a   0x08000c1a   0x00000002   PAD
    0x08000c1c   0x08000c1c   0x00000020   Code   RO         1703    i.RCC_AHBPeriphClockCmd  stm32f10x_rcc.o
    0x08000c3c   0x08000c3c   0x00000020   Code   RO         1704    i.RCC_APB1PeriphClockCmd  stm32f10x_rcc.o
    0x08000c5c   0x08000c5c   0x00000020   Code   RO         1706    i.RCC_APB2PeriphClockCmd  stm32f10x_rcc.o
    0x08000c7c   0x08000c7c   0x000000d4   Code   RO         1714    i.RCC_GetClocksFreq  stm32f10x_rcc.o
    0x08000d50   0x08000d50   0x0000000e   Code   RO         3640    i.Read_Little_Endian16  hw226.o
    0x08000d5e   0x08000d5e   0x0000001e   Code   RO         3641    i.Read_Little_Endian32  hw226.o
    0x08000d7c   0x08000d7c   0x00000098   Code   RO         3735    i.SD_Data_Init      wav.o
    0x08000e14   0x08000e14   0x0000008c   Code   RO         3642    i.SD_Init           hw226.o
    0x08000ea0   0x08000ea0   0x00000080   Code   RO         3644    i.SD_ReadBlock      hw226.o
    0x08000f20   0x08000f20   0x00000010   Code   RO         3645    i.SD_ReadSector     hw226.o
    0x08000f30   0x08000f30   0x00000064   Code   RO         3646    i.SD_SendCmd        hw226.o
    0x08000f94   0x08000f94   0x00000018   Code   RO         3647    i.SD_SendDummyClock  hw226.o
    0x08000fac   0x08000fac   0x00000018   Code   RO         2192    i.SPI_Cmd           stm32f10x_spi.o
    0x08000fc4   0x08000fc4   0x000000b0   Code   RO         3599    i.SPI_Hardware_Init  spi_hardware.o
    0x08001074   0x08001074   0x0000000a   Code   RO         3600    i.SPI_Hardware_Start  spi_hardware.o
    0x0800107e   0x0800107e   0x0000000a   Code   RO         3601    i.SPI_Hardware_Stop  spi_hardware.o
    0x08001088   0x08001088   0x00000038   Code   RO         3602    i.SPI_Hardware_swap  spi_hardware.o
    0x080010c0   0x080010c0   0x00000012   Code   RO         2200    i.SPI_I2S_GetFlagStatus  stm32f10x_spi.o
    0x080010d2   0x080010d2   0x00000006   Code   RO         2203    i.SPI_I2S_ReceiveData  stm32f10x_spi.o
    0x080010d8   0x080010d8   0x00000004   Code   RO         2204    i.SPI_I2S_SendData  stm32f10x_spi.o
    0x080010dc   0x080010dc   0x0000003c   Code   RO         2205    i.SPI_Init          stm32f10x_spi.o
    0x08001118   0x08001118   0x00000002   Code   RO         4024    i.SVC_Handler       stm32f10x_it.o
    0x0800111a   0x0800111a   0x00000002   PAD
    0x0800111c   0x0800111c   0x000000b0   Code   RO         3535    i.Serial_Init       serial.o
    0x080011cc   0x080011cc   0x00000020   Code   RO         3537    i.Serial_SendByte   serial.o
    0x080011ec   0x080011ec   0x00000040   Code   RO         3538    i.Serial_SendHex    serial.o
    0x0800122c   0x0800122c   0x00000016   Code   RO         3540    i.Serial_SendString  serial.o
    0x08001242   0x08001242   0x00000008   Code   RO         3143    i.SetSysClock       system_stm32f10x.o
    0x0800124a   0x0800124a   0x00000002   PAD
    0x0800124c   0x0800124c   0x000000e0   Code   RO         3144    i.SetSysClockTo72   system_stm32f10x.o
    0x0800132c   0x0800132c   0x000000ac   Code   RO         3736    i.Start_FAT         wav.o
    0x080013d8   0x080013d8   0x00000002   Code   RO         4025    i.SysTick_Handler   stm32f10x_it.o
    0x080013da   0x080013da   0x00000002   PAD
    0x080013dc   0x080013dc   0x00000060   Code   RO         3146    i.SystemInit        system_stm32f10x.o
    0x0800143c   0x0800143c   0x00000018   Code   RO         2338    i.TIM_ARRPreloadConfig  stm32f10x_tim.o
    0x08001454   0x08001454   0x0000001e   Code   RO         2342    i.TIM_CCxCmd        stm32f10x_tim.o
    0x08001472   0x08001472   0x00000006   Code   RO         2345    i.TIM_ClearITPendingBit  stm32f10x_tim.o
    0x08001478   0x08001478   0x00000018   Code   RO         2350    i.TIM_Cmd           stm32f10x_tim.o
    0x08001490   0x08001490   0x00000012   Code   RO         2353    i.TIM_DMACmd        stm32f10x_tim.o
    0x080014a2   0x080014a2   0x00000004   Code   RO         2364    i.TIM_GenerateEvent  stm32f10x_tim.o
    0x080014a6   0x080014a6   0x0000000c   Code   RO         2377    i.TIM_InternalClockConfig  stm32f10x_tim.o
    0x080014b2   0x080014b2   0x00000002   PAD
    0x080014b4   0x080014b4   0x00000098   Code   RO         2379    i.TIM_OC1Init       stm32f10x_tim.o
    0x0800154c   0x0800154c   0x00000012   Code   RO         2382    i.TIM_OC1PreloadConfig  stm32f10x_tim.o
    0x0800155e   0x0800155e   0x00000002   PAD
    0x08001560   0x08001560   0x000000a4   Code   RO         2421    i.TIM_TimeBaseInit  stm32f10x_tim.o
    0x08001604   0x08001604   0x00000038   Code   RO         3543    i.USART1_IRQHandler  serial.o
    0x0800163c   0x0800163c   0x0000001e   Code   RO         2886    i.USART_ClearITPendingBit  stm32f10x_usart.o
    0x0800165a   0x0800165a   0x00000018   Code   RO         2889    i.USART_Cmd         stm32f10x_usart.o
    0x08001672   0x08001672   0x0000001a   Code   RO         2892    i.USART_GetFlagStatus  stm32f10x_usart.o
    0x0800168c   0x0800168c   0x00000054   Code   RO         2893    i.USART_GetITStatus  stm32f10x_usart.o
    0x080016e0   0x080016e0   0x0000004a   Code   RO         2895    i.USART_ITConfig    stm32f10x_usart.o
    0x0800172a   0x0800172a   0x00000002   PAD
    0x0800172c   0x0800172c   0x000000d8   Code   RO         2896    i.USART_Init        stm32f10x_usart.o
    0x08001804   0x08001804   0x0000000a   Code   RO         2903    i.USART_ReceiveData  stm32f10x_usart.o
    0x0800180e   0x0800180e   0x00000008   Code   RO         2906    i.USART_SendData    stm32f10x_usart.o
    0x08001816   0x08001816   0x00000004   Code   RO         4026    i.UsageFault_Handler  stm32f10x_it.o
    0x0800181a   0x0800181a   0x00000002   PAD
    0x0800181c   0x0800181c   0x00000148   Code   RO         3737    i.WAV_Sample        wav.o
    0x08001964   0x08001964   0x00000058   Code   RO         3739    i.Wav_BuildPath     wav.o
    0x080019bc   0x080019bc   0x0000012c   Code   RO         3740    i.Wav_FindFiles     wav.o
    0x08001ae8   0x08001ae8   0x00000046   Code   RO         3741    i.Wav_IsFileName    wav.o
    0x08001b2e   0x08001b2e   0x00000002   PAD
    0x08001b30   0x08001b30   0x00000204   Code   RO         3742    i.Wav_LoadHeaders   wav.o
    0x08001d34   0x08001d34   0x00000056   Code   RO         3743    i.Wav_StoreFileName  wav.o
    0x08001d8a   0x08001d8a   0x00000016   Code   RO         3744    i.Wav_ToUpper       wav.o
    0x08001da0   0x08001da0   0x000000e0   Code   RO         3249    i.check_fs          ff.o
    0x08001e80   0x08001e80   0x0000001a   Code   RO         3250    i.clst2sect         ff.o
    0x08001e9a   0x08001e9a   0x00000002   PAD
    0x08001e9c   0x08001e9c   0x0000010c   Code   RO         3251    i.create_name       ff.o
    0x08001fa8   0x08001fa8   0x00000034   Code   RO         3252    i.dbc_1st           ff.o
    0x08001fdc   0x08001fdc   0x00000048   Code   RO         3253    i.dbc_2nd           ff.o
    0x08002024   0x08002024   0x0000006c   Code   RO         3254    i.dir_find          ff.o
    0x08002090   0x08002090   0x0000009e   Code   RO         3255    i.dir_next          ff.o
    0x0800212e   0x0800212e   0x00000074   Code   RO         3256    i.dir_read          ff.o
    0x080021a2   0x080021a2   0x0000009a   Code   RO         3257    i.dir_sdi           ff.o
    0x0800223c   0x0800223c   0x00000028   Code   RO         3196    i.disk_initialize   diskio.o
    0x08002264   0x08002264   0x00000054   Code   RO         3198    i.disk_read         diskio.o
    0x080022b8   0x080022b8   0x00000014   Code   RO         3199    i.disk_status       diskio.o
    0x080022cc   0x080022cc   0x00000018   Code   RO         3258    i.f_close           ff.o
    0x080022e4   0x080022e4   0x00000018   Code   RO         3259    i.f_closedir        ff.o
    0x080022fc   0x080022fc   0x00000104   Code   RO         3260    i.f_lseek           ff.o
    0x08002400   0x08002400   0x00000060   Code   RO         3261    i.f_mount           ff.o
    0x08002460   0x08002460   0x00000082   Code   RO         3262    i.f_open            ff.o
    0x080024e2   0x080024e2   0x0000006c   Code   RO         3263    i.f_opendir         ff.o
    0x0800254e   0x0800254e   0x00000150   Code   RO         3264    i.f_read            ff.o
    0x0800269e   0x0800269e   0x0000005a   Code   RO         3265    i.f_readdir         ff.o
    0x080026f8   0x080026f8   0x00000078   Code   RO         3267    i.find_volume       ff.o
    0x08002770   0x08002770   0x0000009e   Code   RO         3268    i.follow_path       ff.o
    0x0800280e   0x0800280e   0x000000e0   Code   RO         3269    i.get_fat           ff.o
    0x080028ee   0x080028ee   0x00000092   Code   RO         3270    i.get_fileinfo      ff.o
    0x08002980   0x08002980   0x00000052   Code   RO         3271    i.get_ldnumber      ff.o
    0x080029d2   0x080029d2   0x0000000c   Code   RO         3272    i.ld_16             ff.o
    0x080029de   0x080029de   0x00000018   Code   RO         3273    i.ld_32             ff.o
    0x080029f6   0x080029f6   0x00000026   Code   RO         3274    i.ld_clust          ff.o
    0x08002a1c   0x08002a1c   0x000000c0   Code   RO         3989    i.main              main.o
    0x08002adc   0x08002adc   0x00000210   Code   RO         3275    i.mount_volume      ff.o
    0x08002cec   0x08002cec   0x0000002a   Code   RO         3276    i.move_window       ff.o
    0x08002d16   0x08002d16   0x0000003c   Code   RO         3277    i.validate          ff.o
    0x08002d52   0x08002d52   0x0000000a   Data   RO         3278    .constdata          ff.o
    0x08002d5c   0x08002d5c   0x00000020   Data   RO         4258    Region$$Table       anon$$obj.o


    Execution Region RW_IRAM1 (Exec base: 0x20000000, Load base: 0x08002d7c, Size: 0x00003018, Max: 0x00005000, ABSOLUTE)

    Exec Addr    Load Addr    Size         Type   Attr      Idx    E Section Name        Object

    0x20000000   0x08002d7c   0x00000014   Data   RW         1734    .data               stm32f10x_rcc.o
    0x20000014   0x08002d90   0x00000001   Data   RW         3201    .data               diskio.o
    0x20000015   0x08002d91   0x00000003   PAD
    0x20000018   0x08002d94   0x00000006   Data   RW         3279    .data               ff.o
    0x2000001e   0x08002d9a   0x00000002   Data   RW         3544    .data               serial.o
    0x20000020   0x08002d9c   0x00000008   Data   RW         3746    .data               wav.o
    0x20000028   0x08002da4   0x00000003   Data   RW         3903    .data               mydma.o
    0x2000002b   0x08002da7   0x00000001   Data   RW         3932    .data               key.o
    0x2000002c   0x08002da8   0x00000002   Data   RW         3956    .data               aduio_player.o
    0x2000002e   0x08002daa   0x00000002   PAD
    0x20000030        -       0x00001988   Zero   RW         3745    .bss                wav.o
    0x200019b8        -       0x00001000   Zero   RW         3902    .bss                mydma.o
    0x200029b8        -       0x00000060   Zero   RW         4132    .bss                c_w.l(libspace.o)
    0x20002a18        -       0x00000200   Zero   RW         3137    HEAP                startup_stm32f10x_md.o
    0x20002c18        -       0x00000400   Zero   RW         3136    STACK               startup_stm32f10x_md.o


==============================================================================

Image component sizes


      Code (inc. data)   RO Data    RW Data    ZI Data      Debug   Object Name

       228         42          0          2          0       1523   aduio_player.o
       164          6          0          0          0        601   audio_pwm.o
       104          4          0          0          0        519   audio_timer.o
         0          0          0          0          0         32   core_cm3.o
       144         16          0          1          0       5064   diskio.o
      3680         60         10          6          0      34205   ff.o
       452          0          0          0          0       4380   hw226.o
       156          8          0          1          0       1074   key.o
       192         36          0          0          0        519   main.o
       132         22          0          0          0     270927   misc.o
       260         40          0          3       4096       2114   mydma.o
       350         24          0          2          0       2691   serial.o
       272         20          0          0          0       2362   spi_hardware.o
        64         26        236          0       1536        748   startup_stm32f10x_md.o
         0          0          0          0          0       1612   stm32f10x_adc.o
       174         18          0          0          0      13750   stm32f10x_dma.o
       200         18          0          0          0       3868   stm32f10x_exti.o
       352          4          0          0          0      11106   stm32f10x_gpio.o
        26          0          0          0          0       3334   stm32f10x_it.o
       308         38          0         20          0      13194   stm32f10x_rcc.o
       112          0          0          0          0      10174   stm32f10x_spi.o
       452         62          0          0          0      25813   stm32f10x_tim.o
       472          6          0          0          0      12027   stm32f10x_usart.o
       328         28          0          0          0       1645   system_stm32f10x.o
      1838        302          0          8       6536      11003   wav.o

    ----------------------------------------------------------------------
     10482        780        278         48      12168     434285   Object Totals
         0          0         32          0          0          0   (incl. Generated)
        22          0          0          5          0          0   (incl. Padding)

    ----------------------------------------------------------------------

      Code (inc. data)   RO Data    RW Data    ZI Data      Debug   Library Member Name

         8          0          0          0          0         68   __main.o
         0          0          0          0          0          0   __rtentry.o
        12          0          0          0          0          0   __rtentry2.o
         6          0          0          0          0          0   __rtentry4.o
        52          8          0          0          0          0   __scatter.o
        26          0          0          0          0          0   __scatter_copy.o
        28          0          0          0          0          0   __scatter_zi.o
        16          0          0          0          0         68   aeabi_memset.o
        18          0          0          0          0         80   exit.o
         6          0          0          0          0        152   heapauxi.o
         0          0          0          0          0          0   indicate_semi.o
         2          0          0          0          0          0   libinit.o
         2          0          0          0          0          0   libinit2.o
         2          0          0          0          0          0   libshutdown.o
         2          0          0          0          0          0   libshutdown2.o
         8          4          0          0         96         68   libspace.o
        88          0          0          0          0         76   memcmp.o
        68          0          0          0          0         68   rt_memclr.o
        78          0          0          0          0         80   rt_memclr_w.o
       138          0          0          0          0         68   rt_memcpy_v6.o
       100          0          0          0          0         80   rt_memcpy_w.o
         2          0          0          0          0          0   rtexit.o
        10          0          0          0          0          0   rtexit2.o
        24          0          0          0          0         68   strcat.o
        20          0          0          0          0         68   strchr.o
        72          0          0          0          0         80   strcpy.o
        12          4          0          0          0         68   sys_exit.o
        74          0          0          0          0         80   sys_stackheap_outer.o
         2          0          0          0          0         68   use_no_semi.o

    ----------------------------------------------------------------------
       884         16          0          0         96       1240   Library Totals
         8          0          0          0          0          0   (incl. Padding)

    ----------------------------------------------------------------------

      Code (inc. data)   RO Data    RW Data    ZI Data      Debug   Library Name

       876         16          0          0         96       1240   c_w.l

    ----------------------------------------------------------------------
       884         16          0          0         96       1240   Library Totals

    ----------------------------------------------------------------------

==============================================================================


      Code (inc. data)   RO Data    RW Data    ZI Data      Debug   

     11366        796        278         48      12264     428709   Grand Totals
     11366        796        278         48      12264     428709   ELF Image Totals
     11366        796        278         48          0          0   ROM Totals

==============================================================================

    Total RO  Size (Code + RO Data)                11644 (  11.37kB)
    Total RW  Size (RW Data + ZI Data)             12312 (  12.02kB)
    Total ROM Size (Code + RO Data + RW Data)      11692 (  11.42kB)

==============================================================================

