Component: ARM Compiler 5.06 update 5 (build 528) Tool: armlink [4d35e2]

==============================================================================

Section Cross References

    stm32f10x_adc.o(i.ADC_DeInit) refers to stm32f10x_rcc.o(i.RCC_APB2PeriphResetCmd) for RCC_APB2PeriphResetCmd
    stm32f10x_bkp.o(i.BKP_DeInit) refers to stm32f10x_rcc.o(i.RCC_BackupResetCmd) for RCC_BackupResetCmd
    stm32f10x_can.o(i.CAN_DeInit) refers to stm32f10x_rcc.o(i.RCC_APB1PeriphResetCmd) for RCC_APB1PeriphResetCmd
    stm32f10x_can.o(i.CAN_GetITStatus) refers to stm32f10x_can.o(i.CheckITStatus) for CheckITStatus
    stm32f10x_cec.o(i.CEC_DeInit) refers to stm32f10x_rcc.o(i.RCC_APB1PeriphResetCmd) for RCC_APB1PeriphResetCmd
    stm32f10x_dac.o(i.DAC_DeInit) refers to stm32f10x_rcc.o(i.RCC_APB1PeriphResetCmd) for RCC_APB1PeriphResetCmd
    stm32f10x_flash.o(i.FLASH_EnableWriteProtection) refers to stm32f10x_flash.o(i.FLASH_WaitForLastOperation) for FLASH_WaitForLastOperation
    stm32f10x_flash.o(i.FLASH_EraseAllBank1Pages) refers to stm32f10x_flash.o(i.FLASH_WaitForLastBank1Operation) for FLASH_WaitForLastBank1Operation
    stm32f10x_flash.o(i.FLASH_EraseAllPages) refers to stm32f10x_flash.o(i.FLASH_WaitForLastOperation) for FLASH_WaitForLastOperation
    stm32f10x_flash.o(i.FLASH_EraseOptionBytes) refers to stm32f10x_flash.o(i.FLASH_GetReadOutProtectionStatus) for FLASH_GetReadOutProtectionStatus
    stm32f10x_flash.o(i.FLASH_EraseOptionBytes) refers to stm32f10x_flash.o(i.FLASH_WaitForLastOperation) for FLASH_WaitForLastOperation
    stm32f10x_flash.o(i.FLASH_ErasePage) refers to stm32f10x_flash.o(i.FLASH_WaitForLastOperation) for FLASH_WaitForLastOperation
    stm32f10x_flash.o(i.FLASH_ProgramHalfWord) refers to stm32f10x_flash.o(i.FLASH_WaitForLastOperation) for FLASH_WaitForLastOperation
    stm32f10x_flash.o(i.FLASH_ProgramOptionByteData) refers to stm32f10x_flash.o(i.FLASH_WaitForLastOperation) for FLASH_WaitForLastOperation
    stm32f10x_flash.o(i.FLASH_ProgramWord) refers to stm32f10x_flash.o(i.FLASH_WaitForLastOperation) for FLASH_WaitForLastOperation
    stm32f10x_flash.o(i.FLASH_ReadOutProtection) refers to stm32f10x_flash.o(i.FLASH_WaitForLastOperation) for FLASH_WaitForLastOperation
    stm32f10x_flash.o(i.FLASH_UserOptionByteConfig) refers to stm32f10x_flash.o(i.FLASH_WaitForLastOperation) for FLASH_WaitForLastOperation
    stm32f10x_flash.o(i.FLASH_WaitForLastBank1Operation) refers to stm32f10x_flash.o(i.FLASH_GetBank1Status) for FLASH_GetBank1Status
    stm32f10x_flash.o(i.FLASH_WaitForLastOperation) refers to stm32f10x_flash.o(i.FLASH_GetBank1Status) for FLASH_GetBank1Status
    stm32f10x_gpio.o(i.GPIO_AFIODeInit) refers to stm32f10x_rcc.o(i.RCC_APB2PeriphResetCmd) for RCC_APB2PeriphResetCmd
    stm32f10x_gpio.o(i.GPIO_DeInit) refers to stm32f10x_rcc.o(i.RCC_APB2PeriphResetCmd) for RCC_APB2PeriphResetCmd
    stm32f10x_i2c.o(i.I2C_DeInit) refers to stm32f10x_rcc.o(i.RCC_APB1PeriphResetCmd) for RCC_APB1PeriphResetCmd
    stm32f10x_i2c.o(i.I2C_Init) refers to stm32f10x_rcc.o(i.RCC_GetClocksFreq) for RCC_GetClocksFreq
    stm32f10x_pwr.o(i.PWR_DeInit) refers to stm32f10x_rcc.o(i.RCC_APB1PeriphResetCmd) for RCC_APB1PeriphResetCmd
    stm32f10x_rcc.o(i.RCC_GetClocksFreq) refers to stm32f10x_rcc.o(.data) for APBAHBPrescTable
    stm32f10x_rcc.o(i.RCC_WaitForHSEStartUp) refers to stm32f10x_rcc.o(i.RCC_GetFlagStatus) for RCC_GetFlagStatus
    stm32f10x_rtc.o(i.RTC_SetAlarm) refers to stm32f10x_rtc.o(i.RTC_EnterConfigMode) for RTC_EnterConfigMode
    stm32f10x_rtc.o(i.RTC_SetAlarm) refers to stm32f10x_rtc.o(i.RTC_ExitConfigMode) for RTC_ExitConfigMode
    stm32f10x_rtc.o(i.RTC_SetCounter) refers to stm32f10x_rtc.o(i.RTC_EnterConfigMode) for RTC_EnterConfigMode
    stm32f10x_rtc.o(i.RTC_SetCounter) refers to stm32f10x_rtc.o(i.RTC_ExitConfigMode) for RTC_ExitConfigMode
    stm32f10x_rtc.o(i.RTC_SetPrescaler) refers to stm32f10x_rtc.o(i.RTC_EnterConfigMode) for RTC_EnterConfigMode
    stm32f10x_rtc.o(i.RTC_SetPrescaler) refers to stm32f10x_rtc.o(i.RTC_ExitConfigMode) for RTC_ExitConfigMode
    stm32f10x_spi.o(i.I2S_Init) refers to stm32f10x_rcc.o(i.RCC_GetClocksFreq) for RCC_GetClocksFreq
    stm32f10x_spi.o(i.SPI_I2S_DeInit) refers to stm32f10x_rcc.o(i.RCC_APB2PeriphResetCmd) for RCC_APB2PeriphResetCmd
    stm32f10x_spi.o(i.SPI_I2S_DeInit) refers to stm32f10x_rcc.o(i.RCC_APB1PeriphResetCmd) for RCC_APB1PeriphResetCmd
    stm32f10x_tim.o(i.TIM_DeInit) refers to stm32f10x_rcc.o(i.RCC_APB2PeriphResetCmd) for RCC_APB2PeriphResetCmd
    stm32f10x_tim.o(i.TIM_DeInit) refers to stm32f10x_rcc.o(i.RCC_APB1PeriphResetCmd) for RCC_APB1PeriphResetCmd
    stm32f10x_tim.o(i.TIM_ETRClockMode1Config) refers to stm32f10x_tim.o(i.TIM_ETRConfig) for TIM_ETRConfig
    stm32f10x_tim.o(i.TIM_ETRClockMode2Config) refers to stm32f10x_tim.o(i.TIM_ETRConfig) for TIM_ETRConfig
    stm32f10x_tim.o(i.TIM_ICInit) refers to stm32f10x_tim.o(i.TI1_Config) for TI1_Config
[...]
    i.Audio_Stop                             0x08000790   Section        0  aduio_player.o(i.Audio_Stop)
    i.Audio_Stop1                            0x080007a0   Section        0  aduio_player.o(i.Audio_Stop1)
    i.Audio_Timer_Init                       0x08000834   Section        0  audio_pwm.o(i.Audio_Timer_Init)
    i.Audio_get_flash                        0x080008f0   Section        0  aduio_player.o(i.Audio_get_flash)
    i.Audio_get_offset                       0x080008fc   Section        0  aduio_player.o(i.Audio_get_offset)
    i.Audio_get_state                        0x08000908   Section        0  aduio_player.o(i.Audio_get_state)
    i.Audio_restart                          0x0800091c   Section        0  aduio_player.o(i.Audio_restart)
    i.BusFault_Handler                       0x08000928   Section        0  stm32f10x_it.o(i.BusFault_Handler)
    i.DMA1_Channel5_IRQHandler               0x0800092c   Section        0  mydma.o(i.DMA1_Channel5_IRQHandler)
    i.DMA_ClearITPendingBit                  0x08000984   Section        0  stm32f10x_dma.o(i.DMA_ClearITPendingBit)
    i.DMA_Cmd                                0x080009a0   Section        0  stm32f10x_dma.o(i.DMA_Cmd)
    i.DMA_GetITStatus                        0x080009b8   Section        0  stm32f10x_dma.o(i.DMA_GetITStatus)
    i.DMA_ITConfig                           0x080009e4   Section        0  stm32f10x_dma.o(i.DMA_ITConfig)
    i.DMA_Init                               0x080009f6   Section        0  stm32f10x_dma.o(i.DMA_Init)
    i.DebugMon_Handler                       0x08000a32   Section        0  stm32f10x_it.o(i.DebugMon_Handler)
    i.EXTI3_IRQHandler                       0x08000a34   Section        0  rotate.o(i.EXTI3_IRQHandler)
    i.EXTI4_IRQHandler                       0x08000a58   Section        0  rotate.o(i.EXTI4_IRQHandler)
    i.EXTI_ClearITPendingBit                 0x08000a7c   Section        0  stm32f10x_exti.o(i.EXTI_ClearITPendingBit)
    i.EXTI_GetITStatus                       0x08000a88   Section        0  stm32f10x_exti.o(i.EXTI_GetITStatus)
    i.EXTI_Init                              0x08000ab0   Section        0  stm32f10x_exti.o(i.EXTI_Init)
    i.End_FAT                                0x08000b44   Section        0  wav.o(i.End_FAT)
    i.FAT32_SeekAll                          0x08000b54   Section        0  wav.o(i.FAT32_SeekAll)
    i.GPIO_EXTILineConfig                    0x08000b60   Section        0  stm32f10x_gpio.o(i.GPIO_EXTILineConfig)
    i.GPIO_Init                              0x08000ba0   Section        0  stm32f10x_gpio.o(i.GPIO_Init)
    i.GPIO_PinRemapConfig                    0x08000cb8   Section        0  stm32f10x_gpio.o(i.GPIO_PinRemapConfig)
    i.GPIO_ReadInputDataBit                  0x08000d48   Section        0  stm32f10x_gpio.o(i.GPIO_ReadInputDataBit)
    i.GPIO_WriteBit                          0x08000d5a   Section        0  stm32f10x_gpio.o(i.GPIO_WriteBit)
    i.HardFault_Handler                      0x08000d64   Section        0  stm32f10x_it.o(i.HardFault_Handler)
    i.Init_WAV                               0x08000d68   Section        0  wav.o(i.Init_WAV)
    i.Init_WAV_Head                          0x08000da8   Section        0  wav.o(i.Init_WAV_Head)
    i.Key_GetEvent                           0x08000db4   Section        0  key.o(i.Key_GetEvent)
    i.Key_Init                               0x08000dc4   Section        0  key.o(i.Key_Init)
    i.Key_Scanned                            0x08000df8   Section        0  key.o(i.Key_Scanned)
    i.MemManage_Handler                      0x08000e88   Section        0  stm32f10x_it.o(i.MemManage_Handler)
    i.MyDMA_Init                             0x08000e8c   Section        0  mydma.o(i.MyDMA_Init)
    i.MyDMA_Init1                            0x08000f08   Section        0  mydma.o(i.MyDMA_Init1)
    i.MySpi_W_cs                             0x08000f38   Section        0  spi_hardware.o(i.MySpi_W_cs)
    i.NMI_Handler                            0x08000f4c   Section        0  stm32f10x_it.o(i.NMI_Handler)
    i.NVIC_Init                              0x08000f50   Section        0  misc.o(i.NVIC_Init)
    i.NVIC_PriorityGroupConfig               0x08000fc0   Section        0  misc.o(i.NVIC_PriorityGroupConfig)
    i.OLED_Clear                             0x08000fd4   Section        0  oled.o(i.OLED_Clear)
    i.OLED_ClearLine                         0x08000ffe   Section        0  oled.o(i.OLED_ClearLine)
    i.OLED_ClearTextLine                     0x08001026   Section        0  oled.o(i.OLED_ClearTextLine)
    i.OLED_I2C_Init                          0x08001050   Section        0  oled.o(i.OLED_I2C_Init)
    i.OLED_I2C_SendByte                      0x080010a0   Section        0  oled.o(i.OLED_I2C_SendByte)
    i.OLED_I2C_Start                         0x080010fc   Section        0  oled.o(i.OLED_I2C_Start)
    i.OLED_I2C_Stop                          0x08001130   Section        0  oled.o(i.OLED_I2C_Stop)
    i.OLED_Init                              0x08001158   Section        0  oled.o(i.OLED_Init)
    i.OLED_SetCursor                         0x08001206   Section        0  oled.o(i.OLED_SetCursor)
    i.OLED_ShowChar                          0x08001228   Section        0  oled.o(i.OLED_ShowChar)
    i.OLED_ShowString                        0x0800129c   Section        0  oled.o(i.OLED_ShowString)
    i.OLED_WriteCommand                      0x080012c4   Section        0  oled.o(i.OLED_WriteCommand)
    i.OLED_WriteData                         0x080012e4   Section        0  oled.o(i.OLED_WriteData)
    i.OLED_show_Soneplaying                  0x08001304   Section        0  scene_manager.o(i.OLED_show_Soneplaying)
    OLED_show_Soneplaying                    0x08001305   Thumb Code   152  scene_manager.o(i.OLED_show_Soneplaying)
    i.OLED_show_Songlist                     0x080013bc   Section        0  scene_manager.o(i.OLED_show_Songlist)
    OLED_show_Songlist                       0x080013bd   Thumb Code   134  scene_manager.o(i.OLED_show_Songlist)
    i.PendSV_Handler                         0x08001450   Section        0  stm32f10x_it.o(i.PendSV_Handler)
    i.RCC_AHBPeriphClockCmd                  0x08001454   Section        0  stm32f10x_rcc.o(i.RCC_AHBPeriphClockCmd)
    i.RCC_APB1PeriphClockCmd                 0x08001474   Section        0  stm32f10x_rcc.o(i.RCC_APB1PeriphClockCmd)
    i.RCC_APB2PeriphClockCmd                 0x08001494   Section        0  stm32f10x_rcc.o(i.RCC_APB2PeriphClockCmd)
    i.RCC_GetClocksFreq                      0x080014b4   Section        0  stm32f10x_rcc.o(i.RCC_GetClocksFreq)
    i.Read_Little_Endian16                   0x08001588   Section        0  hw226.o(i.Read_Little_Endian16)
    i.Read_Little_Endian32                   0x08001596   Section        0  hw226.o(i.Read_Little_Endian32)
    i.Rotate_EXTI_Process                    0x080015b4   Section        0  rotate.o(i.Rotate_EXTI_Process)
    Rotate_EXTI_Process                      0x080015b5   Thumb Code   196  rotate.o(i.Rotate_EXTI_Process)
    i.Rotate_Init                            0x08001684   Section        0  rotate.o(i.Rotate_Init)
    i.Rotate_ReadAB                          0x0800174c   Section        0  rotate.o(i.Rotate_ReadAB)
    Rotate_ReadAB                            0x0800174d   Thumb Code    46  rotate.o(i.Rotate_ReadAB)
    i.SD_Data_Init                           0x08001780   Section        0  wav.o(i.SD_Data_Init)
    i.SD_Init                                0x08001818   Section        0  hw226.o(i.SD_Init)
    i.SD_ReadBlock                           0x080018a4   Section        0  hw226.o(i.SD_ReadBlock)
    i.SD_ReadSector                          0x08001924   Section        0  hw226.o(i.SD_ReadSector)
    i.SD_SendCmd                             0x08001934   Section        0  hw226.o(i.SD_SendCmd)
    i.SD_SendDummyClock                      0x08001998   Section        0  hw226.o(i.SD_SendDummyClock)
    i.SPI_Cmd                                0x080019b0   Section        0  stm32f10x_spi.o(i.SPI_Cmd)
    i.SPI_Hardware_Init                      0x080019c8   Section        0  spi_hardware.o(i.SPI_Hardware_Init)
    i.SPI_Hardware_Start                     0x08001a78   Section        0  spi_hardware.o(i.SPI_Hardware_Start)
    i.SPI_Hardware_Stop                      0x08001a82   Section        0  spi_hardware.o(i.SPI_Hardware_Stop)
    i.SPI_Hardware_swap                      0x08001a8c   Section        0  spi_hardware.o(i.SPI_Hardware_swap)
    i.SPI_I2S_GetFlagStatus                  0x08001ac4   Section        0  stm32f10x_spi.o(i.SPI_I2S_GetFlagStatus)
    i.SPI_I2S_ReceiveData                    0x08001ad6   Section        0  stm32f10x_spi.o(i.SPI_I2S_ReceiveData)
    i.SPI_I2S_SendData                       0x08001adc   Section        0  stm32f10x_spi.o(i.SPI_I2S_SendData)
    i.SPI_Init                               0x08001ae0   Section        0  stm32f10x_spi.o(i.SPI_Init)
    i.SVC_Handler                            0x08001b1c   Section        0  stm32f10x_it.o(i.SVC_Handler)
    i.Scene_Manager_Flash                    0x08001b20   Section        0  scene_manager.o(i.Scene_Manager_Flash)
    i.Scene_Manager_Handle                   0x08001b5c   Section        0  scene_manager.o(i.Scene_Manager_Handle)
    i.Scene_Manager_Init                     0x08001b84   Section        0  scene_manager.o(i.Scene_Manager_Init)
    i.Serial_Init                            0x08001bb0   Section        0  serial.o(i.Serial_Init)
    i.Serial_SendByte                        0x08001c5c   Section        0  serial.o(i.Serial_SendByte)
    i.Serial_SendHex                         0x08001c7c   Section        0  serial.o(i.Serial_SendHex)
    i.Serial_SendString                      0x08001cbc   Section        0  serial.o(i.Serial_SendString)
    i.SetSysClock                            0x08001cd2   Section        0  system_stm32f10x.o(i.SetSysClock)
    SetSysClock                              0x08001cd3   Thumb Code     8  system_stm32f10x.o(i.SetSysClock)
    i.SetSysClockTo72                        0x08001cdc   Section        0  system_stm32f10x.o(i.SetSysClockTo72)
    SetSysClockTo72                          0x08001cdd   Thumb Code   214  system_stm32f10x.o(i.SetSysClockTo72)
    i.Start_FAT                              0x08001dbc   Section        0  wav.o(i.Start_FAT)
    i.SysTick_Handler                        0x08001e6c   Section        0  main.o(i.SysTick_Handler)
    i.SystemInit                             0x08001e7c   Section        0  system_stm32f10x.o(i.SystemInit)
    i.TIM_ARRPreloadConfig                   0x08001edc   Section        0  stm32f10x_tim.o(i.TIM_ARRPreloadConfig)
    i.TIM_ClearFlag                          0x08001ef4   Section        0  stm32f10x_tim.o(i.TIM_ClearFlag)
    i.TIM_Cmd                                0x08001efa   Section        0  stm32f10x_tim.o(i.TIM_Cmd)
    i.TIM_CtrlPWMOutputs                     0x08001f12   Section        0  stm32f10x_tim.o(i.TIM_CtrlPWMOutputs)
    i.TIM_DMACmd                             0x08001f30   Section        0  stm32f10x_tim.o(i.TIM_DMACmd)
    i.TIM_DMAConfig                          0x08001f42   Section        0  stm32f10x_tim.o(i.TIM_DMAConfig)
    i.TIM_GenerateEvent                      0x08001f4c   Section        0  stm32f10x_tim.o(i.TIM_GenerateEvent)
    i.TIM_InternalClockConfig                0x08001f50   Section        0  stm32f10x_tim.o(i.TIM_InternalClockConfig)
    i.TIM_OC1Init                            0x08001f5c   Section        0  stm32f10x_tim.o(i.TIM_OC1Init)
    i.TIM_OC1PreloadConfig                   0x08001ff4   Section        0  stm32f10x_tim.o(i.TIM_OC1PreloadConfig)
    i.TIM_OC2Init                            0x08002008   Section        0  stm32f10x_tim.o(i.TIM_OC2Init)
    i.TIM_OC2PreloadConfig                   0x080020ac   Section        0  stm32f10x_tim.o(i.TIM_OC2PreloadConfig)
    i.TIM_SetCounter                         0x080020c6   Section        0  stm32f10x_tim.o(i.TIM_SetCounter)
    i.TIM_TimeBaseInit                       0x080020cc   Section        0  stm32f10x_tim.o(i.TIM_TimeBaseInit)
    i.UI_Menulist                            0x08002170   Section        0  scene_manager.o(i.UI_Menulist)
    UI_Menulist                              0x08002171   Thumb Code   196  scene_manager.o(i.UI_Menulist)
    i.UI_Sonelist                            0x08002248   Section        0  scene_manager.o(i.UI_Sonelist)
    UI_Sonelist                              0x08002249   Thumb Code   260  scene_manager.o(i.UI_Sonelist)
    i.USART2_IRQHandler                      0x08002364   Section        0  serial.o(i.USART2_IRQHandler)
    i.USART_ClearITPendingBit                0x0800239c   Section        0  stm32f10x_usart.o(i.USART_ClearITPendingBit)
    i.USART_Cmd                              0x080023ba   Section        0  stm32f10x_usart.o(i.USART_Cmd)
    i.USART_GetFlagStatus                    0x080023d2   Section        0  stm32f10x_usart.o(i.USART_GetFlagStatus)
    i.USART_GetITStatus                      0x080023ec   Section        0  stm32f10x_usart.o(i.USART_GetITStatus)
    i.USART_ITConfig                         0x08002440   Section        0  stm32f10x_usart.o(i.USART_ITConfig)
    i.USART_Init                             0x0800248c   Section        0  stm32f10x_usart.o(i.USART_Init)
    i.USART_ReceiveData                      0x08002564   Section        0  stm32f10x_usart.o(i.USART_ReceiveData)
    i.USART_SendData                         0x0800256e   Section        0  stm32f10x_usart.o(i.USART_SendData)
    i.UsageFault_Handler                     0x08002576   Section        0  stm32f10x_it.o(i.UsageFault_Handler)
    i.WAV_Sample                             0x0800257c   Section        0  wav.o(i.WAV_Sample)
    i.Wav_BuildPath                          0x080026e0   Section        0  wav.o(i.Wav_BuildPath)
    Wav_BuildPath                            0x080026e1   Thumb Code    74  wav.o(i.Wav_BuildPath)
    i.Wav_FindFiles                          0x08002738   Section        0  wav.o(i.Wav_FindFiles)
    Wav_FindFiles                            0x08002739   Thumb Code   214  wav.o(i.Wav_FindFiles)
    i.Wav_IsFileName                         0x08002864   Section        0  wav.o(i.Wav_IsFileName)
    Wav_IsFileName                           0x08002865   Thumb Code    70  wav.o(i.Wav_IsFileName)
    i.Wav_LoadHeaders                        0x080028ac   Section        0  wav.o(i.Wav_LoadHeaders)
    Wav_LoadHeaders                          0x080028ad   Thumb Code   434  wav.o(i.Wav_LoadHeaders)
    i.Wav_StoreFileName                      0x08002ab0   Section        0  wav.o(i.Wav_StoreFileName)
    Wav_StoreFileName                        0x08002ab1   Thumb Code    86  wav.o(i.Wav_StoreFileName)
    i.Wav_ToUpper                            0x08002b06   Section        0  wav.o(i.Wav_ToUpper)
    Wav_ToUpper                              0x08002b07   Thumb Code    22  wav.o(i.Wav_ToUpper)
    i.check_fs                               0x08002b1c   Section        0  ff.o(i.check_fs)
    check_fs                                 0x08002b1d   Thumb Code   210  ff.o(i.check_fs)
    i.clst2sect                              0x08002bfc   Section        0  ff.o(i.clst2sect)
    clst2sect                                0x08002bfd   Thumb Code    26  ff.o(i.clst2sect)
    i.create_name                            0x08002c18   Section        0  ff.o(i.create_name)
    create_name                              0x08002c19   Thumb Code   252  ff.o(i.create_name)
    i.dbc_1st                                0x08002d24   Section        0  ff.o(i.dbc_1st)
    dbc_1st                                  0x08002d25   Thumb Code    46  ff.o(i.dbc_1st)
    i.dbc_2nd                                0x08002d58   Section        0  ff.o(i.dbc_2nd)
    dbc_2nd                                  0x08002d59   Thumb Code    66  ff.o(i.dbc_2nd)
    i.dir_find                               0x08002da0   Section        0  ff.o(i.dir_find)
    dir_find                                 0x08002da1   Thumb Code   108  ff.o(i.dir_find)
    i.dir_next                               0x08002e0c   Section        0  ff.o(i.dir_next)
    dir_next                                 0x08002e0d   Thumb Code   158  ff.o(i.dir_next)
    i.dir_read                               0x08002eaa   Section        0  ff.o(i.dir_read)
    dir_read                                 0x08002eab   Thumb Code   116  ff.o(i.dir_read)
    i.dir_sdi                                0x08002f1e   Section        0  ff.o(i.dir_sdi)
    dir_sdi                                  0x08002f1f   Thumb Code   154  ff.o(i.dir_sdi)
    i.disk_initialize                        0x08002fb8   Section        0  diskio.o(i.disk_initialize)
    i.disk_read                              0x08002fe0   Section        0  diskio.o(i.disk_read)
    i.disk_status                            0x08003034   Section        0  diskio.o(i.disk_status)
    i.f_close                                0x08003048   Section        0  ff.o(i.f_close)
    i.f_closedir                             0x08003060   Section        0  ff.o(i.f_closedir)
    i.f_lseek                                0x08003078   Section        0  ff.o(i.f_lseek)
    i.f_mount                                0x0800317c   Section        0  ff.o(i.f_mount)
    i.f_open                                 0x080031dc   Section        0  ff.o(i.f_open)
    i.f_opendir                              0x0800325e   Section        0  ff.o(i.f_opendir)
    i.f_read                                 0x080032ca   Section        0  ff.o(i.f_read)
    i.f_readdir                              0x0800341a   Section        0  ff.o(i.f_readdir)
    i.find_volume                            0x08003474   Section        0  ff.o(i.find_volume)
    find_volume                              0x08003475   Thumb Code   120  ff.o(i.find_volume)
    i.follow_path                            0x080034ec   Section        0  ff.o(i.follow_path)
    follow_path                              0x080034ed   Thumb Code   158  ff.o(i.follow_path)
    i.get_Rotate_count                       0x0800358c   Section        0  rotate.o(i.get_Rotate_count)
    i.get_fat                                0x080035bc   Section        0  ff.o(i.get_fat)
    get_fat                                  0x080035bd   Thumb Code   224  ff.o(i.get_fat)
    i.get_fileinfo                           0x0800369c   Section        0  ff.o(i.get_fileinfo)
    get_fileinfo                             0x0800369d   Thumb Code   146  ff.o(i.get_fileinfo)
    i.get_ldnumber                           0x0800372e   Section        0  ff.o(i.get_ldnumber)
    get_ldnumber                             0x0800372f   Thumb Code    82  ff.o(i.get_ldnumber)
    i.ld_16                                  0x08003780   Section        0  ff.o(i.ld_16)
    ld_16                                    0x08003781   Thumb Code    12  ff.o(i.ld_16)
    i.ld_32                                  0x0800378c   Section        0  ff.o(i.ld_32)
    ld_32                                    0x0800378d   Thumb Code    24  ff.o(i.ld_32)
    i.ld_clust                               0x080037a4   Section        0  ff.o(i.ld_clust)
    ld_clust                                 0x080037a5   Thumb Code    38  ff.o(i.ld_clust)
    i.main                                   0x080037cc   Section        0  main.o(i.main)
    i.mount_volume                           0x08003880   Section        0  ff.o(i.mount_volume)
    mount_volume                             0x08003881   Thumb Code   516  ff.o(i.mount_volume)
    i.move_window                            0x08003a90   Section        0  ff.o(i.move_window)
    move_window                              0x08003a91   Thumb Code    42  ff.o(i.move_window)
    i.sonelist_Handle                        0x08003abc   Section        0  scene_manager.o(i.sonelist_Handle)
    sonelist_Handle                          0x08003abd   Thumb Code    56  scene_manager.o(i.sonelist_Handle)
    i.soneplaying_Handle                     0x08003b00   Section        0  scene_manager.o(i.soneplaying_Handle)
    soneplaying_Handle                       0x08003b01   Thumb Code   224  scene_manager.o(i.soneplaying_Handle)
    i.validate                               0x08003c00   Section        0  ff.o(i.validate)
    validate                                 0x08003c01   Thumb Code    60  ff.o(i.validate)
    .constdata                               0x08003c3c   Section       10  ff.o(.constdata)
    DbcTbl                                   0x08003c3c   Data          10  ff.o(.constdata)
    .constdata                               0x08003c46   Section     1520  oled.o(.constdata)
    .data                                    0x20000000   Section       20  stm32f10x_rcc.o(.data)
    APBAHBPrescTable                         0x20000000   Data          16  stm32f10x_rcc.o(.data)
    ADCPrescTable                            0x20000010   Data           4  stm32f10x_rcc.o(.data)
    .data                                    0x20000014   Section       20  system_stm32f10x.o(.data)
    .data                                    0x20000028   Section        1  diskio.o(.data)
    Stat                                     0x20000028   Data           1  diskio.o(.data)
    .data                                    0x2000002c   Section        6  ff.o(.data)
    FatFs                                    0x2000002c   Data           4  ff.o(.data)
    Fsid                                     0x20000030   Data           2  ff.o(.data)
    .data                                    0x20000032   Section        2  serial.o(.data)
    .data                                    0x20000034   Section        8  wav.o(.data)
    res                                      0x20000034   Data           1  wav.o(.data)
    .data                                    0x2000003c   Section        3  mydma.o(.data)
    .data                                    0x20000040   Section        9  key.o(.data)
    key_last_scanned_time                    0x20000040   Data           4  key.o(.data)
    key_scanned_count                        0x20000044   Data           1  key.o(.data)
    key_last_raw                             0x20000045   Data           1  key.o(.data)
    key_stable_state                         0x20000046   Data           1  key.o(.data)
    key_event                                0x20000047   Data           1  key.o(.data)
    .data                                    0x20000049   Section        3  rotate.o(.data)
    rotate_last_ab                           0x2000004a   Data           1  rotate.o(.data)
    rotate_step_acc                          0x2000004b   Data           1  rotate.o(.data)
    .data                                    0x2000004c   Section        9  aduio_player.o(.data)
    OLED_CAN_FLASH                           0x2000004c   Data           1  aduio_player.o(.data)
    .data                                    0x20000055   Section       92  scene_manager.o(.data)
    song_step                                0x2000005a   Data           1  scene_manager.o(.data)
    menu_step                                0x2000005b   Data           1  scene_manager.o(.data)
    .data                                    0x200000b4   Section        8  main.o(.data)
    .bss                                     0x200000bc   Section     6536  wav.o(.bss)
    fs                                       0x200015fc   Data         552  wav.o(.bss)
    file                                     0x20001824   Data         544  wav.o(.bss)
    .bss                                     0x20001a44   Section     8192  mydma.o(.bss)
    .bss                                     0x20003a44   Section       12  aduio_player.o(.bss)
    audio                                    0x20003a44   Data          12  aduio_player.o(.bss)
    .bss                                     0x20003a50   Section       96  libspace.o(.bss)
    HEAP                                     0x20003ab0   Section      512  startup_stm32f10x_md.o(HEAP)
    Heap_Mem                                 0x20003ab0   Data         512  startup_stm32f10x_md.o(HEAP)
    STACK                                    0x20003cb0   Section     1024  startup_stm32f10x_md.o(STACK)
    Stack_Mem                                0x20003cb0   Data        1024  startup_stm32f10x_md.o(STACK)
    __initial_sp                             0x200040b0   Data           0  startup_stm32f10x_md.o(STACK)

    Global Symbols

    Symbol Name                              Value     Ov Type        Size  Object(Section)

    BuildAttributes$$THM_ISAv4$P$D$K$B$S$PE$A:L22UL41UL21$X:L11$S22US41US21$IEEE1$IW$USESV6$~STKCKD$USESV7$~SHL$OSPACE$ROPI$EBA8$UX$STANDARDLIB$REQ8$PRES8$EABIv2 0x00000000   Number         0  anon$$obj.o ABSOLUTE
    __ARM_use_no_argv                        0x00000000   Number         0  main.o ABSOLUTE
    __ARM_exceptions_init                     - Undefined Weak Reference
    __alloca_initialize                       - Undefined Weak Reference
    __arm_preinit_                            - Undefined Weak Reference
    __cpp_initialize__aeabi_                  - Undefined Weak Reference
    __cxa_finalize                            - Undefined Weak Reference
    __rt_locale                               - Undefined Weak Reference
    __sigvec_lookup                           - Undefined Weak Reference
    _atexit_init                              - Undefined Weak Reference
    _call_atexit_fns                          - Undefined Weak Reference
    _clock_init                               - Undefined Weak Reference
    _fp_trap_init                             - Undefined Weak Reference
    _fp_trap_shutdown                         - Undefined Weak Reference
    _get_lc_collate                           - Undefined Weak Reference
    _get_lc_ctype                             - Undefined Weak Reference
    _get_lc_monetary                          - Undefined Weak Reference
    _get_lc_numeric                           - Undefined Weak Reference
    _get_lc_time                              - Undefined Weak Reference
    _getenv_init                              - Undefined Weak Reference
    _handle_redirection                       - Undefined Weak Reference
    _init_alloc                               - Undefined Weak Reference
    _init_user_alloc                          - Undefined Weak Reference
    _initio                                   - Undefined Weak Reference
    _printf_mbtowc                            - Undefined Weak Reference
    _printf_post_padding                      - Undefined Weak Reference
    _printf_pre_padding                       - Undefined Weak Reference
    _rand_init                                - Undefined Weak Reference
    _signal_finish                            - Undefined Weak Reference
    _signal_init                              - Undefined Weak Reference
    _terminate_alloc                          - Undefined Weak Reference
    _terminate_user_alloc                     - Undefined Weak Reference
    _terminateio                              - Undefined Weak Reference
    __Vectors_Size                           0x000000ec   Number         0  startup_stm32f10x_md.o ABSOLUTE
    __Vectors                                0x08000000   Data           4  startup_stm32f10x_md.o(RESET)
    __Vectors_End                            0x080000ec   Data           0  startup_stm32f10x_md.o(RESET)
    __main                                   0x080000ed   Thumb Code     8  __main.o(!!!main)
    __scatterload                            0x080000f5   Thumb Code     0  __scatter.o(!!!scatter)
    __scatterload_rt2                        0x080000f5   Thumb Code    44  __scatter.o(!!!scatter)
    __scatterload_rt2_thumb_only             0x080000f5   Thumb Code     0  __scatter.o(!!!scatter)
    __scatterload_null                       0x08000103   Thumb Code     0  __scatter.o(!!!scatter)
    __scatterload_copy                       0x08000129   Thumb Code    26  __scatter_copy.o(!!handler_copy)
    __scatterload_zeroinit                   0x08000145   Thumb Code    28  __scatter_zi.o(!!handler_zi)
    _printf_percent                          0x08000161   Thumb Code     0  _printf_percent.o(.ARM.Collect$$_printf_percent$$00000000)
    _printf_s                                0x08000161   Thumb Code     0  _printf_s.o(.ARM.Collect$$_printf_percent$$00000014)
    _printf_percent_end                      0x08000167   Thumb Code     0  _printf_percent_end.o(.ARM.Collect$$_printf_percent$$00000017)
    __rt_lib_init                            0x0800016b   Thumb Code     0  libinit.o(.ARM.Collect$$libinit$$00000000)
    __rt_lib_init_alloca_1                   0x0800016d   Thumb Code     0  libinit2.o(.ARM.Collect$$libinit$$0000002E)
    __rt_lib_init_argv_1                     0x0800016d   Thumb Code     0  libinit2.o(.ARM.Collect$$libinit$$0000002C)
    __rt_lib_init_atexit_1                   0x0800016d   Thumb Code     0  libinit2.o(.ARM.Collect$$libinit$$0000001B)
    __rt_lib_init_clock_1                    0x0800016d   Thumb Code     0  libinit2.o(.ARM.Collect$$libinit$$00000021)
    __rt_lib_init_cpp_1                      0x0800016d   Thumb Code     0  libinit2.o(.ARM.Collect$$libinit$$00000032)
    __rt_lib_init_exceptions_1               0x0800016d   Thumb Code     0  libinit2.o(.ARM.Collect$$libinit$$00000030)
    __rt_lib_init_fp_1                       0x0800016d   Thumb Code     0  libinit2.o(.ARM.Collect$$libinit$$00000002)
    __rt_lib_init_fp_trap_1                  0x0800016d   Thumb Code     0  libinit2.o(.ARM.Collect$$libinit$$0000001F)
    __rt_lib_init_getenv_1                   0x0800016d   Thumb Code     0  libinit2.o(.ARM.Collect$$libinit$$00000023)
    __rt_lib_init_heap_1                     0x0800016d   Thumb Code     0  libinit2.o(.ARM.Collect$$libinit$$0000000A)
    __rt_lib_init_lc_collate_1               0x0800016d   Thumb Code     0  libinit2.o(.ARM.Collect$$libinit$$00000011)
    __rt_lib_init_lc_ctype_1                 0x0800016d   Thumb Code     0  libinit2.o(.ARM.Collect$$libinit$$00000013)
    __rt_lib_init_lc_monetary_1              0x0800016d   Thumb Code     0  libinit2.o(.ARM.Collect$$libinit$$00000015)
    __rt_lib_init_lc_numeric_1               0x0800016d   Thumb Code     0  libinit2.o(.ARM.Collect$$libinit$$00000017)
    __rt_lib_init_lc_time_1                  0x0800016d   Thumb Code     0  libinit2.o(.ARM.Collect$$libinit$$00000019)
    __rt_lib_init_preinit_1                  0x0800016d   Thumb Code     0  libinit2.o(.ARM.Collect$$libinit$$00000004)
    __rt_lib_init_rand_1                     0x0800016d   Thumb Code     0  libinit2.o(.ARM.Collect$$libinit$$0000000E)
    __rt_lib_init_return                     0x0800016d   Thumb Code     0  libinit2.o(.ARM.Collect$$libinit$$00000033)
    __rt_lib_init_signal_1                   0x0800016d   Thumb Code     0  libinit2.o(.ARM.Collect$$libinit$$0000001D)
    __rt_lib_init_stdio_1                    0x0800016d   Thumb Code     0  libinit2.o(.ARM.Collect$$libinit$$00000025)
    __rt_lib_init_user_alloc_1               0x0800016d   Thumb Code     0  libinit2.o(.ARM.Collect$$libinit$$0000000C)
    __rt_lib_shutdown                        0x0800016f   Thumb Code     0  libshutdown.o(.ARM.Collect$$libshutdown$$00000000)
    __rt_lib_shutdown_cpp_1                  0x08000171   Thumb Code     0  libshutdown2.o(.ARM.Collect$$libshutdown$$00000002)
    __rt_lib_shutdown_fp_trap_1              0x08000171   Thumb Code     0  libshutdown2.o(.ARM.Collect$$libshutdown$$00000007)
    __rt_lib_shutdown_heap_1                 0x08000171   Thumb Code     0  libshutdown2.o(.ARM.Collect$$libshutdown$$0000000F)
    __rt_lib_shutdown_return                 0x08000171   Thumb Code     0  libshutdown2.o(.ARM.Collect$$libshutdown$$00000010)
    __rt_lib_shutdown_signal_1               0x08000171   Thumb Code     0  libshutdown2.o(.ARM.Collect$$libshutdown$$0000000A)
    __rt_lib_shutdown_stdio_1                0x08000171   Thumb Code     0  libshutdown2.o(.ARM.Collect$$libshutdown$$00000004)
    __rt_lib_shutdown_user_alloc_1           0x08000171   Thumb Code     0  libshutdown2.o(.ARM.Collect$$libshutdown$$0000000C)
    __rt_entry                               0x08000173   Thumb Code     0  __rtentry.o(.ARM.Collect$$rtentry$$00000000)
    __rt_entry_presh_1                       0x08000173   Thumb Code     0  __rtentry2.o(.ARM.Collect$$rtentry$$00000002)
    __rt_entry_sh                            0x08000173   Thumb Code     0  __rtentry4.o(.ARM.Collect$$rtentry$$00000004)
    __rt_entry_li                            0x08000179   Thumb Code     0  __rtentry2.o(.ARM.Collect$$rtentry$$0000000A)
    __rt_entry_postsh_1                      0x08000179   Thumb Code     0  __rtentry2.o(.ARM.Collect$$rtentry$$00000009)
    __rt_entry_main                          0x0800017d   Thumb Code     0  __rtentry2.o(.ARM.Collect$$rtentry$$0000000D)
    __rt_entry_postli_1                      0x0800017d   Thumb Code     0  __rtentry2.o(.ARM.Collect$$rtentry$$0000000C)
    __rt_exit                                0x08000185   Thumb Code     0  rtexit.o(.ARM.Collect$$rtexit$$00000000)
    __rt_exit_ls                             0x08000187   Thumb Code     0  rtexit2.o(.ARM.Collect$$rtexit$$00000003)
    __rt_exit_prels_1                        0x08000187   Thumb Code     0  rtexit2.o(.ARM.Collect$$rtexit$$00000002)
    __rt_exit_exit                           0x0800018b   Thumb Code     0  rtexit2.o(.ARM.Collect$$rtexit$$00000004)
    Reset_Handler                            0x08000191   Thumb Code     8  startup_stm32f10x_md.o(.text)
    ADC1_2_IRQHandler                        0x080001ab   Thumb Code     0  startup_stm32f10x_md.o(.text)
    CAN1_RX1_IRQHandler                      0x080001ab   Thumb Code     0  startup_stm32f10x_md.o(.text)
    CAN1_SCE_IRQHandler                      0x080001ab   Thumb Code     0  startup_stm32f10x_md.o(.text)
    DMA1_Channel1_IRQHandler                 0x080001ab   Thumb Code     0  startup_stm32f10x_md.o(.text)
    DMA1_Channel2_IRQHandler                 0x080001ab   Thumb Code     0  startup_stm32f10x_md.o(.text)
    DMA1_Channel3_IRQHandler                 0x080001ab   Thumb Code     0  startup_stm32f10x_md.o(.text)
    DMA1_Channel4_IRQHandler                 0x080001ab   Thumb Code     0  startup_stm32f10x_md.o(.text)
    DMA1_Channel6_IRQHandler                 0x080001ab   Thumb Code     0  startup_stm32f10x_md.o(.text)
    DMA1_Channel7_IRQHandler                 0x080001ab   Thumb Code     0  startup_stm32f10x_md.o(.text)
    EXTI0_IRQHandler                         0x080001ab   Thumb Code     0  startup_stm32f10x_md.o(.text)
    EXTI15_10_IRQHandler                     0x080001ab   Thumb Code     0  startup_stm32f10x_md.o(.text)
    EXTI1_IRQHandler                         0x080001ab   Thumb Code     0  startup_stm32f10x_md.o(.text)
    EXTI2_IRQHandler                         0x080001ab   Thumb Code     0  startup_stm32f10x_md.o(.text)
    EXTI9_5_IRQHandler                       0x080001ab   Thumb Code     0  startup_stm32f10x_md.o(.text)
    FLASH_IRQHandler                         0x080001ab   Thumb Code     0  startup_stm32f10x_md.o(.text)
    I2C1_ER_IRQHandler                       0x080001ab   Thumb Code     0  startup_stm32f10x_md.o(.text)
    I2C1_EV_IRQHandler                       0x080001ab   Thumb Code     0  startup_stm32f10x_md.o(.text)
    I2C2_ER_IRQHandler                       0x080001ab   Thumb Code     0  startup_stm32f10x_md.o(.text)
    I2C2_EV_IRQHandler                       0x080001ab   Thumb Code     0  startup_stm32f10x_md.o(.text)
    PVD_IRQHandler                           0x080001ab   Thumb Code     0  startup_stm32f10x_md.o(.text)
    RCC_IRQHandler                           0x080001ab   Thumb Code     0  startup_stm32f10x_md.o(.text)
    RTCAlarm_IRQHandler                      0x080001ab   Thumb Code     0  startup_stm32f10x_md.o(.text)
    RTC_IRQHandler                           0x080001ab   Thumb Code     0  startup_stm32f10x_md.o(.text)
    SPI1_IRQHandler                          0x080001ab   Thumb Code     0  startup_stm32f10x_md.o(.text)
    SPI2_IRQHandler                          0x080001ab   Thumb Code     0  startup_stm32f10x_md.o(.text)
    TAMPER_IRQHandler                        0x080001ab   Thumb Code     0  startup_stm32f10x_md.o(.text)
    TIM1_BRK_IRQHandler                      0x080001ab   Thumb Code     0  startup_stm32f10x_md.o(.text)
    TIM1_CC_IRQHandler                       0x080001ab   Thumb Code     0  startup_stm32f10x_md.o(.text)
    TIM1_TRG_COM_IRQHandler                  0x080001ab   Thumb Code     0  startup_stm32f10x_md.o(.text)
    TIM1_UP_IRQHandler                       0x080001ab   Thumb Code     0  startup_stm32f10x_md.o(.text)
    TIM2_IRQHandler                          0x080001ab   Thumb Code     0  startup_stm32f10x_md.o(.text)
    TIM3_IRQHandler                          0x080001ab   Thumb Code     0  startup_stm32f10x_md.o(.text)
    TIM4_IRQHandler                          0x080001ab   Thumb Code     0  startup_stm32f10x_md.o(.text)
    USART1_IRQHandler                        0x080001ab   Thumb Code     0  startup_stm32f10x_md.o(.text)
    USART3_IRQHandler                        0x080001ab   Thumb Code     0  startup_stm32f10x_md.o(.text)
    USBWakeUp_IRQHandler                     0x080001ab   Thumb Code     0  startup_stm32f10x_md.o(.text)
    USB_HP_CAN1_TX_IRQHandler                0x080001ab   Thumb Code     0  startup_stm32f10x_md.o(.text)
    USB_LP_CAN1_RX0_IRQHandler               0x080001ab   Thumb Code     0  startup_stm32f10x_md.o(.text)
    WWDG_IRQHandler                          0x080001ab   Thumb Code     0  startup_stm32f10x_md.o(.text)
    __user_initial_stackheap                 0x080001ad   Thumb Code     0  startup_stm32f10x_md.o(.text)
    __2sprintf                               0x080001d1   Thumb Code    34  noretval__2sprintf.o(.text)
    __printf                                 0x080001f9   Thumb Code   104  __printf.o(.text)
    _printf_str                              0x08000261   Thumb Code    82  _printf_str.o(.text)
    strchr                                   0x080002b3   Thumb Code    20  strchr.o(.text)
    memcmp                                   0x080002c7   Thumb Code    88  memcmp.o(.text)
    strcpy                                   0x0800031f   Thumb Code    72  strcpy.o(.text)
    strcat                                   0x08000367   Thumb Code    24  strcat.o(.text)
    __aeabi_memcpy                           0x0800037f   Thumb Code     0  rt_memcpy_v6.o(.text)
    __rt_memcpy                              0x0800037f   Thumb Code   138  rt_memcpy_v6.o(.text)
    _memcpy_lastbytes                        0x080003e5   Thumb Code     0  rt_memcpy_v6.o(.text)
    __aeabi_memset                           0x08000409   Thumb Code    16  aeabi_memset.o(.text)
    __use_two_region_memory                  0x08000419   Thumb Code     2  heapauxi.o(.text)
    __rt_heap_escrow$2region                 0x0800041b   Thumb Code     2  heapauxi.o(.text)
    __rt_heap_expand$2region                 0x0800041d   Thumb Code     2  heapauxi.o(.text)
    _printf_char_common                      0x0800042b   Thumb Code    32  _printf_char_common.o(.text)
    _sputc                                   0x08000451   Thumb Code    10  _sputc.o(.text)
    _printf_cs_common                        0x0800045b   Thumb Code    20  _printf_char.o(.text)
    _printf_char                             0x0800046f   Thumb Code    16  _printf_char.o(.text)
    _printf_string                           0x0800047f   Thumb Code     8  _printf_char.o(.text)
    __aeabi_memcpy4                          0x08000487   Thumb Code     0  rt_memcpy_w.o(.text)
    __aeabi_memcpy8                          0x08000487   Thumb Code     0  rt_memcpy_w.o(.text)
    __rt_memcpy_w                            0x08000487   Thumb Code   100  rt_memcpy_w.o(.text)
    _memcpy_lastbytes_aligned                0x080004cf   Thumb Code     0  rt_memcpy_w.o(.text)
    __aeabi_memclr                           0x080004eb   Thumb Code     0  rt_memclr.o(.text)
    __rt_memclr                              0x080004eb   Thumb Code    68  rt_memclr.o(.text)
    _memset                                  0x080004ef   Thumb Code     0  rt_memclr.o(.text)
    __aeabi_memclr4                          0x0800052f   Thumb Code     0  rt_memclr_w.o(.text)
    __aeabi_memclr8                          0x0800052f   Thumb Code     0  rt_memclr_w.o(.text)
    __rt_memclr_w                            0x0800052f   Thumb Code    78  rt_memclr_w.o(.text)
    _memset_w                                0x08000533   Thumb Code     0  rt_memclr_w.o(.text)
    __user_setup_stackheap                   0x0800057d   Thumb Code    74  sys_stackheap_outer.o(.text)
    exit                                     0x080005c7   Thumb Code    18  exit.o(.text)
    __user_libspace                          0x080005d9   Thumb Code     8  libspace.o(.text)
    __user_perproc_libspace                  0x080005d9   Thumb Code     0  libspace.o(.text)
    __user_perthread_libspace                0x080005d9   Thumb Code     0  libspace.o(.text)
    _sys_exit                                0x080005e1   Thumb Code     8  sys_exit.o(.text)
    __I$use$semihosting                      0x080005ed   Thumb Code     0  use_no_semi.o(.text)
    __use_no_semihosting_swi                 0x080005ed   Thumb Code     2  use_no_semi.o(.text)
    __semihosting_library_function           0x080005ef   Thumb Code     0  indicate_semi.o(.text)
    Audio_GPIO_Init                          0x080005f1   Thumb Code    40  audio_pwm.o(i.Audio_GPIO_Init)
    Audio_Init                               0x0800061d   Thumb Code    34  aduio_player.o(i.Audio_Init)
    Audio_Play                               0x08000649   Thumb Code    14  aduio_player.o(i.Audio_Play)
    Audio_Play1                              0x0800065d   Thumb Code   198  aduio_player.o(i.Audio_Play1)
    Audio_Reseek                             0x0800073d   Thumb Code     8  aduio_player.o(i.Audio_Reseek)
    Audio_Start1                             0x08000749   Thumb Code    58  aduio_player.o(i.Audio_Start1)
    Audio_Stop                               0x08000791   Thumb Code    10  aduio_player.o(i.Audio_Stop)
    Audio_Stop1                              0x080007a1   Thumb Code   128  aduio_player.o(i.Audio_Stop1)
    Audio_Timer_Init                         0x08000835   Thumb Code   182  audio_pwm.o(i.Audio_Timer_Init)
    Audio_get_flash                          0x080008f1   Thumb Code     6  aduio_player.o(i.Audio_get_flash)
    Audio_get_offset                         0x080008fd   Thumb Code     6  aduio_player.o(i.Audio_get_offset)
    Audio_get_state                          0x08000909   Thumb Code    14  aduio_player.o(i.Audio_get_state)
    Audio_restart                            0x0800091d   Thumb Code     8  aduio_player.o(i.Audio_restart)
    BusFault_Handler                         0x08000929   Thumb Code     4  stm32f10x_it.o(i.BusFault_Handler)
    DMA1_Channel5_IRQHandler                 0x0800092d   Thumb Code    76  mydma.o(i.DMA1_Channel5_IRQHandler)
    DMA_ClearITPendingBit                    0x08000985   Thumb Code    18  stm32f10x_dma.o(i.DMA_ClearITPendingBit)
    DMA_Cmd                                  0x080009a1   Thumb Code    24  stm32f10x_dma.o(i.DMA_Cmd)
    DMA_GetITStatus                          0x080009b9   Thumb Code    36  stm32f10x_dma.o(i.DMA_GetITStatus)
    DMA_ITConfig                             0x080009e5   Thumb Code    18  stm32f10x_dma.o(i.DMA_ITConfig)
    DMA_Init                                 0x080009f7   Thumb Code    60  stm32f10x_dma.o(i.DMA_Init)
    DebugMon_Handler                         0x08000a33   Thumb Code     2  stm32f10x_it.o(i.DebugMon_Handler)
    EXTI3_IRQHandler                         0x08000a35   Thumb Code    32  rotate.o(i.EXTI3_IRQHandler)
    EXTI4_IRQHandler                         0x08000a59   Thumb Code    32  rotate.o(i.EXTI4_IRQHandler)
    EXTI_ClearITPendingBit                   0x08000a7d   Thumb Code     6  stm32f10x_exti.o(i.EXTI_ClearITPendingBit)
    EXTI_GetITStatus                         0x08000a89   Thumb Code    34  stm32f10x_exti.o(i.EXTI_GetITStatus)
    EXTI_Init                                0x08000ab1   Thumb Code   142  stm32f10x_exti.o(i.EXTI_Init)
    End_FAT                                  0x08000b45   Thumb Code    10  wav.o(i.End_FAT)
    FAT32_SeekAll                            0x08000b55   Thumb Code    12  wav.o(i.FAT32_SeekAll)
    GPIO_EXTILineConfig                      0x08000b61   Thumb Code    60  stm32f10x_gpio.o(i.GPIO_EXTILineConfig)
    GPIO_Init                                0x08000ba1   Thumb Code   278  stm32f10x_gpio.o(i.GPIO_Init)
    GPIO_PinRemapConfig                      0x08000cb9   Thumb Code   138  stm32f10x_gpio.o(i.GPIO_PinRemapConfig)
    GPIO_ReadInputDataBit                    0x08000d49   Thumb Code    18  stm32f10x_gpio.o(i.GPIO_ReadInputDataBit)
    GPIO_WriteBit                            0x08000d5b   Thumb Code    10  stm32f10x_gpio.o(i.GPIO_WriteBit)
    HardFault_Handler                        0x08000d65   Thumb Code     4  stm32f10x_it.o(i.HardFault_Handler)
    Init_WAV                                 0x08000d69   Thumb Code    36  wav.o(i.Init_WAV)
    Init_WAV_Head                            0x08000da9   Thumb Code    12  wav.o(i.Init_WAV_Head)
    Key_GetEvent                             0x08000db5   Thumb Code    12  key.o(i.Key_GetEvent)
    Key_Init                                 0x08000dc5   Thumb Code    46  key.o(i.Key_Init)
    Key_Scanned                              0x08000df9   Thumb Code   116  key.o(i.Key_Scanned)
    MemManage_Handler                        0x08000e89   Thumb Code     4  stm32f10x_it.o(i.MemManage_Handler)
    MyDMA_Init                               0x08000e8d   Thumb Code   112  mydma.o(i.MyDMA_Init)
    MyDMA_Init1                              0x08000f09   Thumb Code    32  mydma.o(i.MyDMA_Init1)
    MySpi_W_cs                               0x08000f39   Thumb Code    16  spi_hardware.o(i.MySpi_W_cs)
    NMI_Handler                              0x08000f4d   Thumb Code     2  stm32f10x_it.o(i.NMI_Handler)
    NVIC_Init                                0x08000f51   Thumb Code   100  misc.o(i.NVIC_Init)
    NVIC_PriorityGroupConfig                 0x08000fc1   Thumb Code    10  misc.o(i.NVIC_PriorityGroupConfig)
    OLED_Clear                               0x08000fd5   Thumb Code    42  oled.o(i.OLED_Clear)
    OLED_ClearLine                           0x08000fff   Thumb Code    40  oled.o(i.OLED_ClearLine)
    OLED_ClearTextLine                       0x08001027   Thumb Code    42  oled.o(i.OLED_ClearTextLine)
    OLED_I2C_Init                            0x08001051   Thumb Code    76  oled.o(i.OLED_I2C_Init)
    OLED_I2C_SendByte                        0x080010a1   Thumb Code    88  oled.o(i.OLED_I2C_SendByte)
    OLED_I2C_Start                           0x080010fd   Thumb Code    48  oled.o(i.OLED_I2C_Start)
    OLED_I2C_Stop                            0x08001131   Thumb Code    36  oled.o(i.OLED_I2C_Stop)
    OLED_Init                                0x08001159   Thumb Code   174  oled.o(i.OLED_Init)
    OLED_SetCursor                           0x08001207   Thumb Code    34  oled.o(i.OLED_SetCursor)
    OLED_ShowChar                            0x08001229   Thumb Code   110  oled.o(i.OLED_ShowChar)
    OLED_ShowString                          0x0800129d   Thumb Code    40  oled.o(i.OLED_ShowString)
    OLED_WriteCommand                        0x080012c5   Thumb Code    32  oled.o(i.OLED_WriteCommand)
    OLED_WriteData                           0x080012e5   Thumb Code    32  oled.o(i.OLED_WriteData)
    PendSV_Handler                           0x08001451   Thumb Code     2  stm32f10x_it.o(i.PendSV_Handler)
    RCC_AHBPeriphClockCmd                    0x08001455   Thumb Code    26  stm32f10x_rcc.o(i.RCC_AHBPeriphClockCmd)
    RCC_APB1PeriphClockCmd                   0x08001475   Thumb Code    26  stm32f10x_rcc.o(i.RCC_APB1PeriphClockCmd)
    RCC_APB2PeriphClockCmd                   0x08001495   Thumb Code    26  stm32f10x_rcc.o(i.RCC_APB2PeriphClockCmd)
    RCC_GetClocksFreq                        0x080014b5   Thumb Code   192  stm32f10x_rcc.o(i.RCC_GetClocksFreq)
    Read_Little_Endian16                     0x08001589   Thumb Code    14  hw226.o(i.Read_Little_Endian16)
    Read_Little_Endian32                     0x08001597   Thumb Code    30  hw226.o(i.Read_Little_Endian32)
    Rotate_Init                              0x08001685   Thumb Code   178  rotate.o(i.Rotate_Init)
    SD_Data_Init                             0x08001781   Thumb Code   140  wav.o(i.SD_Data_Init)
    SD_Init                                  0x08001819   Thumb Code   140  hw226.o(i.SD_Init)
    SD_ReadBlock                             0x080018a5   Thumb Code   128  hw226.o(i.SD_ReadBlock)
    SD_ReadSector                            0x08001925   Thumb Code    16  hw226.o(i.SD_ReadSector)
    SD_SendCmd                               0x08001935   Thumb Code   100  hw226.o(i.SD_SendCmd)
    SD_SendDummyClock                        0x08001999   Thumb Code    24  hw226.o(i.SD_SendDummyClock)
    SPI_Cmd                                  0x080019b1   Thumb Code    24  stm32f10x_spi.o(i.SPI_Cmd)
    SPI_Hardware_Init                        0x080019c9   Thumb Code   166  spi_hardware.o(i.SPI_Hardware_Init)
    SPI_Hardware_Start                       0x08001a79   Thumb Code    10  spi_hardware.o(i.SPI_Hardware_Start)
    SPI_Hardware_Stop                        0x08001a83   Thumb Code    10  spi_hardware.o(i.SPI_Hardware_Stop)
    SPI_Hardware_swap                        0x08001a8d   Thumb Code    50  spi_hardware.o(i.SPI_Hardware_swap)
    SPI_I2S_GetFlagStatus                    0x08001ac5   Thumb Code    18  stm32f10x_spi.o(i.SPI_I2S_GetFlagStatus)
    SPI_I2S_ReceiveData                      0x08001ad7   Thumb Code     6  stm32f10x_spi.o(i.SPI_I2S_ReceiveData)
    SPI_I2S_SendData                         0x08001add   Thumb Code     4  stm32f10x_spi.o(i.SPI_I2S_SendData)
    SPI_Init                                 0x08001ae1   Thumb Code    60  stm32f10x_spi.o(i.SPI_Init)
    SVC_Handler                              0x08001b1d   Thumb Code     2  stm32f10x_it.o(i.SVC_Handler)
    Scene_Manager_Flash                      0x08001b21   Thumb Code    46  scene_manager.o(i.Scene_Manager_Flash)
    Scene_Manager_Handle                     0x08001b5d   Thumb Code    36  scene_manager.o(i.Scene_Manager_Handle)
    Scene_Manager_Init                       0x08001b85   Thumb Code    28  scene_manager.o(i.Scene_Manager_Init)
    Serial_Init                              0x08001bb1   Thumb Code   164  serial.o(i.Serial_Init)
    Serial_SendByte                          0x08001c5d   Thumb Code    28  serial.o(i.Serial_SendByte)
    Serial_SendHex                           0x08001c7d   Thumb Code    64  serial.o(i.Serial_SendHex)
    Serial_SendString                        0x08001cbd   Thumb Code    22  serial.o(i.Serial_SendString)
    Start_FAT                                0x08001dbd   Thumb Code   122  wav.o(i.Start_FAT)
    SysTick_Handler                          0x08001e6d   Thumb Code    12  main.o(i.SysTick_Handler)
    SystemInit                               0x08001e7d   Thumb Code    78  system_stm32f10x.o(i.SystemInit)
    TIM_ARRPreloadConfig                     0x08001edd   Thumb Code    24  stm32f10x_tim.o(i.TIM_ARRPreloadConfig)
    TIM_ClearFlag                            0x08001ef5   Thumb Code     6  stm32f10x_tim.o(i.TIM_ClearFlag)
    TIM_Cmd                                  0x08001efb   Thumb Code    24  stm32f10x_tim.o(i.TIM_Cmd)
    TIM_CtrlPWMOutputs                       0x08001f13   Thumb Code    30  stm32f10x_tim.o(i.TIM_CtrlPWMOutputs)
    TIM_DMACmd                               0x08001f31   Thumb Code    18  stm32f10x_tim.o(i.TIM_DMACmd)
    TIM_DMAConfig                            0x08001f43   Thumb Code    10  stm32f10x_tim.o(i.TIM_DMAConfig)
    TIM_GenerateEvent                        0x08001f4d   Thumb Code     4  stm32f10x_tim.o(i.TIM_GenerateEvent)
    TIM_InternalClockConfig                  0x08001f51   Thumb Code    12  stm32f10x_tim.o(i.TIM_InternalClockConfig)
    TIM_OC1Init                              0x08001f5d   Thumb Code   132  stm32f10x_tim.o(i.TIM_OC1Init)
    TIM_OC1PreloadConfig                     0x08001ff5   Thumb Code    18  stm32f10x_tim.o(i.TIM_OC1PreloadConfig)
    TIM_OC2Init                              0x08002009   Thumb Code   154  stm32f10x_tim.o(i.TIM_OC2Init)
    TIM_OC2PreloadConfig                     0x080020ad   Thumb Code    26  stm32f10x_tim.o(i.TIM_OC2PreloadConfig)
    TIM_SetCounter                           0x080020c7   Thumb Code     4  stm32f10x_tim.o(i.TIM_SetCounter)
    TIM_TimeBaseInit                         0x080020cd   Thumb Code   122  stm32f10x_tim.o(i.TIM_TimeBaseInit)
    USART2_IRQHandler                        0x08002365   Thumb Code    44  serial.o(i.USART2_IRQHandler)
    USART_ClearITPendingBit                  0x0800239d   Thumb Code    30  stm32f10x_usart.o(i.USART_ClearITPendingBit)
    USART_Cmd                                0x080023bb   Thumb Code    24  stm32f10x_usart.o(i.USART_Cmd)
    USART_GetFlagStatus                      0x080023d3   Thumb Code    26  stm32f10x_usart.o(i.USART_GetFlagStatus)
    USART_GetITStatus                        0x080023ed   Thumb Code    84  stm32f10x_usart.o(i.USART_GetITStatus)
    USART_ITConfig                           0x08002441   Thumb Code    74  stm32f10x_usart.o(i.USART_ITConfig)
    USART_Init                               0x0800248d   Thumb Code   210  stm32f10x_usart.o(i.USART_Init)
    USART_ReceiveData                        0x08002565   Thumb Code    10  stm32f10x_usart.o(i.USART_ReceiveData)
    USART_SendData                           0x0800256f   Thumb Code     8  stm32f10x_usart.o(i.USART_SendData)
    UsageFault_Handler                       0x08002577   Thumb Code     4  stm32f10x_it.o(i.UsageFault_Handler)
    WAV_Sample                               0x0800257d   Thumb Code   336  wav.o(i.WAV_Sample)
    disk_initialize                          0x08002fb9   Thumb Code    36  diskio.o(i.disk_initialize)
    disk_read                                0x08002fe1   Thumb Code    78  diskio.o(i.disk_read)
    disk_status                              0x08003035   Thumb Code    14  diskio.o(i.disk_status)
    f_close                                  0x08003049   Thumb Code    24  ff.o(i.f_close)
    f_closedir                               0x08003061   Thumb Code    24  ff.o(i.f_closedir)
    f_lseek                                  0x08003079   Thumb Code   260  ff.o(i.f_lseek)
    f_mount                                  0x0800317d   Thumb Code    90  ff.o(i.f_mount)
    f_open                                   0x080031dd   Thumb Code   130  ff.o(i.f_open)
    f_opendir                                0x0800325f   Thumb Code   108  ff.o(i.f_opendir)
    f_read                                   0x080032cb   Thumb Code   336  ff.o(i.f_read)
    f_readdir                                0x0800341b   Thumb Code    90  ff.o(i.f_readdir)
    get_Rotate_count                         0x0800358d   Thumb Code    44  rotate.o(i.get_Rotate_count)
    main                                     0x080037cd   Thumb Code   158  main.o(i.main)
    OLED_F8x16                               0x08003c46   Data        1520  oled.o(.constdata)
    Region$$Table$$Base                      0x08004238   Number         0  anon$$obj.o(Region$$Table)
    Region$$Table$$Limit                     0x08004258   Number         0  anon$$obj.o(Region$$Table)
    SystemCoreClock                          0x20000014   Data           4  system_stm32f10x.o(.data)
    AHBPrescTable                            0x20000018   Data          16  system_stm32f10x.o(.data)
    Serial_data                              0x20000032   Data           1  serial.o(.data)
    Serial_flag                              0x20000033   Data           1  serial.o(.data)
    sd_count                                 0x20000035   Data           1  wav.o(.data)
    br                                       0x20000038   Data           4  wav.o(.data)
    audio_half_request                       0x2000003c   Data           1  mydma.o(.data)
    audio_full_request                       0x2000003d   Data           1  mydma.o(.data)
    underrun                                 0x2000003e   Data           1  mydma.o(.data)
    key_count                                0x20000048   Data           1  key.o(.data)
    rotate_index                             0x20000049   Data           1  rotate.o(.data)
    offset1                                  0x20000050   Data           4  aduio_player.o(.data)
    key_event                                0x20000054   Data           1  aduio_player.o(.data)
    need_flash                               0x20000055   Data           1  scene_manager.o(.data)
    rotate_count                             0x20000056   Data           1  scene_manager.o(.data)
    play_menu_index                          0x20000057   Data           1  scene_manager.o(.data)
    song_index                               0x20000058   Data           1  scene_manager.o(.data)
    sceneid                                  0x20000059   Data           1  scene_manager.o(.data)
    list_name                                0x2000005c   Data          85  scene_manager.o(.data)
    sine_index                               0x200000b4   Data           1  main.o(.data)
    sys_ms                                   0x200000b8   Data           4  main.o(.data)
    buf1                                     0x200000bc   Data         512  wav.o(.bss)
    buf2                                     0x200002bc   Data        4096  wav.o(.bss)
    sd_data                                  0x200012bc   Data         384  wav.o(.bss)
    wav_info                                 0x2000143c   Data         448  wav.o(.bss)
    dma_buffer                               0x20001a44   Data        8192  mydma.o(.bss)
    __libspace_start                         0x20003a50   Data          96  libspace.o(.bss)
    __temporary_stack_top$libspace           0x20003ab0   Data           0  libspace.o(.bss)



==============================================================================

Memory Map of the image

  Image Entry point : 0x080000ed

  Load Region LR_IROM1 (Base: 0x08000000, Size: 0x00004314, Max: 0x00010000, ABSOLUTE)

    Execution Region ER_IROM1 (Exec base: 0x08000000, Load base: 0x08000000, Size: 0x00004258, Max: 0x00010000, ABSOLUTE)

    Exec Addr    Load Addr    Size         Type   Attr      Idx    E Section Name        Object

    0x08000000   0x08000000   0x000000ec   Data   RO         3138    RESET               startup_stm32f10x_md.o
    0x080000ec   0x080000ec   0x00000008   Code   RO         4331  * !!!main             c_w.l(__main.o)
    0x080000f4   0x080000f4   0x00000034   Code   RO         4503    !!!scatter          c_w.l(__scatter.o)
    0x08000128   0x08000128   0x0000001a   Code   RO         4505    !!handler_copy      c_w.l(__scatter_copy.o)
    0x08000142   0x08000142   0x00000002   PAD
    0x08000144   0x08000144   0x0000001c   Code   RO         4507    !!handler_zi        c_w.l(__scatter_zi.o)
    0x08000160   0x08000160   0x00000000   Code   RO         4316    .ARM.Collect$$_printf_percent$$00000000  c_w.l(_printf_percent.o)
    0x08000160   0x08000160   0x00000006   Code   RO         4315    .ARM.Collect$$_printf_percent$$00000014  c_w.l(_printf_s.o)
    0x08000166   0x08000166   0x00000004   Code   RO         4340    .ARM.Collect$$_printf_percent$$00000017  c_w.l(_printf_percent_end.o)
    0x0800016a   0x0800016a   0x00000002   Code   RO         4373    .ARM.Collect$$libinit$$00000000  c_w.l(libinit.o)
    0x0800016c   0x0800016c   0x00000000   Code   RO         4380    .ARM.Collect$$libinit$$00000002  c_w.l(libinit2.o)
    0x0800016c   0x0800016c   0x00000000   Code   RO         4382    .ARM.Collect$$libinit$$00000004  c_w.l(libinit2.o)
    0x0800016c   0x0800016c   0x00000000   Code   RO         4385    .ARM.Collect$$libinit$$0000000A  c_w.l(libinit2.o)
    0x0800016c   0x0800016c   0x00000000   Code   RO         4387    .ARM.Collect$$libinit$$0000000C  c_w.l(libinit2.o)
    0x0800016c   0x0800016c   0x00000000   Code   RO         4389    .ARM.Collect$$libinit$$0000000E  c_w.l(libinit2.o)
    0x0800016c   0x0800016c   0x00000000   Code   RO         4392    .ARM.Collect$$libinit$$00000011  c_w.l(libinit2.o)
    0x0800016c   0x0800016c   0x00000000   Code   RO         4394    .ARM.Collect$$libinit$$00000013  c_w.l(libinit2.o)
    0x0800016c   0x0800016c   0x00000000   Code   RO         4396    .ARM.Collect$$libinit$$00000015  c_w.l(libinit2.o)
    0x0800016c   0x0800016c   0x00000000   Code   RO         4398    .ARM.Collect$$libinit$$00000017  c_w.l(libinit2.o)
    0x0800016c   0x0800016c   0x00000000   Code   RO         4400    .ARM.Collect$$libinit$$00000019  c_w.l(libinit2.o)
    0x0800016c   0x0800016c   0x00000000   Code   RO         4402    .ARM.Collect$$libinit$$0000001B  c_w.l(libinit2.o)
    0x0800016c   0x0800016c   0x00000000   Code   RO         4404    .ARM.Collect$$libinit$$0000001D  c_w.l(libinit2.o)
    0x0800016c   0x0800016c   0x00000000   Code   RO         4406    .ARM.Collect$$libinit$$0000001F  c_w.l(libinit2.o)
    0x0800016c   0x0800016c   0x00000000   Code   RO         4408    .ARM.Collect$$libinit$$00000021  c_w.l(libinit2.o)
    0x0800016c   0x0800016c   0x00000000   Code   RO         4410    .ARM.Collect$$libinit$$00000023  c_w.l(libinit2.o)
    0x0800016c   0x0800016c   0x00000000   Code   RO         4412    .ARM.Collect$$libinit$$00000025  c_w.l(libinit2.o)
    0x0800016c   0x0800016c   0x00000000   Code   RO         4416    .ARM.Collect$$libinit$$0000002C  c_w.l(libinit2.o)
    0x0800016c   0x0800016c   0x00000000   Code   RO         4418    .ARM.Collect$$libinit$$0000002E  c_w.l(libinit2.o)
    0x0800016c   0x0800016c   0x00000000   Code   RO         4420    .ARM.Collect$$libinit$$00000030  c_w.l(libinit2.o)
    0x0800016c   0x0800016c   0x00000000   Code   RO         4422    .ARM.Collect$$libinit$$00000032  c_w.l(libinit2.o)
    0x0800016c   0x0800016c   0x00000002   Code   RO         4423    .ARM.Collect$$libinit$$00000033  c_w.l(libinit2.o)
    0x0800016e   0x0800016e   0x00000002   Code   RO         4443    .ARM.Collect$$libshutdown$$00000000  c_w.l(libshutdown.o)
    0x08000170   0x08000170   0x00000000   Code   RO         4456    .ARM.Collect$$libshutdown$$00000002  c_w.l(libshutdown2.o)
    0x08000170   0x08000170   0x00000000   Code   RO         4458    .ARM.Collect$$libshutdown$$00000004  c_w.l(libshutdown2.o)
    0x08000170   0x08000170   0x00000000   Code   RO         4461    .ARM.Collect$$libshutdown$$00000007  c_w.l(libshutdown2.o)
    0x08000170   0x08000170   0x00000000   Code   RO         4464    .ARM.Collect$$libshutdown$$0000000A  c_w.l(libshutdown2.o)
    0x08000170   0x08000170   0x00000000   Code   RO         4466    .ARM.Collect$$libshutdown$$0000000C  c_w.l(libshutdown2.o)
    0x08000170   0x08000170   0x00000000   Code   RO         4469    .ARM.Collect$$libshutdown$$0000000F  c_w.l(libshutdown2.o)
    0x08000170   0x08000170   0x00000002   Code   RO         4470    .ARM.Collect$$libshutdown$$00000010  c_w.l(libshutdown2.o)
    0x08000172   0x08000172   0x00000000   Code   RO         4333    .ARM.Collect$$rtentry$$00000000  c_w.l(__rtentry.o)
    0x08000172   0x08000172   0x00000000   Code   RO         4346    .ARM.Collect$$rtentry$$00000002  c_w.l(__rtentry2.o)
    0x08000172   0x08000172   0x00000006   Code   RO         4358    .ARM.Collect$$rtentry$$00000004  c_w.l(__rtentry4.o)
    0x08000178   0x08000178   0x00000000   Code   RO         4348    .ARM.Collect$$rtentry$$00000009  c_w.l(__rtentry2.o)
    0x08000178   0x08000178   0x00000004   Code   RO         4349    .ARM.Collect$$rtentry$$0000000A  c_w.l(__rtentry2.o)
    0x0800017c   0x0800017c   0x00000000   Code   RO         4351    .ARM.Collect$$rtentry$$0000000C  c_w.l(__rtentry2.o)
    0x0800017c   0x0800017c   0x00000008   Code   RO         4352    .ARM.Collect$$rtentry$$0000000D  c_w.l(__rtentry2.o)
    0x08000184   0x08000184   0x00000002   Code   RO         4377    .ARM.Collect$$rtexit$$00000000  c_w.l(rtexit.o)
    0x08000186   0x08000186   0x00000000   Code   RO         4425    .ARM.Collect$$rtexit$$00000002  c_w.l(rtexit2.o)
    0x08000186   0x08000186   0x00000004   Code   RO         4426    .ARM.Collect$$rtexit$$00000003  c_w.l(rtexit2.o)
    0x0800018a   0x0800018a   0x00000006   Code   RO         4427    .ARM.Collect$$rtexit$$00000004  c_w.l(rtexit2.o)
    0x08000190   0x08000190   0x00000040   Code   RO         3139    .text               startup_stm32f10x_md.o
    0x080001d0   0x080001d0   0x00000028   Code   RO         4289    .text               c_w.l(noretval__2sprintf.o)
    0x080001f8   0x080001f8   0x00000068   Code   RO         4291    .text               c_w.l(__printf.o)
    0x08000260   0x08000260   0x00000052   Code   RO         4293    .text               c_w.l(_printf_str.o)
    0x080002b2   0x080002b2   0x00000014   Code   RO         4317    .text               c_w.l(strchr.o)
    0x080002c6   0x080002c6   0x00000058   Code   RO         4319    .text               c_w.l(memcmp.o)
    0x0800031e   0x0800031e   0x00000048   Code   RO         4321    .text               c_w.l(strcpy.o)
    0x08000366   0x08000366   0x00000018   Code   RO         4323    .text               c_w.l(strcat.o)
    0x0800037e   0x0800037e   0x0000008a   Code   RO         4325    .text               c_w.l(rt_memcpy_v6.o)
    0x08000408   0x08000408   0x00000010   Code   RO         4327    .text               c_w.l(aeabi_memset.o)
    0x08000418   0x08000418   0x00000006   Code   RO         4329    .text               c_w.l(heapauxi.o)
    0x0800041e   0x0800041e   0x00000002   PAD
    0x08000420   0x08000420   0x00000030   Code   RO         4334    .text               c_w.l(_printf_char_common.o)
    0x08000450   0x08000450   0x0000000a   Code   RO         4336    .text               c_w.l(_sputc.o)
    0x0800045a   0x0800045a   0x0000002c   Code   RO         4338    .text               c_w.l(_printf_char.o)
    0x08000486   0x08000486   0x00000064   Code   RO         4341    .text               c_w.l(rt_memcpy_w.o)
    0x080004ea   0x080004ea   0x00000044   Code   RO         4343    .text               c_w.l(rt_memclr.o)
    0x0800052e   0x0800052e   0x0000004e   Code   RO         4362    .text               c_w.l(rt_memclr_w.o)
    0x0800057c   0x0800057c   0x0000004a   Code   RO         4364    .text               c_w.l(sys_stackheap_outer.o)
    0x080005c6   0x080005c6   0x00000012   Code   RO         4366    .text               c_w.l(exit.o)
    0x080005d8   0x080005d8   0x00000008   Code   RO         4374    .text               c_w.l(libspace.o)
    0x080005e0   0x080005e0   0x0000000c   Code   RO         4435    .text               c_w.l(sys_exit.o)
    0x080005ec   0x080005ec   0x00000002   Code   RO         4446    .text               c_w.l(use_no_semi.o)
    0x080005ee   0x080005ee   0x00000000   Code   RO         4448    .text               c_w.l(indicate_semi.o)
    0x080005ee   0x080005ee   0x00000002   PAD
    0x080005f0   0x080005f0   0x0000002c   Code   RO         3857    i.Audio_GPIO_Init   audio_pwm.o
    0x0800061c   0x0800061c   0x0000002c   Code   RO         4017    i.Audio_Init        aduio_player.o
    0x08000648   0x08000648   0x00000014   Code   RO         4018    i.Audio_Play        aduio_player.o
    0x0800065c   0x0800065c   0x000000e0   Code   RO         4019    i.Audio_Play1       aduio_player.o
    0x0800073c   0x0800073c   0x0000000c   Code   RO         4020    i.Audio_Reseek      aduio_player.o
    0x08000748   0x08000748   0x00000048   Code   RO         4022    i.Audio_Start1      aduio_player.o
    0x08000790   0x08000790   0x00000010   Code   RO         4023    i.Audio_Stop        aduio_player.o
    0x080007a0   0x080007a0   0x00000094   Code   RO         4024    i.Audio_Stop1       aduio_player.o
    0x08000834   0x08000834   0x000000bc   Code   RO         3859    i.Audio_Timer_Init  audio_pwm.o
    0x080008f0   0x080008f0   0x0000000c   Code   RO         4025    i.Audio_get_flash   aduio_player.o
    0x080008fc   0x080008fc   0x0000000c   Code   RO         4026    i.Audio_get_offset  aduio_player.o
    0x08000908   0x08000908   0x00000014   Code   RO         4027    i.Audio_get_state   aduio_player.o
    0x0800091c   0x0800091c   0x0000000c   Code   RO         4028    i.Audio_restart     aduio_player.o
    0x08000928   0x08000928   0x00000004   Code   RO         4228    i.BusFault_Handler  stm32f10x_it.o
    0x0800092c   0x0800092c   0x00000058   Code   RO         3908    i.DMA1_Channel5_IRQHandler  mydma.o
    0x08000984   0x08000984   0x0000001c   Code   RO          839    i.DMA_ClearITPendingBit  stm32f10x_dma.o
    0x080009a0   0x080009a0   0x00000018   Code   RO          840    i.DMA_Cmd           stm32f10x_dma.o
    0x080009b8   0x080009b8   0x0000002c   Code   RO          844    i.DMA_GetITStatus   stm32f10x_dma.o
    0x080009e4   0x080009e4   0x00000012   Code   RO          845    i.DMA_ITConfig      stm32f10x_dma.o
    0x080009f6   0x080009f6   0x0000003c   Code   RO          846    i.DMA_Init          stm32f10x_dma.o
    0x08000a32   0x08000a32   0x00000002   Code   RO         4229    i.DebugMon_Handler  stm32f10x_it.o
    0x08000a34   0x08000a34   0x00000024   Code   RO         3970    i.EXTI3_IRQHandler  rotate.o
    0x08000a58   0x08000a58   0x00000024   Code   RO         3971    i.EXTI4_IRQHandler  rotate.o
    0x08000a7c   0x08000a7c   0x0000000c   Code   RO          914    i.EXTI_ClearITPendingBit  stm32f10x_exti.o
    0x08000a88   0x08000a88   0x00000028   Code   RO          918    i.EXTI_GetITStatus  stm32f10x_exti.o
    0x08000ab0   0x08000ab0   0x00000094   Code   RO          919    i.EXTI_Init         stm32f10x_exti.o
    0x08000b44   0x08000b44   0x00000010   Code   RO         3737    i.End_FAT           wav.o
    0x08000b54   0x08000b54   0x0000000c   Code   RO         3740    i.FAT32_SeekAll     wav.o
    0x08000b60   0x08000b60   0x00000040   Code   RO         1273    i.GPIO_EXTILineConfig  stm32f10x_gpio.o
    0x08000ba0   0x08000ba0   0x00000116   Code   RO         1276    i.GPIO_Init         stm32f10x_gpio.o
    0x08000cb6   0x08000cb6   0x00000002   PAD
    0x08000cb8   0x08000cb8   0x00000090   Code   RO         1278    i.GPIO_PinRemapConfig  stm32f10x_gpio.o
    0x08000d48   0x08000d48   0x00000012   Code   RO         1280    i.GPIO_ReadInputDataBit  stm32f10x_gpio.o
    0x08000d5a   0x08000d5a   0x0000000a   Code   RO         1287    i.GPIO_WriteBit     stm32f10x_gpio.o
    0x08000d64   0x08000d64   0x00000004   Code   RO         4230    i.HardFault_Handler  stm32f10x_it.o
    0x08000d68   0x08000d68   0x00000040   Code   RO         3741    i.Init_WAV          wav.o
    0x08000da8   0x08000da8   0x0000000c   Code   RO         3742    i.Init_WAV_Head     wav.o
    0x08000db4   0x08000db4   0x00000010   Code   RO         3939    i.Key_GetEvent      key.o
    0x08000dc4   0x08000dc4   0x00000034   Code   RO         3940    i.Key_Init          key.o
    0x08000df8   0x08000df8   0x00000090   Code   RO         3941    i.Key_Scanned       key.o
    0x08000e88   0x08000e88   0x00000004   Code   RO         4231    i.MemManage_Handler  stm32f10x_it.o
    0x08000e8c   0x08000e8c   0x0000007c   Code   RO         3909    i.MyDMA_Init        mydma.o
    0x08000f08   0x08000f08   0x00000030   Code   RO         3910    i.MyDMA_Init1       mydma.o
    0x08000f38   0x08000f38   0x00000014   Code   RO         3610    i.MySpi_W_cs        spi_hardware.o
    0x08000f4c   0x08000f4c   0x00000002   Code   RO         4232    i.NMI_Handler       stm32f10x_it.o
    0x08000f4e   0x08000f4e   0x00000002   PAD
    0x08000f50   0x08000f50   0x00000070   Code   RO            1    i.NVIC_Init         misc.o
    0x08000fc0   0x08000fc0   0x00000014   Code   RO            2    i.NVIC_PriorityGroupConfig  misc.o
    0x08000fd4   0x08000fd4   0x0000002a   Code   RO         3427    i.OLED_Clear        oled.o
    0x08000ffe   0x08000ffe   0x00000028   Code   RO         3428    i.OLED_ClearLine    oled.o
    0x08001026   0x08001026   0x0000002a   Code   RO         3429    i.OLED_ClearTextLine  oled.o
    0x08001050   0x08001050   0x00000050   Code   RO         3430    i.OLED_I2C_Init     oled.o
    0x080010a0   0x080010a0   0x0000005c   Code   RO         3431    i.OLED_I2C_SendByte  oled.o
    0x080010fc   0x080010fc   0x00000034   Code   RO         3432    i.OLED_I2C_Start    oled.o
    0x08001130   0x08001130   0x00000028   Code   RO         3433    i.OLED_I2C_Stop     oled.o
    0x08001158   0x08001158   0x000000ae   Code   RO         3434    i.OLED_Init         oled.o
    0x08001206   0x08001206   0x00000022   Code   RO         3436    i.OLED_SetCursor    oled.o
    0x08001228   0x08001228   0x00000074   Code   RO         3438    i.OLED_ShowChar     oled.o
    0x0800129c   0x0800129c   0x00000028   Code   RO         3442    i.OLED_ShowString   oled.o
    0x080012c4   0x080012c4   0x00000020   Code   RO         3443    i.OLED_WriteCommand  oled.o
    0x080012e4   0x080012e4   0x00000020   Code   RO         3444    i.OLED_WriteData    oled.o
    0x08001304   0x08001304   0x000000b8   Code   RO         4122    i.OLED_show_Soneplaying  scene_manager.o
    0x080013bc   0x080013bc   0x00000094   Code   RO         4123    i.OLED_show_Songlist  scene_manager.o
    0x08001450   0x08001450   0x00000002   Code   RO         4233    i.PendSV_Handler    stm32f10x_it.o
    0x08001452   0x08001452   0x00000002   PAD
    0x08001454   0x08001454   0x00000020   Code   RO         1703    i.RCC_AHBPeriphClockCmd  stm32f10x_rcc.o
    0x08001474   0x08001474   0x00000020   Code   RO         1704    i.RCC_APB1PeriphClockCmd  stm32f10x_rcc.o
    0x08001494   0x08001494   0x00000020   Code   RO         1706    i.RCC_APB2PeriphClockCmd  stm32f10x_rcc.o
    0x080014b4   0x080014b4   0x000000d4   Code   RO         1714    i.RCC_GetClocksFreq  stm32f10x_rcc.o
    0x08001588   0x08001588   0x0000000e   Code   RO         3651    i.Read_Little_Endian16  hw226.o
    0x08001596   0x08001596   0x0000001e   Code   RO         3652    i.Read_Little_Endian32  hw226.o
    0x080015b4   0x080015b4   0x000000d0   Code   RO         3972    i.Rotate_EXTI_Process  rotate.o
    0x08001684   0x08001684   0x000000c8   Code   RO         3973    i.Rotate_Init       rotate.o
    0x0800174c   0x0800174c   0x00000034   Code   RO         3974    i.Rotate_ReadAB     rotate.o
    0x08001780   0x08001780   0x00000098   Code   RO         3743    i.SD_Data_Init      wav.o
    0x08001818   0x08001818   0x0000008c   Code   RO         3653    i.SD_Init           hw226.o
    0x080018a4   0x080018a4   0x00000080   Code   RO         3655    i.SD_ReadBlock      hw226.o
    0x08001924   0x08001924   0x00000010   Code   RO         3656    i.SD_ReadSector     hw226.o
    0x08001934   0x08001934   0x00000064   Code   RO         3657    i.SD_SendCmd        hw226.o
    0x08001998   0x08001998   0x00000018   Code   RO         3658    i.SD_SendDummyClock  hw226.o
    0x080019b0   0x080019b0   0x00000018   Code   RO         2192    i.SPI_Cmd           stm32f10x_spi.o
    0x080019c8   0x080019c8   0x000000b0   Code   RO         3611    i.SPI_Hardware_Init  spi_hardware.o
    0x08001a78   0x08001a78   0x0000000a   Code   RO         3612    i.SPI_Hardware_Start  spi_hardware.o
    0x08001a82   0x08001a82   0x0000000a   Code   RO         3613    i.SPI_Hardware_Stop  spi_hardware.o
    0x08001a8c   0x08001a8c   0x00000038   Code   RO         3614    i.SPI_Hardware_swap  spi_hardware.o
    0x08001ac4   0x08001ac4   0x00000012   Code   RO         2200    i.SPI_I2S_GetFlagStatus  stm32f10x_spi.o
    0x08001ad6   0x08001ad6   0x00000006   Code   RO         2203    i.SPI_I2S_ReceiveData  stm32f10x_spi.o
    0x08001adc   0x08001adc   0x00000004   Code   RO         2204    i.SPI_I2S_SendData  stm32f10x_spi.o
    0x08001ae0   0x08001ae0   0x0000003c   Code   RO         2205    i.SPI_Init          stm32f10x_spi.o
    0x08001b1c   0x08001b1c   0x00000002   Code   RO         4234    i.SVC_Handler       stm32f10x_it.o
    0x08001b1e   0x08001b1e   0x00000002   PAD
    0x08001b20   0x08001b20   0x0000003c   Code   RO         4124    i.Scene_Manager_Flash  scene_manager.o
    0x08001b5c   0x08001b5c   0x00000028   Code   RO         4125    i.Scene_Manager_Handle  scene_manager.o
    0x08001b84   0x08001b84   0x0000002c   Code   RO         4126    i.Scene_Manager_Init  scene_manager.o
    0x08001bb0   0x08001bb0   0x000000ac   Code   RO         3547    i.Serial_Init       serial.o
    0x08001c5c   0x08001c5c   0x00000020   Code   RO         3549    i.Serial_SendByte   serial.o
    0x08001c7c   0x08001c7c   0x00000040   Code   RO         3550    i.Serial_SendHex    serial.o
    0x08001cbc   0x08001cbc   0x00000016   Code   RO         3552    i.Serial_SendString  serial.o
    0x08001cd2   0x08001cd2   0x00000008   Code   RO         3143    i.SetSysClock       system_stm32f10x.o
    0x08001cda   0x08001cda   0x00000002   PAD
    0x08001cdc   0x08001cdc   0x000000e0   Code   RO         3144    i.SetSysClockTo72   system_stm32f10x.o
    0x08001dbc   0x08001dbc   0x000000b0   Code   RO         3744    i.Start_FAT         wav.o
    0x08001e6c   0x08001e6c   0x00000010   Code   RO         4193    i.SysTick_Handler   main.o
    0x08001e7c   0x08001e7c   0x00000060   Code   RO         3146    i.SystemInit        system_stm32f10x.o
    0x08001edc   0x08001edc   0x00000018   Code   RO         2338    i.TIM_ARRPreloadConfig  stm32f10x_tim.o
    0x08001ef4   0x08001ef4   0x00000006   Code   RO         2344    i.TIM_ClearFlag     stm32f10x_tim.o
    0x08001efa   0x08001efa   0x00000018   Code   RO         2350    i.TIM_Cmd           stm32f10x_tim.o
    0x08001f12   0x08001f12   0x0000001e   Code   RO         2352    i.TIM_CtrlPWMOutputs  stm32f10x_tim.o
    0x08001f30   0x08001f30   0x00000012   Code   RO         2353    i.TIM_DMACmd        stm32f10x_tim.o
    0x08001f42   0x08001f42   0x0000000a   Code   RO         2354    i.TIM_DMAConfig     stm32f10x_tim.o
    0x08001f4c   0x08001f4c   0x00000004   Code   RO         2364    i.TIM_GenerateEvent  stm32f10x_tim.o
    0x08001f50   0x08001f50   0x0000000c   Code   RO         2377    i.TIM_InternalClockConfig  stm32f10x_tim.o
    0x08001f5c   0x08001f5c   0x00000098   Code   RO         2379    i.TIM_OC1Init       stm32f10x_tim.o
    0x08001ff4   0x08001ff4   0x00000012   Code   RO         2382    i.TIM_OC1PreloadConfig  stm32f10x_tim.o
    0x08002006   0x08002006   0x00000002   PAD
    0x08002008   0x08002008   0x000000a4   Code   RO         2384    i.TIM_OC2Init       stm32f10x_tim.o
    0x080020ac   0x080020ac   0x0000001a   Code   RO         2387    i.TIM_OC2PreloadConfig  stm32f10x_tim.o
    0x080020c6   0x080020c6   0x00000004   Code   RO         2415    i.TIM_SetCounter    stm32f10x_tim.o
    0x080020ca   0x080020ca   0x00000002   PAD
    0x080020cc   0x080020cc   0x000000a4   Code   RO         2421    i.TIM_TimeBaseInit  stm32f10x_tim.o
    0x08002170   0x08002170   0x000000d8   Code   RO         4127    i.UI_Menulist       scene_manager.o
    0x08002248   0x08002248   0x0000011c   Code   RO         4128    i.UI_Sonelist       scene_manager.o
    0x08002364   0x08002364   0x00000038   Code   RO         3555    i.USART2_IRQHandler  serial.o
    0x0800239c   0x0800239c   0x0000001e   Code   RO         2886    i.USART_ClearITPendingBit  stm32f10x_usart.o
    0x080023ba   0x080023ba   0x00000018   Code   RO         2889    i.USART_Cmd         stm32f10x_usart.o
    0x080023d2   0x080023d2   0x0000001a   Code   RO         2892    i.USART_GetFlagStatus  stm32f10x_usart.o
    0x080023ec   0x080023ec   0x00000054   Code   RO         2893    i.USART_GetITStatus  stm32f10x_usart.o
    0x08002440   0x08002440   0x0000004a   Code   RO         2895    i.USART_ITConfig    stm32f10x_usart.o
    0x0800248a   0x0800248a   0x00000002   PAD
    0x0800248c   0x0800248c   0x000000d8   Code   RO         2896    i.USART_Init        stm32f10x_usart.o
    0x08002564   0x08002564   0x0000000a   Code   RO         2903    i.USART_ReceiveData  stm32f10x_usart.o
    0x0800256e   0x0800256e   0x00000008   Code   RO         2906    i.USART_SendData    stm32f10x_usart.o
    0x08002576   0x08002576   0x00000004   Code   RO         4235    i.UsageFault_Handler  stm32f10x_it.o
    0x0800257a   0x0800257a   0x00000002   PAD
    0x0800257c   0x0800257c   0x00000164   Code   RO         3745    i.WAV_Sample        wav.o
    0x080026e0   0x080026e0   0x00000058   Code   RO         3746    i.Wav_BuildPath     wav.o
    0x08002738   0x08002738   0x0000012c   Code   RO         3747    i.Wav_FindFiles     wav.o
    0x08002864   0x08002864   0x00000046   Code   RO         3748    i.Wav_IsFileName    wav.o
    0x080028aa   0x080028aa   0x00000002   PAD
    0x080028ac   0x080028ac   0x00000204   Code   RO         3749    i.Wav_LoadHeaders   wav.o
    0x08002ab0   0x08002ab0   0x00000056   Code   RO         3750    i.Wav_StoreFileName  wav.o
    0x08002b06   0x08002b06   0x00000016   Code   RO         3751    i.Wav_ToUpper       wav.o
    0x08002b1c   0x08002b1c   0x000000e0   Code   RO         3249    i.check_fs          ff.o
    0x08002bfc   0x08002bfc   0x0000001a   Code   RO         3250    i.clst2sect         ff.o
    0x08002c16   0x08002c16   0x00000002   PAD
    0x08002c18   0x08002c18   0x0000010c   Code   RO         3251    i.create_name       ff.o
    0x08002d24   0x08002d24   0x00000034   Code   RO         3252    i.dbc_1st           ff.o
    0x08002d58   0x08002d58   0x00000048   Code   RO         3253    i.dbc_2nd           ff.o
    0x08002da0   0x08002da0   0x0000006c   Code   RO         3254    i.dir_find          ff.o
    0x08002e0c   0x08002e0c   0x0000009e   Code   RO         3255    i.dir_next          ff.o
    0x08002eaa   0x08002eaa   0x00000074   Code   RO         3256    i.dir_read          ff.o
    0x08002f1e   0x08002f1e   0x0000009a   Code   RO         3257    i.dir_sdi           ff.o
    0x08002fb8   0x08002fb8   0x00000028   Code   RO         3196    i.disk_initialize   diskio.o
    0x08002fe0   0x08002fe0   0x00000054   Code   RO         3198    i.disk_read         diskio.o
    0x08003034   0x08003034   0x00000014   Code   RO         3199    i.disk_status       diskio.o
    0x08003048   0x08003048   0x00000018   Code   RO         3258    i.f_close           ff.o
    0x08003060   0x08003060   0x00000018   Code   RO         3259    i.f_closedir        ff.o
    0x08003078   0x08003078   0x00000104   Code   RO         3260    i.f_lseek           ff.o
    0x0800317c   0x0800317c   0x00000060   Code   RO         3261    i.f_mount           ff.o
    0x080031dc   0x080031dc   0x00000082   Code   RO         3262    i.f_open            ff.o
    0x0800325e   0x0800325e   0x0000006c   Code   RO         3263    i.f_opendir         ff.o
    0x080032ca   0x080032ca   0x00000150   Code   RO         3264    i.f_read            ff.o
    0x0800341a   0x0800341a   0x0000005a   Code   RO         3265    i.f_readdir         ff.o
    0x08003474   0x08003474   0x00000078   Code   RO         3267    i.find_volume       ff.o
    0x080034ec   0x080034ec   0x0000009e   Code   RO         3268    i.follow_path       ff.o
    0x0800358a   0x0800358a   0x00000002   PAD
    0x0800358c   0x0800358c   0x00000030   Code   RO         3975    i.get_Rotate_count  rotate.o
    0x080035bc   0x080035bc   0x000000e0   Code   RO         3269    i.get_fat           ff.o
    0x0800369c   0x0800369c   0x00000092   Code   RO         3270    i.get_fileinfo      ff.o
    0x0800372e   0x0800372e   0x00000052   Code   RO         3271    i.get_ldnumber      ff.o
    0x08003780   0x08003780   0x0000000c   Code   RO         3272    i.ld_16             ff.o
    0x0800378c   0x0800378c   0x00000018   Code   RO         3273    i.ld_32             ff.o
    0x080037a4   0x080037a4   0x00000026   Code   RO         3274    i.ld_clust          ff.o
    0x080037ca   0x080037ca   0x00000002   PAD
    0x080037cc   0x080037cc   0x000000b4   Code   RO         4194    i.main              main.o
    0x08003880   0x08003880   0x00000210   Code   RO         3275    i.mount_volume      ff.o
    0x08003a90   0x08003a90   0x0000002a   Code   RO         3276    i.move_window       ff.o
    0x08003aba   0x08003aba   0x00000002   PAD
    0x08003abc   0x08003abc   0x00000044   Code   RO         4129    i.sonelist_Handle   scene_manager.o
    0x08003b00   0x08003b00   0x00000100   Code   RO         4130    i.soneplaying_Handle  scene_manager.o
    0x08003c00   0x08003c00   0x0000003c   Code   RO         3277    i.validate          ff.o
    0x08003c3c   0x08003c3c   0x0000000a   Data   RO         3278    .constdata          ff.o
    0x08003c46   0x08003c46   0x000005f0   Data   RO         3445    .constdata          oled.o
    0x08004236   0x08004236   0x00000002   PAD
    0x08004238   0x08004238   0x00000020   Data   RO         4501    Region$$Table       anon$$obj.o


    Execution Region RW_IRAM1 (Exec base: 0x20000000, Load base: 0x08004258, Size: 0x000040b0, Max: 0x00005000, ABSOLUTE)

    Exec Addr    Load Addr    Size         Type   Attr      Idx    E Section Name        Object

    0x20000000   0x08004258   0x00000014   Data   RW         1734    .data               stm32f10x_rcc.o
    0x20000014   0x0800426c   0x00000014   Data   RW         3147    .data               system_stm32f10x.o
    0x20000028   0x08004280   0x00000001   Data   RW         3201    .data               diskio.o
    0x20000029   0x08004281   0x00000003   PAD
    0x2000002c   0x08004284   0x00000006   Data   RW         3279    .data               ff.o
    0x20000032   0x0800428a   0x00000002   Data   RW         3556    .data               serial.o
    0x20000034   0x0800428c   0x00000008   Data   RW         3753    .data               wav.o
    0x2000003c   0x08004294   0x00000003   Data   RW         3912    .data               mydma.o
    0x2000003f   0x08004297   0x00000001   PAD
    0x20000040   0x08004298   0x00000009   Data   RW         3942    .data               key.o
    0x20000049   0x080042a1   0x00000003   Data   RW         3976    .data               rotate.o
    0x2000004c   0x080042a4   0x00000009   Data   RW         4030    .data               aduio_player.o
    0x20000055   0x080042ad   0x0000005c   Data   RW         4131    .data               scene_manager.o
    0x200000b1   0x08004309   0x00000003   PAD
    0x200000b4   0x0800430c   0x00000008   Data   RW         4195    .data               main.o
    0x200000bc        -       0x00001988   Zero   RW         3752    .bss                wav.o
    0x20001a44        -       0x00002000   Zero   RW         3911    .bss                mydma.o
    0x20003a44        -       0x0000000c   Zero   RW         4029    .bss                aduio_player.o
    0x20003a50        -       0x00000060   Zero   RW         4375    .bss                c_w.l(libspace.o)
    0x20003ab0        -       0x00000200   Zero   RW         3137    HEAP                startup_stm32f10x_md.o
    0x20003cb0        -       0x00000400   Zero   RW         3136    STACK               startup_stm32f10x_md.o


==============================================================================

Image component sizes


      Code (inc. data)   RO Data    RW Data    ZI Data      Debug   Object Name

       592        114          0          9         12       5704   aduio_player.o
       232         10          0          0          0       1029   audio_pwm.o
         0          0          0          0          0         32   core_cm3.o
       144         16          0          1          0       5064   diskio.o
      3680         60         10          6          0      34205   ff.o
       452          0          0          0          0       4396   hw226.o
       212         38          0          9          0       1892   key.o
       196         26          0          8          0      16745   main.o
       132         22          0          0          0     270927   misc.o
       260         40          0          3       8192       2134   mydma.o
       816         22       1520          0          0       6733   oled.o
       580         68          0          3          0       3526   rotate.o
      1300        174          0         92          0       5925   scene_manager.o
       346         24          0          2          0       2691   serial.o
       272         20          0          0          0       2362   spi_hardware.o
        64         26        236          0       1536        748   startup_stm32f10x_md.o
         0          0          0          0          0       1612   stm32f10x_adc.o
       174         18          0          0          0      13750   stm32f10x_dma.o
       200         18          0          0          0       3868   stm32f10x_exti.o
       514         10          0          0          0      12404   stm32f10x_gpio.o
        24          0          0          0          0       2964   stm32f10x_it.o
       308         38          0         20          0      13194   stm32f10x_rcc.o
       112          0          0          0          0      10174   stm32f10x_spi.o
       656         72          0          0          0      27835   stm32f10x_tim.o
       472          6          0          0          0      12027   stm32f10x_usart.o
       328         28          0         20          0       1885   system_stm32f10x.o
      1870        302          0          8       6536      11042   wav.o

    ----------------------------------------------------------------------
     13964       1152       1800        188      16276     474868   Object Totals
         0          0         32          0          0          0   (incl. Generated)
        28          0          2          7          0          0   (incl. Padding)

    ----------------------------------------------------------------------

      Code (inc. data)   RO Data    RW Data    ZI Data      Debug   Library Member Name

         8          0          0          0          0         68   __main.o
       104          0          0          0          0         84   __printf.o
         0          0          0          0          0          0   __rtentry.o
        12          0          0          0          0          0   __rtentry2.o
         6          0          0          0          0          0   __rtentry4.o
        52          8          0          0          0          0   __scatter.o
        26          0          0          0          0          0   __scatter_copy.o
        28          0          0          0          0          0   __scatter_zi.o
        44          0          0          0          0        108   _printf_char.o
        48          6          0          0          0         96   _printf_char_common.o
         0          0          0          0          0          0   _printf_percent.o
         4          0          0          0          0          0   _printf_percent_end.o
         6          0          0          0          0          0   _printf_s.o
        82          0          0          0          0         80   _printf_str.o
        10          0          0          0          0         68   _sputc.o
        16          0          0          0          0         68   aeabi_memset.o
        18          0          0          0          0         80   exit.o
         6          0          0          0          0        152   heapauxi.o
         0          0          0          0          0          0   indicate_semi.o
         2          0          0          0          0          0   libinit.o
         2          0          0          0          0          0   libinit2.o
         2          0          0          0          0          0   libshutdown.o
         2          0          0          0          0          0   libshutdown2.o
         8          4          0          0         96         68   libspace.o
        88          0          0          0          0         76   memcmp.o
        40          6          0          0          0         84   noretval__2sprintf.o
        68          0          0          0          0         68   rt_memclr.o
        78          0          0          0          0         80   rt_memclr_w.o
       138          0          0          0          0         68   rt_memcpy_v6.o
       100          0          0          0          0         80   rt_memcpy_w.o
         2          0          0          0          0          0   rtexit.o
        10          0          0          0          0          0   rtexit2.o
        24          0          0          0          0         68   strcat.o
        20          0          0          0          0         68   strchr.o
        72          0          0          0          0         80   strcpy.o
        12          4          0          0          0         68   sys_exit.o
        74          0          0          0          0         80   sys_stackheap_outer.o
         2          0          0          0          0         68   use_no_semi.o

    ----------------------------------------------------------------------
      1220         28          0          0         96       1760   Library Totals
         6          0          0          0          0          0   (incl. Padding)

    ----------------------------------------------------------------------

      Code (inc. data)   RO Data    RW Data    ZI Data      Debug   Library Name

      1214         28          0          0         96       1760   c_w.l

    ----------------------------------------------------------------------
      1220         28          0          0         96       1760   Library Totals

    ----------------------------------------------------------------------

==============================================================================


      Code (inc. data)   RO Data    RW Data    ZI Data      Debug   

     15184       1180       1800        188      16372     467264   Grand Totals
     15184       1180       1800        188      16372     467264   ELF Image Totals
     15184       1180       1800        188          0          0   ROM Totals

==============================================================================

    Total RO  Size (Code + RO Data)                16984 (  16.59kB)
    Total RW  Size (RW Data + ZI Data)             16560 (  16.17kB)
    Total ROM Size (Code + RO Data + RW Data)      17172 (  16.77kB)

==============================================================================

